Archive member included because of file (symbol)

c:/programdata/matlab/supportpackages/r2022b/aide/tools/arm-none-eabi-gcc/4.8.3-2014q1/bin/../lib/gcc/arm-none-eabi/4.8.3/../../../../arm-none-eabi/lib/armv6-m\libm.a(lib_a-s_atan.o)
                              rover_finalEx.o (atan)
c:/programdata/matlab/supportpackages/r2022b/aide/tools/arm-none-eabi-gcc/4.8.3-2014q1/bin/../lib/gcc/arm-none-eabi/4.8.3/../../../../arm-none-eabi/lib/armv6-m\libm.a(lib_a-s_ceil.o)
                              rover_finalEx.o (ceil)
c:/programdata/matlab/supportpackages/r2022b/aide/tools/arm-none-eabi-gcc/4.8.3-2014q1/bin/../lib/gcc/arm-none-eabi/4.8.3/../../../../arm-none-eabi/lib/armv6-m\libm.a(lib_a-s_fabs.o)
                              c:/programdata/matlab/supportpackages/r2022b/aide/tools/arm-none-eabi-gcc/4.8.3-2014q1/bin/../lib/gcc/arm-none-eabi/4.8.3/../../../../arm-none-eabi/lib/armv6-m\libm.a(lib_a-s_atan.o) (fabs)
c:/programdata/matlab/supportpackages/r2022b/aide/tools/arm-none-eabi-gcc/4.8.3-2014q1/bin/../lib/gcc/arm-none-eabi/4.8.3/../../../../arm-none-eabi/lib/armv6-m\libm.a(lib_a-s_floor.o)
                              rover_finalEx.o (floor)
c:/programdata/matlab/supportpackages/r2022b/aide/tools/arm-none-eabi-gcc/4.8.3-2014q1/bin/../lib/gcc/arm-none-eabi/4.8.3/../../../../arm-none-eabi/lib/armv6-m\libm.a(lib_a-w_sqrt.o)
                              rover_finalEx.o (sqrt)
c:/programdata/matlab/supportpackages/r2022b/aide/tools/arm-none-eabi-gcc/4.8.3-2014q1/bin/../lib/gcc/arm-none-eabi/4.8.3/../../../../arm-none-eabi/lib/armv6-m\libm.a(lib_a-e_sqrt.o)
                              c:/programdata/matlab/supportpackages/r2022b/aide/tools/arm-none-eabi-gcc/4.8.3-2014q1/bin/../lib/gcc/arm-none-eabi/4.8.3/../../../../arm-none-eabi/lib/armv6-m\libm.a(lib_a-w_sqrt.o) (__ieee754_sqrt)
c:/programdata/matlab/supportpackages/r2022b/aide/tools/arm-none-eabi-gcc/4.8.3-2014q1/bin/../lib/gcc/arm-none-eabi/4.8.3/../../../../arm-none-eabi/lib/armv6-m\libm.a(lib_a-s_fpclassify.o)
                              c:/programdata/matlab/supportpackages/r2022b/aide/tools/arm-none-eabi-gcc/4.8.3-2014q1/bin/../lib/gcc/arm-none-eabi/4.8.3/../../../../arm-none-eabi/lib/armv6-m\libm.a(lib_a-w_sqrt.o) (__fpclassifyd)
c:/programdata/matlab/supportpackages/r2022b/aide/tools/arm-none-eabi-gcc/4.8.3-2014q1/bin/../lib/gcc/arm-none-eabi/4.8.3/../../../../arm-none-eabi/lib/armv6-m\libm.a(lib_a-s_lib_ver.o)
                              c:/programdata/matlab/supportpackages/r2022b/aide/tools/arm-none-eabi-gcc/4.8.3-2014q1/bin/../lib/gcc/arm-none-eabi/4.8.3/../../../../arm-none-eabi/lib/armv6-m\libm.a(lib_a-w_sqrt.o) (__fdlib_version)
c:/programdata/matlab/supportpackages/r2022b/aide/tools/arm-none-eabi-gcc/4.8.3-2014q1/bin/../lib/gcc/arm-none-eabi/4.8.3/../../../../arm-none-eabi/lib/armv6-m\libm.a(lib_a-s_matherr.o)
                              c:/programdata/matlab/supportpackages/r2022b/aide/tools/arm-none-eabi-gcc/4.8.3-2014q1/bin/../lib/gcc/arm-none-eabi/4.8.3/../../../../arm-none-eabi/lib/armv6-m\libm.a(lib_a-w_sqrt.o) (matherr)
C:/Users/vikra/DOCUME~1/MATLAB/R2022b/ARDUIN~1/ARDUIN~1/FASTER~1\libipwifi.a(WiFi.o)
                              MW_ArduinoHWInit.o (WiFiClass::begin(char const*, char const*))
C:/Users/vikra/DOCUME~1/MATLAB/R2022b/ARDUIN~1/ARDUIN~1/FASTER~1\libipwifi.a(WiFiClient.o)
                              MW_WiFiTCP.o (WiFiClient::WiFiClient())
C:/Users/vikra/DOCUME~1/MATLAB/R2022b/ARDUIN~1/ARDUIN~1/FASTER~1\libipwifi.a(WiFiServer.o)
                              MW_WiFiTCP.o (WiFiServer::WiFiServer(unsigned short))
C:/Users/vikra/DOCUME~1/MATLAB/R2022b/ARDUIN~1/ARDUIN~1/FASTER~1\libipwifi.a(server_drv.o)
                              C:/Users/vikra/DOCUME~1/MATLAB/R2022b/ARDUIN~1/ARDUIN~1/FASTER~1\libipwifi.a(WiFiServer.o) (ServerDrv::startServer(unsigned short, unsigned char, unsigned char))
C:/Users/vikra/DOCUME~1/MATLAB/R2022b/ARDUIN~1/ARDUIN~1/FASTER~1\libipwifi.a(spi_drv.o)
                              C:/Users/vikra/DOCUME~1/MATLAB/R2022b/ARDUIN~1/ARDUIN~1/FASTER~1\libipwifi.a(server_drv.o) (SpiDrv::begin())
C:/Users/vikra/DOCUME~1/MATLAB/R2022b/ARDUIN~1/ARDUIN~1/FASTER~1\libipwifi.a(wifi_drv.o)
                              C:/Users/vikra/DOCUME~1/MATLAB/R2022b/ARDUIN~1/ARDUIN~1/FASTER~1\libipwifi.a(WiFiClient.o) (WiFiDrv::getRemoteData(unsigned char, unsigned char*, unsigned char*))
C:/Users/vikra/DOCUME~1/MATLAB/R2022b/ARDUIN~1/ARDUIN~1/FASTER~1\libipwifi.a(WiFiSocketBuffer.o)
                              C:/Users/vikra/DOCUME~1/MATLAB/R2022b/ARDUIN~1/ARDUIN~1/FASTER~1\libipwifi.a(WiFiClient.o) (WiFiSocketBufferClass::close(int))
C:/Users/vikra/DOCUME~1/MATLAB/R2022b/ARDUIN~1/ARDUIN~1/FASTER~1\libipwifi.a(variant.o)
                              C:/Users/vikra/DOCUME~1/MATLAB/R2022b/ARDUIN~1/ARDUIN~1/FASTER~1\libipwifi.a(spi_drv.o) (PINCOUNT_fn)
C:/Users/vikra/DOCUME~1/MATLAB/R2022b/ARDUIN~1/ARDUIN~1/FASTER~1\libcomm.a(SPI.o)
[...]
Memory Configuration

Name             Origin             Length             Attributes
FLASH            0x00002000         0x0003e000         xr
RAM              0x20000000         0x00008000         xrw
*default*        0x00000000         0xffffffff

Linker script and memory map

LOAD c:/programdata/matlab/supportpackages/r2022b/aide/tools/arm-none-eabi-gcc/4.8.3-2014q1/bin/../lib/gcc/arm-none-eabi/4.8.3/armv6-m/crti.o
LOAD c:/programdata/matlab/supportpackages/r2022b/aide/tools/arm-none-eabi-gcc/4.8.3-2014q1/bin/../lib/gcc/arm-none-eabi/4.8.3/armv6-m/crtbegin.o
LOAD c:/programdata/matlab/supportpackages/r2022b/aide/tools/arm-none-eabi-gcc/4.8.3-2014q1/bin/../lib/gcc/arm-none-eabi/4.8.3/../../../../arm-none-eabi/lib/armv6-m/crt0.o
START GROUP
LOAD C:/ProgramData/MATLAB/SupportPackages/R2022b/aIDE/portable/packages/arduino/tools/CMSIS/4.5.0/CMSIS/Lib/GCC\libarm_cortexM0l_math.a
LOAD MW_arduinoI2C.o
LOAD MW_WiFiTCP.o
LOAD rover_finalEx.o
LOAD rover_finalEx_data.o
LOAD MW_ArduinoHWInit.o
LOAD io_wrappers.o
LOAD arduinoARM_M0plusScheduler.o
LOAD m0m1m0plus_multitasking.o
LOAD ert_main.o
LOAD C:/Users/vikra/DOCUME~1/MATLAB/R2022b/ARDUIN~1/ARDUIN~1/FASTER~1/MW_RebuildSrc_WiFi.o
LOAD C:/Users/vikra/DOCUME~1/MATLAB/R2022b/ARDUIN~1/ARDUIN~1/FASTER~1/MW_RebuildSrc_Comm.o
LOAD C:/Users/vikra/DOCUME~1/MATLAB/R2022b/ARDUIN~1/ARDUIN~1/FASTER~1/MW_RebuildSrc_Core.o
END GROUP
LOAD c:/programdata/matlab/supportpackages/r2022b/aide/tools/arm-none-eabi-gcc/4.8.3-2014q1/bin/../lib/gcc/arm-none-eabi/4.8.3/../../../../arm-none-eabi/lib/armv6-m\libm.a
LOAD C:/Users/vikra/DOCUME~1/MATLAB/R2022b/ARDUIN~1/ARDUIN~1/FASTER~1\libipwifi.a
LOAD C:/Users/vikra/DOCUME~1/MATLAB/R2022b/ARDUIN~1/ARDUIN~1/FASTER~1\libcomm.a
LOAD C:/Users/vikra/DOCUME~1/MATLAB/R2022b/ARDUIN~1/ARDUIN~1/FASTER~1\libcore.a
START GROUP
LOAD c:/programdata/matlab/supportpackages/r2022b/aide/tools/arm-none-eabi-gcc/4.8.3-2014q1/bin/../lib/gcc/arm-none-eabi/4.8.3/armv6-m\libgcc.a
LOAD c:/programdata/matlab/supportpackages/r2022b/aide/tools/arm-none-eabi-gcc/4.8.3-2014q1/bin/../lib/gcc/arm-none-eabi/4.8.3/../../../../arm-none-eabi/lib/armv6-m\libg_s.a
LOAD c:/programdata/matlab/supportpackages/r2022b/aide/tools/arm-none-eabi-gcc/4.8.3-2014q1/bin/../lib/gcc/arm-none-eabi/4.8.3/../../../../arm-none-eabi/lib/armv6-m\libc_s.a
END GROUP
START GROUP
LOAD c:/programdata/matlab/supportpackages/r2022b/aide/tools/arm-none-eabi-gcc/4.8.3-2014q1/bin/../lib/gcc/arm-none-eabi/4.8.3/armv6-m\libgcc.a
LOAD c:/programdata/matlab/supportpackages/r2022b/aide/tools/arm-none-eabi-gcc/4.8.3-2014q1/bin/../lib/gcc/arm-none-eabi/4.8.3/../../../../arm-none-eabi/lib/armv6-m\libc_s.a
LOAD c:/programdata/matlab/supportpackages/r2022b/aide/tools/arm-none-eabi-gcc/4.8.3-2014q1/bin/../lib/gcc/arm-none-eabi/4.8.3/../../../../arm-none-eabi/lib/armv6-m\libnosys.a
END GROUP
START GROUP
LOAD c:/programdata/matlab/supportpackages/r2022b/aide/tools/arm-none-eabi-gcc/4.8.3-2014q1/bin/../lib/gcc/arm-none-eabi/4.8.3/armv6-m\libgcc.a
LOAD c:/programdata/matlab/supportpackages/r2022b/aide/tools/arm-none-eabi-gcc/4.8.3-2014q1/bin/../lib/gcc/arm-none-eabi/4.8.3/../../../../arm-none-eabi/lib/armv6-m\libc_s.a
LOAD c:/programdata/matlab/supportpackages/r2022b/aide/tools/arm-none-eabi-gcc/4.8.3-2014q1/bin/../lib/gcc/arm-none-eabi/4.8.3/../../../../arm-none-eabi/lib/armv6-m\libnosys.a
END GROUP
LOAD c:/programdata/matlab/supportpackages/r2022b/aide/tools/arm-none-eabi-gcc/4.8.3-2014q1/bin/../lib/gcc/arm-none-eabi/4.8.3/armv6-m/crtend.o
LOAD c:/programdata/matlab/supportpackages/r2022b/aide/tools/arm-none-eabi-gcc/4.8.3-2014q1/bin/../lib/gcc/arm-none-eabi/4.8.3/armv6-m/crtn.o

.text           0x00002000     0x9108
                0x00002000                __text_start__ = .
 *(.sketch_boot)
                0x00002000                . = ALIGN (0x2000)
 *(.isr_vector)
 .isr_vector    0x00002000       0xb4 C:/Users/vikra/DOCUME~1/MATLAB/R2022b/ARDUIN~1/ARDUIN~1/FASTER~1\libcore.a(cortex_handlers.o)
                0x00002000                exception_table
 *(.text*)
 .text          0x000020b4       0x60 c:/programdata/matlab/supportpackages/r2022b/aide/tools/arm-none-eabi-gcc/4.8.3-2014q1/bin/../lib/gcc/arm-none-eabi/4.8.3/armv6-m/crtbegin.o
 .text.MW_I2C_Open
                0x00002114       0x24 MW_arduinoI2C.o
                0x00002114                MW_I2C_Open
 .text.MW_I2C_SetBusSpeed
                0x00002138       0x20 MW_arduinoI2C.o
                0x00002138                MW_I2C_SetBusSpeed
 .text.MW_I2C_MasterWrite
                0x00002158       0x4a MW_arduinoI2C.o
                0x00002158                MW_I2C_MasterWrite
 .text.MW_I2C_Close
                0x000021a2        0x2 MW_arduinoI2C.o
                0x000021a2                MW_I2C_Close
 .text.MW_WifiTCPFinalWrite
                0x000021a4       0x70 MW_WiFiTCP.o
                0x000021a4                MW_WifiTCPFinalWrite
 .text.checkDataBlockingMode
                0x00002214       0xc8 MW_WiFiTCP.o
                0x00002214                checkDataBlockingMode
 .text.checkClientConnectionBlockingMode
                0x000022dc       0xf0 MW_WiFiTCP.o
                0x000022dc                checkClientConnectionBlockingMode
 .text.MW_WifiTCPFinalread
                0x000023cc      0x14c MW_WiFiTCP.o
                0x000023cc                MW_WifiTCPFinalread
 .text.startup._GLOBAL__sub_I_server
                0x00002518       0x90 MW_WiFiTCP.o
 .text.MW_WifiAndWifiTCPServerBegin
                0x000025a8       0x38 MW_WiFiTCP.o
                0x000025a8                MW_WifiAndWifiTCPServerBegin
 .text.rover_finalEx_calcDist
                0x000025e0       0x80 rover_finalEx.o
 .text.rover_finalEx_calcAngle
                0x00002660      0x1c8 rover_finalEx.o
 .text.look1_binlxpw
                0x00002828      0x132 rover_finalEx.o
                0x00002828                look1_binlxpw
 .text.mul_wide_s32
                0x0000295a       0x72 rover_finalEx.o
                0x0000295a                mul_wide_s32
 .text.mul_s32_sat
                0x000029cc       0x38 rover_finalEx.o
                0x000029cc                mul_s32_sat
 .text.mkrmotorcarrier_ServoMotor_Serv.isra.0.constprop.9
                0x00002a04       0x78 rover_finalEx.o
 .text.rover_finalEx_angCtrl
                0x00002a7c       0x54 rover_finalEx.o
                0x00002a7c                rover_finalEx_angCtrl
 .text.rover_finalEx_distCtrl
                0x00002ad0       0x54 rover_finalEx.o
                0x00002ad0                rover_finalEx_distCtrl
 *fill*         0x00002b24        0x4 
 .text.rt_roundd_snf
                0x00002b28       0x90 rover_finalEx.o
                0x00002b28                rt_roundd_snf
 .text.rover_finalEx_step
                0x00002bb8      0xc38 rover_finalEx.o
                0x00002bb8                rover_finalEx_step
 .text.rover_finalEx_initialize
                0x000037f0      0x338 rover_finalEx.o
                0x000037f0                rover_finalEx_initialize
 .text.rover_finalEx_terminate
                0x00003b28      0x100 rover_finalEx.o
                0x00003b28                rover_finalEx_terminate
 .text._ZN7TwoWire5writeEi
                0x00003c28        0xc MW_ArduinoHWInit.o
                0x00003c28                TwoWire::write(int)
 .text.MW_Arduino_Terminate
                0x00003c34        0x8 MW_ArduinoHWInit.o
                0x00003c34                MW_Arduino_Terminate
 .text._Z35MW_EnableNanoCarrierBatteryChargingv
                0x00003c3c       0xa8 MW_ArduinoHWInit.o
                0x00003c3c                MW_EnableNanoCarrierBatteryCharging()
 .text.MW_Arduino_Init
                0x00003ce4       0xc8 MW_ArduinoHWInit.o
                0x00003ce4                MW_Arduino_Init
 .text.startup._GLOBAL__sub_I_wifiLocalIpAddress
                0x00003dac       0x40 MW_ArduinoHWInit.o
 .text.MW_usbattach
                0x00003dec       0x1c io_wrappers.o
                0x00003dec                MW_usbattach
 .text.Serial_begin
                0x00003e08       0x48 io_wrappers.o
                0x00003e08                Serial_begin
 .text._ZL13Scheduler_Isrv
                0x00003e50        0xc arduinoARM_M0plusScheduler.o
 .text.resetExternalChip
                0x00003e5c        0x2 arduinoARM_M0plusScheduler.o
                0x00003e5c                resetExternalChip
 *fill*         0x00003e5e        0x2 
 .text.RTC_Handler
                0x00003e60       0x20 arduinoARM_M0plusScheduler.o
                0x00003e60                RTC_Handler
 .text.Setup_SchedulerRTC
                0x00003e80       0xac arduinoARM_M0plusScheduler.o
                0x00003e80                Setup_SchedulerRTC
 .text.configureArduinoARM_M0plusTimer
                0x00003f2c       0x14 arduinoARM_M0plusScheduler.o
                0x00003f2c                configureArduinoARM_M0plusTimer
 .text.disable_rt_OneStep
                0x00003f40       0x14 arduinoARM_M0plusScheduler.o
                0x00003f40                disable_rt_OneStep
 .text.MW_Arduino_Loop
                0x00003f54        0x4 arduinoARM_M0plusScheduler.o
                0x00003f54                MW_Arduino_Loop
 .text.arm_cortex_m_call_thread_with_context_switch
                0x00003f58       0x24 m0m1m0plus_multitasking.o
                0x00003f58                arm_cortex_m_call_thread_with_context_switch
 .text.SVC_Handler
                0x00003f7c       0x2c m0m1m0plus_multitasking.o
                0x00003f7c                SVC_Handler
 .text.rt_OneStep
                0x00003fa8       0x34 ert_main.o
                0x00003fa8                rt_OneStep
 .text.startup.main
                0x00003fdc       0x74 ert_main.o
                0x00003fdc                main
 .text.atan     0x00004050      0x350 c:/programdata/matlab/supportpackages/r2022b/aide/tools/arm-none-eabi-gcc/4.8.3-2014q1/bin/../lib/gcc/arm-none-eabi/4.8.3/../../../../arm-none-eabi/lib/armv6-m\libm.a(lib_a-s_atan.o)
                0x00004050                atan
 .text.ceil     0x000043a0      0x168 c:/programdata/matlab/supportpackages/r2022b/aide/tools/arm-none-eabi-gcc/4.8.3-2014q1/bin/../lib/gcc/arm-none-eabi/4.8.3/../../../../arm-none-eabi/lib/armv6-m\libm.a(lib_a-s_ceil.o)
                0x000043a0                ceil
 .text.fabs     0x00004508        0x8 c:/programdata/matlab/supportpackages/r2022b/aide/tools/arm-none-eabi-gcc/4.8.3-2014q1/bin/../lib/gcc/arm-none-eabi/4.8.3/../../../../arm-none-eabi/lib/armv6-m\libm.a(lib_a-s_fabs.o)
                0x00004508                fabs
 .text.floor    0x00004510      0x170 c:/programdata/matlab/supportpackages/r2022b/aide/tools/arm-none-eabi-gcc/4.8.3-2014q1/bin/../lib/gcc/arm-none-eabi/4.8.3/../../../../arm-none-eabi/lib/armv6-m\libm.a(lib_a-s_floor.o)
                0x00004510                floor
 .text.sqrt     0x00004680       0xc0 c:/programdata/matlab/supportpackages/r2022b/aide/tools/arm-none-eabi-gcc/4.8.3-2014q1/bin/../lib/gcc/arm-none-eabi/4.8.3/../../../../arm-none-eabi/lib/armv6-m\libm.a(lib_a-w_sqrt.o)
                0x00004680                sqrt
 .text.__ieee754_sqrt
                0x00004740      0x1cc c:/programdata/matlab/supportpackages/r2022b/aide/tools/arm-none-eabi-gcc/4.8.3-2014q1/bin/../lib/gcc/arm-none-eabi/4.8.3/../../../../arm-none-eabi/lib/armv6-m\libm.a(lib_a-e_sqrt.o)
                0x00004740                __ieee754_sqrt
 .text.__fpclassifyd
                0x0000490c       0x60 c:/programdata/matlab/supportpackages/r2022b/aide/tools/arm-none-eabi-gcc/4.8.3-2014q1/bin/../lib/gcc/arm-none-eabi/4.8.3/../../../../arm-none-eabi/lib/armv6-m\libm.a(lib_a-s_fpclassify.o)
                0x0000490c                __fpclassifyd
 .text.matherr  0x0000496c        0x4 c:/programdata/matlab/supportpackages/r2022b/aide/tools/arm-none-eabi-gcc/4.8.3-2014q1/bin/../lib/gcc/arm-none-eabi/4.8.3/../../../../arm-none-eabi/lib/armv6-m\libm.a(lib_a-s_matherr.o)
                0x0000496c                matherr
 .text._ZN9WiFiClass5beginEPKcS1_
                0x00004970       0x50 C:/Users/vikra/DOCUME~1/MATLAB/R2022b/ARDUIN~1/ARDUIN~1/FASTER~1\libipwifi.a(WiFi.o)
                0x00004970                WiFiClass::begin(char const*, char const*)
 .text._ZN9WiFiClass7localIPEv
                0x000049c0       0x12 C:/Users/vikra/DOCUME~1/MATLAB/R2022b/ARDUIN~1/ARDUIN~1/FASTER~1\libipwifi.a(WiFi.o)
                0x000049c0                WiFiClass::localIP()
 .text._ZN9WiFiClass10hostByNameEPKcR9IPAddress
                0x000049d2        0xc C:/Users/vikra/DOCUME~1/MATLAB/R2022b/ARDUIN~1/ARDUIN~1/FASTER~1\libipwifi.a(WiFi.o)
                0x000049d2                WiFiClass::hostByName(char const*, IPAddress&)
 *fill*         0x000049de        0x2 
 .text.startup._GLOBAL__sub_I__ZN9WiFiClassC2Ev
                0x000049e0       0x24 C:/Users/vikra/DOCUME~1/MATLAB/R2022b/ARDUIN~1/ARDUIN~1/FASTER~1\libipwifi.a(WiFi.o)
 .text._ZN5Print17availableForWriteEv
                0x00004a04        0x4 C:/Users/vikra/DOCUME~1/MATLAB/R2022b/ARDUIN~1/ARDUIN~1/FASTER~1\libipwifi.a(WiFiClient.o)
                0x00004a04                Print::availableForWrite()
 .text._ZN5Print5flushEv
                0x00004a08        0x2 C:/Users/vikra/DOCUME~1/MATLAB/R2022b/ARDUIN~1/ARDUIN~1/FASTER~1\libipwifi.a(WiFiClient.o)
                0x00004a08                Print::flush()
 .text._ZN10WiFiClient5writeEh
                0x00004a0a       0x14 C:/Users/vikra/DOCUME~1/MATLAB/R2022b/ARDUIN~1/ARDUIN~1/FASTER~1\libipwifi.a(WiFiClient.o)
                0x00004a0a                WiFiClient::write(unsigned char)
 .text._ZN10WiFiClient8setRetryEb
                0x00004a1e        0x4 C:/Users/vikra/DOCUME~1/MATLAB/R2022b/ARDUIN~1/ARDUIN~1/FASTER~1\libipwifi.a(WiFiClient.o)
                0x00004a1e                WiFiClient::setRetry(bool)
 .text._ZN10WiFiClient5flushEv
                0x00004a22        0x2 C:/Users/vikra/DOCUME~1/MATLAB/R2022b/ARDUIN~1/ARDUIN~1/FASTER~1\libipwifi.a(WiFiClient.o)
                0x00004a22                WiFiClient::flush()
 .text._ZN10WiFiClientcvbEv
                0x00004a24        0xc C:/Users/vikra/DOCUME~1/MATLAB/R2022b/ARDUIN~1/ARDUIN~1/FASTER~1\libipwifi.a(WiFiClient.o)
                0x00004a24                WiFiClient::operator bool()
 .text._ZN10WiFiClient7connectEPKct
                0x00004a30       0x3c C:/Users/vikra/DOCUME~1/MATLAB/R2022b/ARDUIN~1/ARDUIN~1/FASTER~1\libipwifi.a(WiFiClient.o)
                0x00004a30                WiFiClient::connect(char const*, unsigned short)
 .text._ZN10WiFiClient7connectE9IPAddresst
                0x00004a6c       0x7c C:/Users/vikra/DOCUME~1/MATLAB/R2022b/ARDUIN~1/ARDUIN~1/FASTER~1\libipwifi.a(WiFiClient.o)
                0x00004a6c                WiFiClient::connect(IPAddress, unsigned short)
 .text._ZN10WiFiClient10connectSSLE9IPAddresst
                0x00004ae8       0x7c C:/Users/vikra/DOCUME~1/MATLAB/R2022b/ARDUIN~1/ARDUIN~1/FASTER~1\libipwifi.a(WiFiClient.o)
                0x00004ae8                WiFiClient::connectSSL(IPAddress, unsigned short)
 .text._ZN10WiFiClient14connectBearSSLE9IPAddresst
                0x00004b64       0x7c C:/Users/vikra/DOCUME~1/MATLAB/R2022b/ARDUIN~1/ARDUIN~1/FASTER~1\libipwifi.a(WiFiClient.o)
                0x00004b64                WiFiClient::connectBearSSL(IPAddress, unsigned short)
 .text._ZN10WiFiClient10connectSSLEPKct
                0x00004be0       0x88 C:/Users/vikra/DOCUME~1/MATLAB/R2022b/ARDUIN~1/ARDUIN~1/FASTER~1\libipwifi.a(WiFiClient.o)
                0x00004be0                WiFiClient::connectSSL(char const*, unsigned short)
 .text._ZN10WiFiClient14connectBearSSLEPKct
                0x00004c68       0x88 C:/Users/vikra/DOCUME~1/MATLAB/R2022b/ARDUIN~1/ARDUIN~1/FASTER~1\libipwifi.a(WiFiClient.o)
                0x00004c68                WiFiClient::connectBearSSL(char const*, unsigned short)
 .text._ZN10WiFiClient5writeEPKhj
                0x00004cf0       0x56 C:/Users/vikra/DOCUME~1/MATLAB/R2022b/ARDUIN~1/ARDUIN~1/FASTER~1\libipwifi.a(WiFiClient.o)
                0x00004cf0                WiFiClient::write(unsigned char const*, unsigned int)
 *fill*         0x00004d46        0x2 
 .text._ZN10WiFiClient9availableEv
                0x00004d48       0x18 C:/Users/vikra/DOCUME~1/MATLAB/R2022b/ARDUIN~1/ARDUIN~1/FASTER~1\libipwifi.a(WiFiClient.o)
                0x00004d48                WiFiClient::available()
 .text._ZN10WiFiClient4readEv
                0x00004d60       0x2c C:/Users/vikra/DOCUME~1/MATLAB/R2022b/ARDUIN~1/ARDUIN~1/FASTER~1\libipwifi.a(WiFiClient.o)
                0x00004d60                WiFiClient::read()
 .text._ZN10WiFiClient4readEPhj
                0x00004d8c       0x18 C:/Users/vikra/DOCUME~1/MATLAB/R2022b/ARDUIN~1/ARDUIN~1/FASTER~1\libipwifi.a(WiFiClient.o)
                0x00004d8c                WiFiClient::read(unsigned char*, unsigned int)
 .text._ZN10WiFiClient4peekEv
                0x00004da4       0x10 C:/Users/vikra/DOCUME~1/MATLAB/R2022b/ARDUIN~1/ARDUIN~1/FASTER~1\libipwifi.a(WiFiClient.o)
                0x00004da4                WiFiClient::peek()
 .text._ZN10WiFiClient10remotePortEv
                0x00004db4       0x20 C:/Users/vikra/DOCUME~1/MATLAB/R2022b/ARDUIN~1/ARDUIN~1/FASTER~1\libipwifi.a(WiFiClient.o)
                0x00004db4                WiFiClient::remotePort()
 .text._ZN10WiFiClient8remoteIPEv
                0x00004dd4       0x20 C:/Users/vikra/DOCUME~1/MATLAB/R2022b/ARDUIN~1/ARDUIN~1/FASTER~1\libipwifi.a(WiFiClient.o)
                0x00004dd4                WiFiClient::remoteIP()
 .text._ZN10WiFiClient5retryEPKhjb
                0x00004df4       0x26 C:/Users/vikra/DOCUME~1/MATLAB/R2022b/ARDUIN~1/ARDUIN~1/FASTER~1\libipwifi.a(WiFiClient.o)
                0x00004df4                WiFiClient::retry(unsigned char const*, unsigned int, bool)
 *fill*         0x00004e1a        0x2 
 .text._ZN10WiFiClientC2Ev
                0x00004e1c       0x20 C:/Users/vikra/DOCUME~1/MATLAB/R2022b/ARDUIN~1/ARDUIN~1/FASTER~1\libipwifi.a(WiFiClient.o)
                0x00004e1c                WiFiClient::WiFiClient()
                0x00004e1c                WiFiClient::WiFiClient()
 .text._ZN10WiFiClientC2Eh
                0x00004e3c       0x1c C:/Users/vikra/DOCUME~1/MATLAB/R2022b/ARDUIN~1/ARDUIN~1/FASTER~1\libipwifi.a(WiFiClient.o)
                0x00004e3c                WiFiClient::WiFiClient(unsigned char)
                0x00004e3c                WiFiClient::WiFiClient(unsigned char)
 .text._ZN10WiFiClient6statusEv
                0x00004e58       0x12 C:/Users/vikra/DOCUME~1/MATLAB/R2022b/ARDUIN~1/ARDUIN~1/FASTER~1\libipwifi.a(WiFiClient.o)
                0x00004e58                WiFiClient::status()
 *fill*         0x00004e6a        0x2 
 .text._ZN10WiFiClient4stopEv
                0x00004e6c       0x3c C:/Users/vikra/DOCUME~1/MATLAB/R2022b/ARDUIN~1/ARDUIN~1/FASTER~1\libipwifi.a(WiFiClient.o)
                0x00004e6c                WiFiClient::stop()
 .text._ZN10WiFiClient9connectedEv
                0x00004ea8       0x50 C:/Users/vikra/DOCUME~1/MATLAB/R2022b/ARDUIN~1/ARDUIN~1/FASTER~1\libipwifi.a(WiFiClient.o)
                0x00004ea8                WiFiClient::connected()
 .text.startup._GLOBAL__sub_I__ZN10WiFiClient8_srcportE
                0x00004ef8       0x18 C:/Users/vikra/DOCUME~1/MATLAB/R2022b/ARDUIN~1/ARDUIN~1/FASTER~1\libipwifi.a(WiFiClient.o)
 .text._ZN10WiFiServer5writeEh
                0x00004f10       0x14 C:/Users/vikra/DOCUME~1/MATLAB/R2022b/ARDUIN~1/ARDUIN~1/FASTER~1\libipwifi.a(WiFiServer.o)
                0x00004f10                WiFiServer::write(unsigned char)
 .text._ZN10WiFiServer5beginEv
                0x00004f24       0x1a C:/Users/vikra/DOCUME~1/MATLAB/R2022b/ARDUIN~1/ARDUIN~1/FASTER~1\libipwifi.a(WiFiServer.o)
                0x00004f24                WiFiServer::begin()
 .text._ZN10WiFiServer5writeEPKhj
                0x00004f3e       0x38 C:/Users/vikra/DOCUME~1/MATLAB/R2022b/ARDUIN~1/ARDUIN~1/FASTER~1\libipwifi.a(WiFiServer.o)
                0x00004f3e                WiFiServer::write(unsigned char const*, unsigned int)
 *fill*         0x00004f76        0x2 
 .text._ZN10WiFiServerC2Et
                0x00004f78       0x18 C:/Users/vikra/DOCUME~1/MATLAB/R2022b/ARDUIN~1/ARDUIN~1/FASTER~1\libipwifi.a(WiFiServer.o)
                0x00004f78                WiFiServer::WiFiServer(unsigned short)
                0x00004f78                WiFiServer::WiFiServer(unsigned short)
 .text._ZN10WiFiServer9availableEPh
                0x00004f90       0x8c C:/Users/vikra/DOCUME~1/MATLAB/R2022b/ARDUIN~1/ARDUIN~1/FASTER~1\libipwifi.a(WiFiServer.o)
                0x00004f90                WiFiServer::available(unsigned char*)
 .text.startup._GLOBAL__sub_I__ZN10WiFiServerC2Et
                0x0000501c       0x18 C:/Users/vikra/DOCUME~1/MATLAB/R2022b/ARDUIN~1/ARDUIN~1/FASTER~1\libipwifi.a(WiFiServer.o)
 .text._ZN9ServerDrv11startServerEthh
                0x00005034       0x7c C:/Users/vikra/DOCUME~1/MATLAB/R2022b/ARDUIN~1/ARDUIN~1/FASTER~1\libipwifi.a(server_drv.o)
                0x00005034                ServerDrv::startServer(unsigned short, unsigned char, unsigned char)
 .text._ZN9ServerDrv11startClientEmthh
                0x000050b0       0x84 C:/Users/vikra/DOCUME~1/MATLAB/R2022b/ARDUIN~1/ARDUIN~1/FASTER~1\libipwifi.a(server_drv.o)
                0x000050b0                ServerDrv::startClient(unsigned long, unsigned short, unsigned char, unsigned char)
 .text._ZN9ServerDrv11startClientEPKchmthh
                0x00005134       0xa0 C:/Users/vikra/DOCUME~1/MATLAB/R2022b/ARDUIN~1/ARDUIN~1/FASTER~1\libipwifi.a(server_drv.o)
                0x00005134                ServerDrv::startClient(char const*, unsigned char, unsigned long, unsigned short, unsigned char, unsigned char)
 .text._ZN9ServerDrv10stopClientEh
                0x000051d4       0x68 C:/Users/vikra/DOCUME~1/MATLAB/R2022b/ARDUIN~1/ARDUIN~1/FASTER~1\libipwifi.a(server_drv.o)
                0x000051d4                ServerDrv::stopClient(unsigned char)
 .text._ZN9ServerDrv14getClientStateEh
                0x0000523c       0x6c C:/Users/vikra/DOCUME~1/MATLAB/R2022b/ARDUIN~1/ARDUIN~1/FASTER~1\libipwifi.a(server_drv.o)
                0x0000523c                ServerDrv::getClientState(unsigned char)
 .text._ZN9ServerDrv11availServerEh
                0x000052a8       0x78 C:/Users/vikra/DOCUME~1/MATLAB/R2022b/ARDUIN~1/ARDUIN~1/FASTER~1\libipwifi.a(server_drv.o)
                0x000052a8                ServerDrv::availServer(unsigned char)
 .text._ZN9ServerDrv10getDataBufEhPhPt
                0x00005320       0x78 C:/Users/vikra/DOCUME~1/MATLAB/R2022b/ARDUIN~1/ARDUIN~1/FASTER~1\libipwifi.a(server_drv.o)
                0x00005320                ServerDrv::getDataBuf(unsigned char, unsigned char*, unsigned short*)
 .text._ZN9ServerDrv8sendDataEhPKht
                0x00005398       0x80 C:/Users/vikra/DOCUME~1/MATLAB/R2022b/ARDUIN~1/ARDUIN~1/FASTER~1\libipwifi.a(server_drv.o)
                0x00005398                ServerDrv::sendData(unsigned char, unsigned char const*, unsigned short)
 .text._ZN9ServerDrv13checkDataSentEh
                0x00005418       0x98 C:/Users/vikra/DOCUME~1/MATLAB/R2022b/ARDUIN~1/ARDUIN~1/FASTER~1\libipwifi.a(server_drv.o)
                0x00005418                ServerDrv::checkDataSent(unsigned char)
 .text._ZN9ServerDrv9getSocketEv
                0x000054b0       0x54 C:/Users/vikra/DOCUME~1/MATLAB/R2022b/ARDUIN~1/ARDUIN~1/FASTER~1\libipwifi.a(server_drv.o)
                0x000054b0                ServerDrv::getSocket()
 .text._Z23wifi_nina_feed_watchdogv
                0x00005504        0x2 C:/Users/vikra/DOCUME~1/MATLAB/R2022b/ARDUIN~1/ARDUIN~1/FASTER~1\libipwifi.a(spi_drv.o)
                0x00005504                wifi_nina_feed_watchdog()
 *fill*         0x00005506        0x2 
 .text._ZN6SpiDrv5beginEv
                0x00005508       0xb0 C:/Users/vikra/DOCUME~1/MATLAB/R2022b/ARDUIN~1/ARDUIN~1/FASTER~1\libipwifi.a(spi_drv.o)
                0x00005508                SpiDrv::begin()
 .text._ZN6SpiDrv14spiSlaveSelectEv
                0x000055b8       0x4c C:/Users/vikra/DOCUME~1/MATLAB/R2022b/ARDUIN~1/ARDUIN~1/FASTER~1\libipwifi.a(spi_drv.o)
                0x000055b8                SpiDrv::spiSlaveSelect()
 .text._ZN6SpiDrv16spiSlaveDeselectEv
                0x00005604       0x1c C:/Users/vikra/DOCUME~1/MATLAB/R2022b/ARDUIN~1/ARDUIN~1/FASTER~1\libipwifi.a(spi_drv.o)
                0x00005604                SpiDrv::spiSlaveDeselect()
 .text._ZN6SpiDrv11spiTransferEc
                0x00005620       0x18 C:/Users/vikra/DOCUME~1/MATLAB/R2022b/ARDUIN~1/ARDUIN~1/FASTER~1\libipwifi.a(spi_drv.o)
                0x00005620                SpiDrv::spiTransfer(char)
 .text._ZN6SpiDrv17waitForSlaveReadyEb
                0x00005638       0x38 C:/Users/vikra/DOCUME~1/MATLAB/R2022b/ARDUIN~1/ARDUIN~1/FASTER~1\libipwifi.a(spi_drv.o)
                0x00005638                SpiDrv::waitForSlaveReady(bool)
 .text._ZN6SpiDrv8getParamEPh
                0x00005670        0xe C:/Users/vikra/DOCUME~1/MATLAB/R2022b/ARDUIN~1/ARDUIN~1/FASTER~1\libipwifi.a(spi_drv.o)
                0x00005670                SpiDrv::getParam(unsigned char*)
 .text._ZN6SpiDrv16readAndCheckCharEcPc
                0x0000567e       0x16 C:/Users/vikra/DOCUME~1/MATLAB/R2022b/ARDUIN~1/ARDUIN~1/FASTER~1\libipwifi.a(spi_drv.o)
                0x0000567e                SpiDrv::readAndCheckChar(char, char*)
 .text._ZN6SpiDrv8readCharEv
                0x00005694       0x14 C:/Users/vikra/DOCUME~1/MATLAB/R2022b/ARDUIN~1/ARDUIN~1/FASTER~1\libipwifi.a(spi_drv.o)
                0x00005694                SpiDrv::readChar()
 .text._ZN6SpiDrv11waitSpiCharEh
                0x000056a8       0x2c C:/Users/vikra/DOCUME~1/MATLAB/R2022b/ARDUIN~1/ARDUIN~1/FASTER~1\libipwifi.a(spi_drv.o)
                0x000056a8                SpiDrv::waitSpiChar(unsigned char)
 .text._ZN6SpiDrv18waitResponseParamsEhhP6tParam
                0x000056d4       0x94 C:/Users/vikra/DOCUME~1/MATLAB/R2022b/ARDUIN~1/ARDUIN~1/FASTER~1\libipwifi.a(spi_drv.o)
                0x000056d4                SpiDrv::waitResponseParams(unsigned char, unsigned char, tParam*)
 .text._ZN6SpiDrv9sendParamEPhhh
                0x00005768       0x2c C:/Users/vikra/DOCUME~1/MATLAB/R2022b/ARDUIN~1/ARDUIN~1/FASTER~1\libipwifi.a(spi_drv.o)
                0x00005768                SpiDrv::sendParam(unsigned char*, unsigned char, unsigned char)
 .text._ZN6SpiDrv14sendParamLen16Et
                0x00005794       0x12 C:/Users/vikra/DOCUME~1/MATLAB/R2022b/ARDUIN~1/ARDUIN~1/FASTER~1\libipwifi.a(spi_drv.o)
                0x00005794                SpiDrv::sendParamLen16(unsigned short)
 .text._ZN6SpiDrv13readParamLen8EPh
                0x000057a6       0x12 C:/Users/vikra/DOCUME~1/MATLAB/R2022b/ARDUIN~1/ARDUIN~1/FASTER~1\libipwifi.a(spi_drv.o)
                0x000057a6                SpiDrv::readParamLen8(unsigned char*)
 .text._ZN6SpiDrv15waitResponseCmdEhhPhS0_
                0x000057b8       0x68 C:/Users/vikra/DOCUME~1/MATLAB/R2022b/ARDUIN~1/ARDUIN~1/FASTER~1\libipwifi.a(spi_drv.o)
                0x000057b8                SpiDrv::waitResponseCmd(unsigned char, unsigned char, unsigned char*, unsigned char*)
 .text._ZN6SpiDrv17waitResponseData8EhPhS0_
                0x00005820       0x60 C:/Users/vikra/DOCUME~1/MATLAB/R2022b/ARDUIN~1/ARDUIN~1/FASTER~1\libipwifi.a(spi_drv.o)
                0x00005820                SpiDrv::waitResponseData8(unsigned char, unsigned char*, unsigned char*)
 .text._ZN6SpiDrv14readParamLen16EPt
                0x00005880       0x20 C:/Users/vikra/DOCUME~1/MATLAB/R2022b/ARDUIN~1/ARDUIN~1/FASTER~1\libipwifi.a(spi_drv.o)
                0x00005880                SpiDrv::readParamLen16(unsigned short*)
 .text._ZN6SpiDrv18waitResponseData16EhPhPt
                0x000058a0       0x66 C:/Users/vikra/DOCUME~1/MATLAB/R2022b/ARDUIN~1/ARDUIN~1/FASTER~1\libipwifi.a(spi_drv.o)
                0x000058a0                SpiDrv::waitResponseData16(unsigned char, unsigned char*, unsigned short*)
 .text._ZN6SpiDrv10sendBufferEPhth
                0x00005906       0x2e C:/Users/vikra/DOCUME~1/MATLAB/R2022b/ARDUIN~1/ARDUIN~1/FASTER~1\libipwifi.a(spi_drv.o)
                0x00005906                SpiDrv::sendBuffer(unsigned char*, unsigned short, unsigned char)
 .text._ZN6SpiDrv9sendParamEth
                0x00005934       0x24 C:/Users/vikra/DOCUME~1/MATLAB/R2022b/ARDUIN~1/ARDUIN~1/FASTER~1\libipwifi.a(spi_drv.o)
                0x00005934                SpiDrv::sendParam(unsigned short, unsigned char)
 .text._ZN6SpiDrv7sendCmdEhh
                0x00005958       0x26 C:/Users/vikra/DOCUME~1/MATLAB/R2022b/ARDUIN~1/ARDUIN~1/FASTER~1\libipwifi.a(spi_drv.o)
                0x00005958                SpiDrv::sendCmd(unsigned char, unsigned char)
 .text._ZN6SpiDrv9availableEv
                0x0000597e        0xe C:/Users/vikra/DOCUME~1/MATLAB/R2022b/ARDUIN~1/ARDUIN~1/FASTER~1\libipwifi.a(spi_drv.o)
                0x0000597e                SpiDrv::available()
 .text.startup._GLOBAL__sub_I__ZN6SpiDrv11initializedE
                0x0000598c       0x18 C:/Users/vikra/DOCUME~1/MATLAB/R2022b/ARDUIN~1/ARDUIN~1/FASTER~1\libipwifi.a(spi_drv.o)
 .text._ZN7WiFiDrv14getNetworkDataEPhS0_S0_
                0x000059a4       0x8c C:/Users/vikra/DOCUME~1/MATLAB/R2022b/ARDUIN~1/ARDUIN~1/FASTER~1\libipwifi.a(wifi_drv.o)
                0x000059a4                WiFiDrv::getNetworkData(unsigned char*, unsigned char*, unsigned char*)
 .text._ZN7WiFiDrv13getRemoteDataEhPhS0_
                0x00005a30       0x7c C:/Users/vikra/DOCUME~1/MATLAB/R2022b/ARDUIN~1/ARDUIN~1/FASTER~1\libipwifi.a(wifi_drv.o)
                0x00005a30                WiFiDrv::getRemoteData(unsigned char, unsigned char*, unsigned char*)
 .text._ZN7WiFiDrv17wifiSetPassphraseEPKchS1_h
                0x00005aac       0x88 C:/Users/vikra/DOCUME~1/MATLAB/R2022b/ARDUIN~1/ARDUIN~1/FASTER~1\libipwifi.a(wifi_drv.o)
                0x00005aac                WiFiDrv::wifiSetPassphrase(char const*, unsigned char, char const*, unsigned char)
 .text._ZN7WiFiDrv19getConnectionStatusEv
                0x00005b34       0x54 C:/Users/vikra/DOCUME~1/MATLAB/R2022b/ARDUIN~1/ARDUIN~1/FASTER~1\libipwifi.a(wifi_drv.o)
                0x00005b34                WiFiDrv::getConnectionStatus()
 .text._ZN7WiFiDrv12getIpAddressER9IPAddress
                0x00005b88       0x28 C:/Users/vikra/DOCUME~1/MATLAB/R2022b/ARDUIN~1/ARDUIN~1/FASTER~1\libipwifi.a(wifi_drv.o)
                0x00005b88                WiFiDrv::getIpAddress(IPAddress&)
 .text._ZN7WiFiDrv13reqHostByNameEPKc
                0x00005bb0       0x88 C:/Users/vikra/DOCUME~1/MATLAB/R2022b/ARDUIN~1/ARDUIN~1/FASTER~1\libipwifi.a(wifi_drv.o)
                0x00005bb0                WiFiDrv::reqHostByName(char const*)
 .text._ZN7WiFiDrv13getHostByNameER9IPAddress
                0x00005c38       0x78 C:/Users/vikra/DOCUME~1/MATLAB/R2022b/ARDUIN~1/ARDUIN~1/FASTER~1\libipwifi.a(wifi_drv.o)
                0x00005c38                WiFiDrv::getHostByName(IPAddress&)
 .text._ZN7WiFiDrv13getHostByNameEPKcR9IPAddress
                0x00005cb0       0x1a C:/Users/vikra/DOCUME~1/MATLAB/R2022b/ARDUIN~1/ARDUIN~1/FASTER~1\libipwifi.a(wifi_drv.o)
                0x00005cb0                WiFiDrv::getHostByName(char const*, IPAddress&)
 *fill*         0x00005cca        0x2 
 .text.startup._GLOBAL__sub_I__ZN7WiFiDrv12_networkSsidE
                0x00005ccc       0x18 C:/Users/vikra/DOCUME~1/MATLAB/R2022b/ARDUIN~1/ARDUIN~1/FASTER~1\libipwifi.a(wifi_drv.o)
 .text._ZN21WiFiSocketBufferClassC2Ev
                0x00005ce4       0x10 C:/Users/vikra/DOCUME~1/MATLAB/R2022b/ARDUIN~1/ARDUIN~1/FASTER~1\libipwifi.a(WiFiSocketBuffer.o)
                0x00005ce4                WiFiSocketBufferClass::WiFiSocketBufferClass()
                0x00005ce4                WiFiSocketBufferClass::WiFiSocketBufferClass()
 .text._ZN21WiFiSocketBufferClass5closeEi
                0x00005cf4       0x1c C:/Users/vikra/DOCUME~1/MATLAB/R2022b/ARDUIN~1/ARDUIN~1/FASTER~1\libipwifi.a(WiFiSocketBuffer.o)
                0x00005cf4                WiFiSocketBufferClass::close(int)
 .text._ZN21WiFiSocketBufferClassD2Ev
                0x00005d10       0x18 C:/Users/vikra/DOCUME~1/MATLAB/R2022b/ARDUIN~1/ARDUIN~1/FASTER~1\libipwifi.a(WiFiSocketBuffer.o)
                0x00005d10                WiFiSocketBufferClass::~WiFiSocketBufferClass()
                0x00005d10                WiFiSocketBufferClass::~WiFiSocketBufferClass()
 .text._ZN21WiFiSocketBufferClass9availableEi
                0x00005d28       0x58 C:/Users/vikra/DOCUME~1/MATLAB/R2022b/ARDUIN~1/ARDUIN~1/FASTER~1\libipwifi.a(WiFiSocketBuffer.o)
                0x00005d28                WiFiSocketBufferClass::available(int)
 .text._ZN21WiFiSocketBufferClass4peekEi
                0x00005d80       0x20 C:/Users/vikra/DOCUME~1/MATLAB/R2022b/ARDUIN~1/ARDUIN~1/FASTER~1\libipwifi.a(WiFiSocketBuffer.o)
                0x00005d80                WiFiSocketBufferClass::peek(int)
 .text._ZN21WiFiSocketBufferClass4readEiPhj
                0x00005da0       0x3c C:/Users/vikra/DOCUME~1/MATLAB/R2022b/ARDUIN~1/ARDUIN~1/FASTER~1\libipwifi.a(WiFiSocketBuffer.o)
                0x00005da0                WiFiSocketBufferClass::read(int, unsigned char*, unsigned int)
 .text.startup._GLOBAL__sub_I__ZN21WiFiSocketBufferClassC2Ev
                0x00005ddc       0x24 C:/Users/vikra/DOCUME~1/MATLAB/R2022b/ARDUIN~1/ARDUIN~1/FASTER~1\libipwifi.a(WiFiSocketBuffer.o)
 .text.PINCOUNT_fn
                0x00005e00        0x4 C:/Users/vikra/DOCUME~1/MATLAB/R2022b/ARDUIN~1/ARDUIN~1/FASTER~1\libipwifi.a(variant.o)
                0x00005e00                PINCOUNT_fn
 .text.SERCOM5_Handler
                0x00005e04       0x10 C:/Users/vikra/DOCUME~1/MATLAB/R2022b/ARDUIN~1/ARDUIN~1/FASTER~1\libipwifi.a(variant.o)
                0x00005e04                SERCOM5_Handler
 .text.SERCOM3_Handler
                0x00005e14       0x10 C:/Users/vikra/DOCUME~1/MATLAB/R2022b/ARDUIN~1/ARDUIN~1/FASTER~1\libipwifi.a(variant.o)
                0x00005e14                SERCOM3_Handler
 .text.SERCOM2_Handler
                0x00005e24       0x10 C:/Users/vikra/DOCUME~1/MATLAB/R2022b/ARDUIN~1/ARDUIN~1/FASTER~1\libipwifi.a(variant.o)
                0x00005e24                SERCOM2_Handler
 .text.startup._GLOBAL__sub_I_g_APinDescription
                0x00005e34       0xbc C:/Users/vikra/DOCUME~1/MATLAB/R2022b/ARDUIN~1/ARDUIN~1/FASTER~1\libipwifi.a(variant.o)
 .text._ZN8SPIClass4initEv
                0x00005ef0       0x12 C:/Users/vikra/DOCUME~1/MATLAB/R2022b/ARDUIN~1/ARDUIN~1/FASTER~1\libcomm.a(SPI.o)
                0x00005ef0                SPIClass::init()
 .text._ZN8SPIClass6configE11SPISettings
                0x00005f02       0x4e C:/Users/vikra/DOCUME~1/MATLAB/R2022b/ARDUIN~1/ARDUIN~1/FASTER~1\libcomm.a(SPI.o)
                0x00005f02                SPIClass::config(SPISettings)
 .text._ZN8SPIClass5beginEv
                0x00005f50       0x50 C:/Users/vikra/DOCUME~1/MATLAB/R2022b/ARDUIN~1/ARDUIN~1/FASTER~1\libcomm.a(SPI.o)
                0x00005f50                SPIClass::begin()
 .text._ZN8SPIClass16beginTransactionE11SPISettings
                0x00005fa0       0x38 C:/Users/vikra/DOCUME~1/MATLAB/R2022b/ARDUIN~1/ARDUIN~1/FASTER~1\libcomm.a(SPI.o)
                0x00005fa0                SPIClass::beginTransaction(SPISettings)
 .text._ZN8SPIClass14endTransactionEv
                0x00005fd8       0x24 C:/Users/vikra/DOCUME~1/MATLAB/R2022b/ARDUIN~1/ARDUIN~1/FASTER~1\libcomm.a(SPI.o)
                0x00005fd8                SPIClass::endTransaction()
 .text._ZN8SPIClass8transferEh
                0x00005ffc        0xa C:/Users/vikra/DOCUME~1/MATLAB/R2022b/ARDUIN~1/ARDUIN~1/FASTER~1\libcomm.a(SPI.o)
                0x00005ffc                SPIClass::transfer(unsigned char)
 *fill*         0x00006006        0x2 
 .text.startup._GLOBAL__sub_I__ZN8SPIClassC2EP6SERCOMhhh14SercomSpiTXPad11SercomRXPad
                0x00006008       0x68 C:/Users/vikra/DOCUME~1/MATLAB/R2022b/ARDUIN~1/ARDUIN~1/FASTER~1\libcomm.a(SPI.o)
 .text._ZN7TwoWire5writeEPKhj
                0x00006070       0x24 C:/Users/vikra/DOCUME~1/MATLAB/R2022b/ARDUIN~1/ARDUIN~1/FASTER~1\libcomm.a(Wire.o)
                0x00006070                TwoWire::write(unsigned char const*, unsigned int)
 .text._ZN7TwoWire5flushEv
                0x00006094        0x2 C:/Users/vikra/DOCUME~1/MATLAB/R2022b/ARDUIN~1/ARDUIN~1/FASTER~1\libcomm.a(Wire.o)
                0x00006094                TwoWire::flush()
 .text._ZN7TwoWire4peekEv
                0x00006096       0x1a C:/Users/vikra/DOCUME~1/MATLAB/R2022b/ARDUIN~1/ARDUIN~1/FASTER~1\libcomm.a(Wire.o)
                0x00006096                TwoWire::peek()
 .text._ZN7TwoWire9availableEv
                0x000060b0       0x12 C:/Users/vikra/DOCUME~1/MATLAB/R2022b/ARDUIN~1/ARDUIN~1/FASTER~1\libcomm.a(Wire.o)
                0x000060b0                TwoWire::available()
 *fill*         0x000060c2        0x2 
 .text._ZN7TwoWireC2EP6SERCOMhh
                0x000060c4       0x5c C:/Users/vikra/DOCUME~1/MATLAB/R2022b/ARDUIN~1/ARDUIN~1/FASTER~1\libcomm.a(Wire.o)
                0x000060c4                TwoWire::TwoWire(SERCOM*, unsigned char, unsigned char)
                0x000060c4                TwoWire::TwoWire(SERCOM*, unsigned char, unsigned char)
 .text._ZN7TwoWire5beginEv
                0x00006120       0x40 C:/Users/vikra/DOCUME~1/MATLAB/R2022b/ARDUIN~1/ARDUIN~1/FASTER~1\libcomm.a(Wire.o)
                0x00006120                TwoWire::begin()
 .text._ZN7TwoWire8setClockEm
                0x00006160       0x1c C:/Users/vikra/DOCUME~1/MATLAB/R2022b/ARDUIN~1/ARDUIN~1/FASTER~1\libcomm.a(Wire.o)
                0x00006160                TwoWire::setClock(unsigned long)
 .text._ZN7TwoWire17beginTransmissionEh
                0x0000617c       0x18 C:/Users/vikra/DOCUME~1/MATLAB/R2022b/ARDUIN~1/ARDUIN~1/FASTER~1\libcomm.a(Wire.o)
                0x0000617c                TwoWire::beginTransmission(unsigned char)
 .text._ZN11RingBufferNILi256EE10store_charEh
                0x00006194       0x1a C:/Users/vikra/DOCUME~1/MATLAB/R2022b/ARDUIN~1/ARDUIN~1/FASTER~1\libcomm.a(Wire.o)
                0x00006194                RingBufferN<256>::store_char(unsigned char)
 .text._ZN7TwoWire5writeEh
                0x000061ae       0x2a C:/Users/vikra/DOCUME~1/MATLAB/R2022b/ARDUIN~1/ARDUIN~1/FASTER~1\libcomm.a(Wire.o)
                0x000061ae                TwoWire::write(unsigned char)
 .text._ZN11RingBufferNILi256EE9read_charEv
                0x000061d8       0x20 C:/Users/vikra/DOCUME~1/MATLAB/R2022b/ARDUIN~1/ARDUIN~1/FASTER~1\libcomm.a(Wire.o)
                0x000061d8                RingBufferN<256>::read_char()
 .text._ZN7TwoWire15endTransmissionEb
                0x000061f8       0x72 C:/Users/vikra/DOCUME~1/MATLAB/R2022b/ARDUIN~1/ARDUIN~1/FASTER~1\libcomm.a(Wire.o)
                0x000061f8                TwoWire::endTransmission(bool)
 .text._ZN7TwoWire15endTransmissionEv
                0x0000626a        0xa C:/Users/vikra/DOCUME~1/MATLAB/R2022b/ARDUIN~1/ARDUIN~1/FASTER~1\libcomm.a(Wire.o)
                0x0000626a                TwoWire::endTransmission()
 .text._ZN7TwoWire4readEv
                0x00006274        0xa C:/Users/vikra/DOCUME~1/MATLAB/R2022b/ARDUIN~1/ARDUIN~1/FASTER~1\libcomm.a(Wire.o)
                0x00006274                TwoWire::read()
 .text._ZN7TwoWire9onServiceEv
                0x0000627e      0x11c C:/Users/vikra/DOCUME~1/MATLAB/R2022b/ARDUIN~1/ARDUIN~1/FASTER~1\libcomm.a(Wire.o)
                0x0000627e                TwoWire::onService()
 *fill*         0x0000639a        0x2 
 .text.SERCOM4_Handler
                0x0000639c       0x10 C:/Users/vikra/DOCUME~1/MATLAB/R2022b/ARDUIN~1/ARDUIN~1/FASTER~1\libcomm.a(Wire.o)
                0x0000639c                SERCOM4_Handler
 .text.startup._GLOBAL__sub_I__ZN7TwoWireC2EP6SERCOMhh
                0x000063ac       0x18 C:/Users/vikra/DOCUME~1/MATLAB/R2022b/ARDUIN~1/ARDUIN~1/FASTER~1\libcomm.a(Wire.o)
 .text.Dummy_Handler
                0x000063c4        0x2 C:/Users/vikra/DOCUME~1/MATLAB/R2022b/ARDUIN~1/ARDUIN~1/FASTER~1\libcore.a(cortex_handlers.o)
                0x000063c4                DMAC_Handler
                0x000063c4                HardFault_Handler
                0x000063c4                AC_Handler
                0x000063c4                PendSV_Handler
                0x000063c4                NMI_Handler
                0x000063c4                TC7_Handler
                0x000063c4                SERCOM1_Handler
                0x000063c4                ADC_Handler
                0x000063c4                TCC1_Handler
                0x000063c4                TCC0_Handler
                0x000063c4                EIC_Handler
                0x000063c4                TC6_Handler
                0x000063c4                WDT_Handler
                0x000063c4                TC4_Handler
                0x000063c4                TC3_Handler
                0x000063c4                Dummy_Handler
                0x000063c4                PM_Handler
                0x000063c4                TCC2_Handler
                0x000063c4                EVSYS_Handler
                0x000063c4                I2S_Handler
                0x000063c4                NVMCTRL_Handler
                0x000063c4                SERCOM0_Handler
                0x000063c4                DAC_Handler
                0x000063c4                PTC_Handler
                0x000063c4                SYSCTRL_Handler
 *fill*         0x000063c6        0x2 
 .text.USB_Handler
                0x000063c8       0x14 C:/Users/vikra/DOCUME~1/MATLAB/R2022b/ARDUIN~1/ARDUIN~1/FASTER~1\libcore.a(cortex_handlers.o)
                0x000063c8                USB_Handler
 .text.Reset_Handler
                0x000063dc       0x54 C:/Users/vikra/DOCUME~1/MATLAB/R2022b/ARDUIN~1/ARDUIN~1/FASTER~1\libcore.a(cortex_handlers.o)
                0x000063dc                Reset_Handler
 .text.SysTick_Handler
                0x00006430       0x10 C:/Users/vikra/DOCUME~1/MATLAB/R2022b/ARDUIN~1/ARDUIN~1/FASTER~1\libcore.a(cortex_handlers.o)
                0x00006430                SysTick_Handler
 .text.USB_SetHandler
                0x00006440        0xc C:/Users/vikra/DOCUME~1/MATLAB/R2022b/ARDUIN~1/ARDUIN~1/FASTER~1\libcore.a(cortex_handlers.o)
                0x00006440                USB_SetHandler
 .text.__empty  0x0000644c        0x2 C:/Users/vikra/DOCUME~1/MATLAB/R2022b/ARDUIN~1/ARDUIN~1/FASTER~1\libcore.a(hooks.o)
                0x0000644c                yield
 .text.__false  0x0000644e        0x4 C:/Users/vikra/DOCUME~1/MATLAB/R2022b/ARDUIN~1/ARDUIN~1/FASTER~1\libcore.a(hooks.o)
                0x0000644e                sysTickHook
 *fill*         0x00006452        0x2 
 .text.millis   0x00006454        0xc C:/Users/vikra/DOCUME~1/MATLAB/R2022b/ARDUIN~1/ARDUIN~1/FASTER~1\libcore.a(delay.o)
                0x00006454                millis
 .text.micros   0x00006460       0x64 C:/Users/vikra/DOCUME~1/MATLAB/R2022b/ARDUIN~1/ARDUIN~1/FASTER~1\libcore.a(delay.o)
                0x00006460                micros
 .text.delay    0x000064c4       0x34 C:/Users/vikra/DOCUME~1/MATLAB/R2022b/ARDUIN~1/ARDUIN~1/FASTER~1\libcore.a(delay.o)
                0x000064c4                delay
 .text.SysTick_DefaultHandler
                0x000064f8       0x14 C:/Users/vikra/DOCUME~1/MATLAB/R2022b/ARDUIN~1/ARDUIN~1/FASTER~1\libcore.a(delay.o)
                0x000064f8                SysTick_DefaultHandler
 .text.SystemInit
                0x0000650c      0x198 C:/Users/vikra/DOCUME~1/MATLAB/R2022b/ARDUIN~1/ARDUIN~1/FASTER~1\libcore.a(startup.o)
                0x0000650c                SystemInit
 .text.init     0x000066a4       0xf0 C:/Users/vikra/DOCUME~1/MATLAB/R2022b/ARDUIN~1/ARDUIN~1/FASTER~1\libcore.a(wiring.o)
                0x000066a4                init
 .text.analogReference
                0x00006794       0x5c C:/Users/vikra/DOCUME~1/MATLAB/R2022b/ARDUIN~1/ARDUIN~1/FASTER~1\libcore.a(wiring_analog.o)
                0x00006794                analogReference
 .text.pinMode  0x000067f0       0xb4 C:/Users/vikra/DOCUME~1/MATLAB/R2022b/ARDUIN~1/ARDUIN~1/FASTER~1\libcore.a(wiring_digital.o)
                0x000067f0                pinMode
 .text.digitalWrite
                0x000068a4       0x60 C:/Users/vikra/DOCUME~1/MATLAB/R2022b/ARDUIN~1/ARDUIN~1/FASTER~1\libcore.a(wiring_digital.o)
                0x000068a4                digitalWrite
 .text.digitalRead
                0x00006904       0x30 C:/Users/vikra/DOCUME~1/MATLAB/R2022b/ARDUIN~1/ARDUIN~1/FASTER~1\libcore.a(wiring_digital.o)
                0x00006904                digitalRead
 .text.pinPeripheral
                0x00006934       0xc4 C:/Users/vikra/DOCUME~1/MATLAB/R2022b/ARDUIN~1/ARDUIN~1/FASTER~1\libcore.a(wiring_private.o)
                0x00006934                pinPeripheral
 .text._ZNK9IPAddress7printToER5Print
                0x000069f8       0x3c C:/Users/vikra/DOCUME~1/MATLAB/R2022b/ARDUIN~1/ARDUIN~1/FASTER~1\libcore.a(IPAddress.o)
                0x000069f8                IPAddress::printTo(Print&) const
 .text._ZN9IPAddressC2Ev
                0x00006a34       0x10 C:/Users/vikra/DOCUME~1/MATLAB/R2022b/ARDUIN~1/ARDUIN~1/FASTER~1\libcore.a(IPAddress.o)
                0x00006a34                IPAddress::IPAddress()
                0x00006a34                IPAddress::IPAddress()
 .text._ZN9IPAddressC2Ehhhh
                0x00006a44       0x1c C:/Users/vikra/DOCUME~1/MATLAB/R2022b/ARDUIN~1/ARDUIN~1/FASTER~1\libcore.a(IPAddress.o)
                0x00006a44                IPAddress::IPAddress(unsigned char, unsigned char, unsigned char, unsigned char)
                0x00006a44                IPAddress::IPAddress(unsigned char, unsigned char, unsigned char, unsigned char)
 .text._ZN9IPAddressC2EPKh
                0x00006a60       0x18 C:/Users/vikra/DOCUME~1/MATLAB/R2022b/ARDUIN~1/ARDUIN~1/FASTER~1\libcore.a(IPAddress.o)
                0x00006a60                IPAddress::IPAddress(unsigned char const*)
                0x00006a60                IPAddress::IPAddress(unsigned char const*)
 .text._ZN9IPAddressaSEPKh
                0x00006a78       0x10 C:/Users/vikra/DOCUME~1/MATLAB/R2022b/ARDUIN~1/ARDUIN~1/FASTER~1\libcore.a(IPAddress.o)
                0x00006a78                IPAddress::operator=(unsigned char const*)
 .text.startup._GLOBAL__sub_I__ZN9IPAddressC2Ev
                0x00006a88       0x1c C:/Users/vikra/DOCUME~1/MATLAB/R2022b/ARDUIN~1/ARDUIN~1/FASTER~1\libcore.a(IPAddress.o)
 .text._ZN5Print5writeEPKhj
                0x00006aa4       0x28 C:/Users/vikra/DOCUME~1/MATLAB/R2022b/ARDUIN~1/ARDUIN~1/FASTER~1\libcore.a(Print.o)
                0x00006aa4                Print::write(unsigned char const*, unsigned int)
 .text._ZN5Print5printEmi.part.3
                0x00006acc        0xc C:/Users/vikra/DOCUME~1/MATLAB/R2022b/ARDUIN~1/ARDUIN~1/FASTER~1\libcore.a(Print.o)
 .text._ZN5Print5writeEPKc
                0x00006ad8       0x1c C:/Users/vikra/DOCUME~1/MATLAB/R2022b/ARDUIN~1/ARDUIN~1/FASTER~1\libcore.a(Print.o)
                0x00006ad8                Print::write(char const*)
 .text._ZN5Print5printEPKc
                0x00006af4        0x8 C:/Users/vikra/DOCUME~1/MATLAB/R2022b/ARDUIN~1/ARDUIN~1/FASTER~1\libcore.a(Print.o)
                0x00006af4                Print::print(char const*)
 .text._ZN5Print5printEc
                0x00006afc        0xa C:/Users/vikra/DOCUME~1/MATLAB/R2022b/ARDUIN~1/ARDUIN~1/FASTER~1\libcore.a(Print.o)
                0x00006afc                Print::print(char)
 .text._ZN5Print5printERK9Printable
                0x00006b06       0x10 C:/Users/vikra/DOCUME~1/MATLAB/R2022b/ARDUIN~1/ARDUIN~1/FASTER~1\libcore.a(Print.o)
                0x00006b06                Print::print(Printable const&)
 *fill*         0x00006b16        0x2 
 .text._ZN5Print7printlnEv
                0x00006b18       0x10 C:/Users/vikra/DOCUME~1/MATLAB/R2022b/ARDUIN~1/ARDUIN~1/FASTER~1\libcore.a(Print.o)
                0x00006b18                Print::println()
 .text._ZN5Print7printlnEPKc
                0x00006b28       0x14 C:/Users/vikra/DOCUME~1/MATLAB/R2022b/ARDUIN~1/ARDUIN~1/FASTER~1\libcore.a(Print.o)
                0x00006b28                Print::println(char const*)
 .text._ZN5Print11printNumberEmh
                0x00006b3c       0x4e C:/Users/vikra/DOCUME~1/MATLAB/R2022b/ARDUIN~1/ARDUIN~1/FASTER~1\libcore.a(Print.o)
                0x00006b3c                Print::printNumber(unsigned long, unsigned char)
 .text._ZN5Print5printEmi
                0x00006b8a       0x14 C:/Users/vikra/DOCUME~1/MATLAB/R2022b/ARDUIN~1/ARDUIN~1/FASTER~1\libcore.a(Print.o)
                0x00006b8a                Print::print(unsigned long, int)
 .text._ZN5Print5printEhi
                0x00006b9e        0x8 C:/Users/vikra/DOCUME~1/MATLAB/R2022b/ARDUIN~1/ARDUIN~1/FASTER~1\libcore.a(Print.o)
                0x00006b9e                Print::print(unsigned char, int)
 *fill*         0x00006ba6        0x2 
 .text.initiateReset
                0x00006ba8       0x14 C:/Users/vikra/DOCUME~1/MATLAB/R2022b/ARDUIN~1/ARDUIN~1/FASTER~1\libcore.a(Reset.o)
                0x00006ba8                initiateReset
 .text.cancelReset
                0x00006bbc       0x10 C:/Users/vikra/DOCUME~1/MATLAB/R2022b/ARDUIN~1/ARDUIN~1/FASTER~1\libcore.a(Reset.o)
                0x00006bbc                cancelReset
 .text.tickReset
                0x00006bcc       0x74 C:/Users/vikra/DOCUME~1/MATLAB/R2022b/ARDUIN~1/ARDUIN~1/FASTER~1\libcore.a(Reset.o)
                0x00006bcc                tickReset
 .text._ZN6SERCOMC2EP6Sercom
                0x00006c40        0x4 C:/Users/vikra/DOCUME~1/MATLAB/R2022b/ARDUIN~1/ARDUIN~1/FASTER~1\libcore.a(SERCOM.o)
                0x00006c40                SERCOM::SERCOM(Sercom*)
                0x00006c40                SERCOM::SERCOM(Sercom*)
 .text._ZN6SERCOM9initFrameE18SercomUartCharSize15SercomDataOrder16SercomParityMode19SercomNumberStopBit
                0x00006c44       0x38 C:/Users/vikra/DOCUME~1/MATLAB/R2022b/ARDUIN~1/ARDUIN~1/FASTER~1\libcore.a(SERCOM.o)
                0x00006c44                SERCOM::initFrame(SercomUartCharSize, SercomDataOrder, SercomParityMode, SercomNumberStopBit)
 .text._ZN6SERCOM8initPadsE15SercomUartTXPad11SercomRXPad
                0x00006c7c       0x26 C:/Users/vikra/DOCUME~1/MATLAB/R2022b/ARDUIN~1/ARDUIN~1/FASTER~1\libcore.a(SERCOM.o)
                0x00006c7c                SERCOM::initPads(SercomUartTXPad, SercomRXPad)
 .text._ZN6SERCOM9resetUARTEv
                0x00006ca2       0x1c C:/Users/vikra/DOCUME~1/MATLAB/R2022b/ARDUIN~1/ARDUIN~1/FASTER~1\libcore.a(SERCOM.o)
                0x00006ca2                SERCOM::resetUART()
 .text._ZN6SERCOM10enableUARTEv
                0x00006cbe       0x14 C:/Users/vikra/DOCUME~1/MATLAB/R2022b/ARDUIN~1/ARDUIN~1/FASTER~1\libcore.a(SERCOM.o)
                0x00006cbe                SERCOM::enableUART()
 .text._ZN6SERCOM9flushUARTEv
                0x00006cd2       0x10 C:/Users/vikra/DOCUME~1/MATLAB/R2022b/ARDUIN~1/ARDUIN~1/FASTER~1\libcore.a(SERCOM.o)
                0x00006cd2                SERCOM::flushUART()
 .text._ZN6SERCOM15clearStatusUARTEv
                0x00006ce2        0x8 C:/Users/vikra/DOCUME~1/MATLAB/R2022b/ARDUIN~1/ARDUIN~1/FASTER~1\libcore.a(SERCOM.o)
                0x00006ce2                SERCOM::clearStatusUART()
 .text._ZN6SERCOM17availableDataUARTEv
                0x00006cea        0xa C:/Users/vikra/DOCUME~1/MATLAB/R2022b/ARDUIN~1/ARDUIN~1/FASTER~1\libcore.a(SERCOM.o)
                0x00006cea                SERCOM::availableDataUART()
 .text._ZN6SERCOM11isUARTErrorEv
                0x00006cf4        0x8 C:/Users/vikra/DOCUME~1/MATLAB/R2022b/ARDUIN~1/ARDUIN~1/FASTER~1\libcore.a(SERCOM.o)
                0x00006cf4                SERCOM::isUARTError()
 .text._ZN6SERCOM20acknowledgeUARTErrorEv
                0x00006cfc        0xe C:/Users/vikra/DOCUME~1/MATLAB/R2022b/ARDUIN~1/ARDUIN~1/FASTER~1\libcore.a(SERCOM.o)
                0x00006cfc                SERCOM::acknowledgeUARTError()
 .text._ZN6SERCOM16isFrameErrorUARTEv
                0x00006d0a        0xa C:/Users/vikra/DOCUME~1/MATLAB/R2022b/ARDUIN~1/ARDUIN~1/FASTER~1\libcore.a(SERCOM.o)
                0x00006d0a                SERCOM::isFrameErrorUART()
 .text._ZN6SERCOM19clearFrameErrorUARTEv
                0x00006d14        0xc C:/Users/vikra/DOCUME~1/MATLAB/R2022b/ARDUIN~1/ARDUIN~1/FASTER~1\libcore.a(SERCOM.o)
                0x00006d14                SERCOM::clearFrameErrorUART()
 .text._ZN6SERCOM23isDataRegisterEmptyUARTEv
                0x00006d20        0xa C:/Users/vikra/DOCUME~1/MATLAB/R2022b/ARDUIN~1/ARDUIN~1/FASTER~1\libcore.a(SERCOM.o)
                0x00006d20                SERCOM::isDataRegisterEmptyUART()
 .text._ZN6SERCOM12readDataUARTEv
                0x00006d2a        0x8 C:/Users/vikra/DOCUME~1/MATLAB/R2022b/ARDUIN~1/ARDUIN~1/FASTER~1\libcore.a(SERCOM.o)
                0x00006d2a                SERCOM::readDataUART()
 .text._ZN6SERCOM13writeDataUARTEh
                0x00006d32        0xe C:/Users/vikra/DOCUME~1/MATLAB/R2022b/ARDUIN~1/ARDUIN~1/FASTER~1\libcore.a(SERCOM.o)
                0x00006d32                SERCOM::writeDataUART(unsigned char)
 .text._ZN6SERCOM36enableDataRegisterEmptyInterruptUARTEv
                0x00006d40        0x8 C:/Users/vikra/DOCUME~1/MATLAB/R2022b/ARDUIN~1/ARDUIN~1/FASTER~1\libcore.a(SERCOM.o)
                0x00006d40                SERCOM::enableDataRegisterEmptyInterruptUART()
 .text._ZN6SERCOM37disableDataRegisterEmptyInterruptUARTEv
                0x00006d48        0x8 C:/Users/vikra/DOCUME~1/MATLAB/R2022b/ARDUIN~1/ARDUIN~1/FASTER~1\libcore.a(SERCOM.o)
                0x00006d48                SERCOM::disableDataRegisterEmptyInterruptUART()
 .text._ZN6SERCOM12initSPIClockE18SercomSpiClockModem
                0x00006d50       0x30 C:/Users/vikra/DOCUME~1/MATLAB/R2022b/ARDUIN~1/ARDUIN~1/FASTER~1\libcore.a(SERCOM.o)
                0x00006d50                SERCOM::initSPIClock(SercomSpiClockMode, unsigned long)
 .text._ZN6SERCOM8resetSPIEv
                0x00006d80       0x1c C:/Users/vikra/DOCUME~1/MATLAB/R2022b/ARDUIN~1/ARDUIN~1/FASTER~1\libcore.a(SERCOM.o)
                0x00006d80                SERCOM::resetSPI()
 .text._ZN6SERCOM9enableSPIEv
                0x00006d9c       0x14 C:/Users/vikra/DOCUME~1/MATLAB/R2022b/ARDUIN~1/ARDUIN~1/FASTER~1\libcore.a(SERCOM.o)
                0x00006d9c                SERCOM::enableSPI()
 .text._ZN6SERCOM10disableSPIEv
                0x00006db0       0x12 C:/Users/vikra/DOCUME~1/MATLAB/R2022b/ARDUIN~1/ARDUIN~1/FASTER~1\libcore.a(SERCOM.o)
                0x00006db0                SERCOM::disableSPI()
 .text._ZN6SERCOM15transferDataSPIEh
                0x00006dc2       0x1a C:/Users/vikra/DOCUME~1/MATLAB/R2022b/ARDUIN~1/ARDUIN~1/FASTER~1\libcore.a(SERCOM.o)
                0x00006dc2                SERCOM::transferDataSPI(unsigned char)
 .text._ZN6SERCOM9resetWIREEv
                0x00006ddc       0x1c C:/Users/vikra/DOCUME~1/MATLAB/R2022b/ARDUIN~1/ARDUIN~1/FASTER~1\libcore.a(SERCOM.o)
                0x00006ddc                SERCOM::resetWIRE()
 .text._ZN6SERCOM10enableWIREEv
                0x00006df8       0x28 C:/Users/vikra/DOCUME~1/MATLAB/R2022b/ARDUIN~1/ARDUIN~1/FASTER~1\libcore.a(SERCOM.o)
                0x00006df8                SERCOM::enableWIRE()
 .text._ZN6SERCOM11disableWIREEv
                0x00006e20       0x14 C:/Users/vikra/DOCUME~1/MATLAB/R2022b/ARDUIN~1/ARDUIN~1/FASTER~1\libcore.a(SERCOM.o)
                0x00006e20                SERCOM::disableWIRE()
 .text._ZN6SERCOM18prepareNackBitWIREEv
                0x00006e34       0x10 C:/Users/vikra/DOCUME~1/MATLAB/R2022b/ARDUIN~1/ARDUIN~1/FASTER~1\libcore.a(SERCOM.o)
                0x00006e34                SERCOM::prepareNackBitWIRE()
 .text._ZN6SERCOM17prepareAckBitWIREEv
                0x00006e44       0x14 C:/Users/vikra/DOCUME~1/MATLAB/R2022b/ARDUIN~1/ARDUIN~1/FASTER~1\libcore.a(SERCOM.o)
                0x00006e44                SERCOM::prepareAckBitWIRE()
 .text._ZN6SERCOM22prepareCommandBitsWireEh
                0x00006e58       0x2c C:/Users/vikra/DOCUME~1/MATLAB/R2022b/ARDUIN~1/ARDUIN~1/FASTER~1\libcore.a(SERCOM.o)
                0x00006e58                SERCOM::prepareCommandBitsWire(unsigned char)
 .text._ZN6SERCOM21startTransmissionWIREEh23SercomWireReadWriteFlag
                0x00006e84       0x8c C:/Users/vikra/DOCUME~1/MATLAB/R2022b/ARDUIN~1/ARDUIN~1/FASTER~1\libcore.a(SERCOM.o)
                0x00006e84                SERCOM::startTransmissionWIRE(unsigned char, SercomWireReadWriteFlag)
 .text._ZN6SERCOM18sendDataMasterWIREEh
                0x00006f10       0x22 C:/Users/vikra/DOCUME~1/MATLAB/R2022b/ARDUIN~1/ARDUIN~1/FASTER~1\libcore.a(SERCOM.o)
                0x00006f10                SERCOM::sendDataMasterWIRE(unsigned char)
 .text._ZN6SERCOM17sendDataSlaveWIREEh
                0x00006f32       0x1a C:/Users/vikra/DOCUME~1/MATLAB/R2022b/ARDUIN~1/ARDUIN~1/FASTER~1\libcore.a(SERCOM.o)
                0x00006f32                SERCOM::sendDataSlaveWIRE(unsigned char)
 .text._ZN6SERCOM11isSlaveWIREEv
                0x00006f4c       0x12 C:/Users/vikra/DOCUME~1/MATLAB/R2022b/ARDUIN~1/ARDUIN~1/FASTER~1\libcore.a(SERCOM.o)
                0x00006f4c                SERCOM::isSlaveWIRE()
 .text._ZN6SERCOM15isDataReadyWIREEv
                0x00006f5e        0xa C:/Users/vikra/DOCUME~1/MATLAB/R2022b/ARDUIN~1/ARDUIN~1/FASTER~1\libcore.a(SERCOM.o)
                0x00006f5e                SERCOM::isDataReadyWIRE()
 .text._ZN6SERCOM18isStopDetectedWIREEv
                0x00006f68        0xa C:/Users/vikra/DOCUME~1/MATLAB/R2022b/ARDUIN~1/ARDUIN~1/FASTER~1\libcore.a(SERCOM.o)
                0x00006f68                SERCOM::isStopDetectedWIRE()
 .text._ZN6SERCOM21isRestartDetectedWIREEv
                0x00006f72        0xa C:/Users/vikra/DOCUME~1/MATLAB/R2022b/ARDUIN~1/ARDUIN~1/FASTER~1\libcore.a(SERCOM.o)
                0x00006f72                SERCOM::isRestartDetectedWIRE()
 .text._ZN6SERCOM14isAddressMatchEv
                0x00006f7c        0xa C:/Users/vikra/DOCUME~1/MATLAB/R2022b/ARDUIN~1/ARDUIN~1/FASTER~1\libcore.a(SERCOM.o)
                0x00006f7c                SERCOM::isAddressMatch()
 .text._ZN6SERCOM25isMasterReadOperationWIREEv
                0x00006f86        0xa C:/Users/vikra/DOCUME~1/MATLAB/R2022b/ARDUIN~1/ARDUIN~1/FASTER~1\libcore.a(SERCOM.o)
                0x00006f86                SERCOM::isMasterReadOperationWIRE()
 .text._ZN6SERCOM12readDataWIREEv
                0x00006f90       0x22 C:/Users/vikra/DOCUME~1/MATLAB/R2022b/ARDUIN~1/ARDUIN~1/FASTER~1\libcore.a(SERCOM.o)
                0x00006f90                SERCOM::readDataWIRE()
 *fill*         0x00006fb2        0x2 
 .text._ZN6SERCOM13initClockNVICEv
                0x00006fb4       0xac C:/Users/vikra/DOCUME~1/MATLAB/R2022b/ARDUIN~1/ARDUIN~1/FASTER~1\libcore.a(SERCOM.o)
                0x00006fb4                SERCOM::initClockNVIC()
 .text._ZN6SERCOM8initUARTE14SercomUartMode20SercomUartSampleRatem
                0x00007060       0x6c C:/Users/vikra/DOCUME~1/MATLAB/R2022b/ARDUIN~1/ARDUIN~1/FASTER~1\libcore.a(SERCOM.o)
                0x00007060                SERCOM::initUART(SercomUartMode, SercomUartSampleRate, unsigned long)
 .text._ZN6SERCOM7initSPIE14SercomSpiTXPad11SercomRXPad17SercomSpiCharSize15SercomDataOrder
                0x000070cc       0x48 C:/Users/vikra/DOCUME~1/MATLAB/R2022b/ARDUIN~1/ARDUIN~1/FASTER~1\libcore.a(SERCOM.o)
                0x000070cc                SERCOM::initSPI(SercomSpiTXPad, SercomRXPad, SercomSpiCharSize, SercomDataOrder)
 .text._ZN6SERCOM14initMasterWIREEm
                0x00007114       0x54 C:/Users/vikra/DOCUME~1/MATLAB/R2022b/ARDUIN~1/ARDUIN~1/FASTER~1\libcore.a(SERCOM.o)
                0x00007114                SERCOM::initMasterWIRE(unsigned long)
 .text._ZN4UartcvbEv
                0x00007168        0x4 C:/Users/vikra/DOCUME~1/MATLAB/R2022b/ARDUIN~1/ARDUIN~1/FASTER~1\libcore.a(Uart.o)
                0x00007168                Uart::operator bool()
 .text._ZN4Uart5beginEm
                0x0000716c       0x10 C:/Users/vikra/DOCUME~1/MATLAB/R2022b/ARDUIN~1/ARDUIN~1/FASTER~1\libcore.a(Uart.o)
                0x0000716c                Uart::begin(unsigned long)
 .text._ZN4Uart4peekEv
                0x0000717c       0x1a C:/Users/vikra/DOCUME~1/MATLAB/R2022b/ARDUIN~1/ARDUIN~1/FASTER~1\libcore.a(Uart.o)
                0x0000717c                Uart::peek()
 .text._ZN4Uart3endEv
                0x00007196       0x20 C:/Users/vikra/DOCUME~1/MATLAB/R2022b/ARDUIN~1/ARDUIN~1/FASTER~1\libcore.a(Uart.o)
                0x00007196                Uart::end()
 *fill*         0x000071b6        0x2 
 .text._ZN4UartC2EP6SERCOMhh11SercomRXPad15SercomUartTXPadhh
                0x000071b8       0xa4 C:/Users/vikra/DOCUME~1/MATLAB/R2022b/ARDUIN~1/ARDUIN~1/FASTER~1\libcore.a(Uart.o)
                0x000071b8                Uart::Uart(SERCOM*, unsigned char, unsigned char, SercomRXPad, SercomUartTXPad, unsigned char, unsigned char)
                0x000071b8                Uart::Uart(SERCOM*, unsigned char, unsigned char, SercomRXPad, SercomUartTXPad, unsigned char, unsigned char)
 .text._ZN4UartC2EP6SERCOMhh11SercomRXPad15SercomUartTXPad
                0x0000725c       0x24 C:/Users/vikra/DOCUME~1/MATLAB/R2022b/ARDUIN~1/ARDUIN~1/FASTER~1\libcore.a(Uart.o)
                0x0000725c                Uart::Uart(SERCOM*, unsigned char, unsigned char, SercomRXPad, SercomUartTXPad)
                0x0000725c                Uart::Uart(SERCOM*, unsigned char, unsigned char, SercomRXPad, SercomUartTXPad)
 .text._ZN4Uart16extractNbStopBitEt
                0x00007280        0xe C:/Users/vikra/DOCUME~1/MATLAB/R2022b/ARDUIN~1/ARDUIN~1/FASTER~1\libcore.a(Uart.o)
                0x00007280                Uart::extractNbStopBit(unsigned short)
 .text._ZN4Uart15extractCharSizeEt
                0x0000728e       0x2c C:/Users/vikra/DOCUME~1/MATLAB/R2022b/ARDUIN~1/ARDUIN~1/FASTER~1\libcore.a(Uart.o)
                0x0000728e                Uart::extractCharSize(unsigned short)
 .text._ZN4Uart13extractParityEt
                0x000072ba       0x18 C:/Users/vikra/DOCUME~1/MATLAB/R2022b/ARDUIN~1/ARDUIN~1/FASTER~1\libcore.a(Uart.o)
                0x000072ba                Uart::extractParity(unsigned short)
 *fill*         0x000072d2        0x2 
 .text._ZN4Uart5beginEmt
                0x000072d4       0xf8 C:/Users/vikra/DOCUME~1/MATLAB/R2022b/ARDUIN~1/ARDUIN~1/FASTER~1\libcore.a(Uart.o)
                0x000072d4                Uart::begin(unsigned long, unsigned short)
 .text._ZN11RingBufferNILi256EE9availableEv
                0x000073cc       0x12 C:/Users/vikra/DOCUME~1/MATLAB/R2022b/ARDUIN~1/ARDUIN~1/FASTER~1\libcore.a(Uart.o)
                0x000073cc                RingBufferN<256>::available()
 .text._ZN4Uart5flushEv
                0x000073de       0x1a C:/Users/vikra/DOCUME~1/MATLAB/R2022b/ARDUIN~1/ARDUIN~1/FASTER~1\libcore.a(Uart.o)
                0x000073de                Uart::flush()
 .text._ZN4Uart9availableEv
                0x000073f8        0xa C:/Users/vikra/DOCUME~1/MATLAB/R2022b/ARDUIN~1/ARDUIN~1/FASTER~1\libcore.a(Uart.o)
                0x000073f8                Uart::available()
 .text._ZN11RingBufferNILi256EE17availableForStoreEv
                0x00007402       0x1e C:/Users/vikra/DOCUME~1/MATLAB/R2022b/ARDUIN~1/ARDUIN~1/FASTER~1\libcore.a(Uart.o)
                0x00007402                RingBufferN<256>::availableForStore()
 .text._ZN4Uart17availableForWriteEv
                0x00007420        0xc C:/Users/vikra/DOCUME~1/MATLAB/R2022b/ARDUIN~1/ARDUIN~1/FASTER~1\libcore.a(Uart.o)
                0x00007420                Uart::availableForWrite()
 .text._ZN4Uart10IrqHandlerEv
                0x0000742c       0xc8 C:/Users/vikra/DOCUME~1/MATLAB/R2022b/ARDUIN~1/ARDUIN~1/FASTER~1\libcore.a(Uart.o)
                0x0000742c                Uart::IrqHandler()
 .text._ZN4Uart5writeEh
                0x000074f4       0xb4 C:/Users/vikra/DOCUME~1/MATLAB/R2022b/ARDUIN~1/ARDUIN~1/FASTER~1\libcore.a(Uart.o)
                0x000074f4                Uart::write(unsigned char)
 .text._ZN4Uart4readEv
                0x000075a8       0x4c C:/Users/vikra/DOCUME~1/MATLAB/R2022b/ARDUIN~1/ARDUIN~1/FASTER~1\libcore.a(Uart.o)
                0x000075a8                Uart::read()
 .text._ZN7Serial_13getDescriptorER8USBSetup
                0x000075f4        0x4 C:/Users/vikra/DOCUME~1/MATLAB/R2022b/ARDUIN~1/ARDUIN~1/FASTER~1\libcore.a(CDC.o)
                0x000075f4                Serial_::getDescriptor(USBSetup&)
 .text._ZThn16_N7Serial_13getDescriptorER8USBSetup
                0x000075f8       0x10 C:/Users/vikra/DOCUME~1/MATLAB/R2022b/ARDUIN~1/ARDUIN~1/FASTER~1\libcore.a(CDC.o)
                0x000075f8                non-virtual thunk to Serial_::getDescriptor(USBSetup&)
 .text._ZL5utox8mPc
                0x00007608       0x1c C:/Users/vikra/DOCUME~1/MATLAB/R2022b/ARDUIN~1/ARDUIN~1/FASTER~1\libcore.a(CDC.o)
 .text._ZN7Serial_12getShortNameEPc
                0x00007624       0x44 C:/Users/vikra/DOCUME~1/MATLAB/R2022b/ARDUIN~1/ARDUIN~1/FASTER~1\libcore.a(CDC.o)
                0x00007624                Serial_::getShortName(char*)
 .text._ZThn16_N7Serial_12getShortNameEPc
                0x00007668       0x10 C:/Users/vikra/DOCUME~1/MATLAB/R2022b/ARDUIN~1/ARDUIN~1/FASTER~1\libcore.a(CDC.o)
                0x00007668                non-virtual thunk to Serial_::getShortName(char*)
 .text._ZN7Serial_14handleEndpointEi
                0x00007678        0x2 C:/Users/vikra/DOCUME~1/MATLAB/R2022b/ARDUIN~1/ARDUIN~1/FASTER~1\libcore.a(CDC.o)
                0x00007678                Serial_::handleEndpoint(int)
 *fill*         0x0000767a        0x2 
 .text._ZThn16_N7Serial_14handleEndpointEi
                0x0000767c       0x10 C:/Users/vikra/DOCUME~1/MATLAB/R2022b/ARDUIN~1/ARDUIN~1/FASTER~1\libcore.a(CDC.o)
                0x0000767c                non-virtual thunk to Serial_::handleEndpoint(int)
 .text._ZN7Serial_17availableForWriteEv
                0x0000768c        0x4 C:/Users/vikra/DOCUME~1/MATLAB/R2022b/ARDUIN~1/ARDUIN~1/FASTER~1\libcore.a(CDC.o)
                0x0000768c                Serial_::availableForWrite()
 .text._ZN7Serial_5writeEh
                0x00007690       0x14 C:/Users/vikra/DOCUME~1/MATLAB/R2022b/ARDUIN~1/ARDUIN~1/FASTER~1\libcore.a(CDC.o)
                0x00007690                Serial_::write(unsigned char)
 .text._ZN7Serial_12getInterfaceEPh
                0x000076a4      0x104 C:/Users/vikra/DOCUME~1/MATLAB/R2022b/ARDUIN~1/ARDUIN~1/FASTER~1\libcore.a(CDC.o)
                0x000076a4                Serial_::getInterface(unsigned char*)
 .text._ZThn16_N7Serial_12getInterfaceEPh
                0x000077a8       0x10 C:/Users/vikra/DOCUME~1/MATLAB/R2022b/ARDUIN~1/ARDUIN~1/FASTER~1\libcore.a(CDC.o)
                0x000077a8                non-virtual thunk to Serial_::getInterface(unsigned char*)
 .text._ZN7Serial_5setupER8USBSetup
                0x000077b8       0x98 C:/Users/vikra/DOCUME~1/MATLAB/R2022b/ARDUIN~1/ARDUIN~1/FASTER~1\libcore.a(CDC.o)
                0x000077b8                Serial_::setup(USBSetup&)
 .text._ZThn16_N7Serial_5setupER8USBSetup
                0x00007850       0x10 C:/Users/vikra/DOCUME~1/MATLAB/R2022b/ARDUIN~1/ARDUIN~1/FASTER~1\libcore.a(CDC.o)
                0x00007850                non-virtual thunk to Serial_::setup(USBSetup&)
 .text._ZN7Serial_9availableEv
                0x00007860       0x20 C:/Users/vikra/DOCUME~1/MATLAB/R2022b/ARDUIN~1/ARDUIN~1/FASTER~1\libcore.a(CDC.o)
                0x00007860                Serial_::available()
 .text._ZN7Serial_5flushEv
                0x00007880       0x10 C:/Users/vikra/DOCUME~1/MATLAB/R2022b/ARDUIN~1/ARDUIN~1/FASTER~1\libcore.a(CDC.o)
                0x00007880                Serial_::flush()
 .text._ZN7Serial_5clearEv
                0x00007890       0x10 C:/Users/vikra/DOCUME~1/MATLAB/R2022b/ARDUIN~1/ARDUIN~1/FASTER~1\libcore.a(CDC.o)
                0x00007890                Serial_::clear()
 .text._ZN7Serial_5writeEPKhj
                0x000078a0       0x1e C:/Users/vikra/DOCUME~1/MATLAB/R2022b/ARDUIN~1/ARDUIN~1/FASTER~1\libcore.a(CDC.o)
                0x000078a0                Serial_::write(unsigned char const*, unsigned int)
 *fill*         0x000078be        0x2 
 .text._ZN7Serial_4peekEv
                0x000078c0       0x1c C:/Users/vikra/DOCUME~1/MATLAB/R2022b/ARDUIN~1/ARDUIN~1/FASTER~1\libcore.a(CDC.o)
                0x000078c0                Serial_::peek()
 .text._ZN7Serial_4readEv
                0x000078dc       0x24 C:/Users/vikra/DOCUME~1/MATLAB/R2022b/ARDUIN~1/ARDUIN~1/FASTER~1\libcore.a(CDC.o)
                0x000078dc                Serial_::read()
 .text._ZN7Serial_C2ER14USBDeviceClass
                0x00007900       0x4c C:/Users/vikra/DOCUME~1/MATLAB/R2022b/ARDUIN~1/ARDUIN~1/FASTER~1\libcore.a(CDC.o)
                0x00007900                Serial_::Serial_(USBDeviceClass&)
                0x00007900                Serial_::Serial_(USBDeviceClass&)
 .text._ZN7Serial_15enableInterruptEv
                0x0000794c       0x30 C:/Users/vikra/DOCUME~1/MATLAB/R2022b/ARDUIN~1/ARDUIN~1/FASTER~1\libcore.a(CDC.o)
                0x0000794c                Serial_::enableInterrupt()
 .text._ZN7Serial_5beginEm
                0x0000797c        0x2 C:/Users/vikra/DOCUME~1/MATLAB/R2022b/ARDUIN~1/ARDUIN~1/FASTER~1\libcore.a(CDC.o)
                0x0000797c                Serial_::begin(unsigned long)
 .text._ZN7Serial_5beginEmh
                0x0000797e        0x2 C:/Users/vikra/DOCUME~1/MATLAB/R2022b/ARDUIN~1/ARDUIN~1/FASTER~1\libcore.a(CDC.o)
                0x0000797e                Serial_::begin(unsigned long, unsigned char)
 .text._ZN7Serial_cvbEv
                0x00007980       0x28 C:/Users/vikra/DOCUME~1/MATLAB/R2022b/ARDUIN~1/ARDUIN~1/FASTER~1\libcore.a(CDC.o)
                0x00007980                Serial_::operator bool()
 .text.startup._GLOBAL__sub_I__ZN7Serial_12getInterfaceEPh
                0x000079a8       0x14 C:/Users/vikra/DOCUME~1/MATLAB/R2022b/ARDUIN~1/ARDUIN~1/FASTER~1\libcore.a(CDC.o)
 .text._ZN13PluggableUSB_12getInterfaceEPh
                0x000079bc       0x2a C:/Users/vikra/DOCUME~1/MATLAB/R2022b/ARDUIN~1/ARDUIN~1/FASTER~1\libcore.a(PluggableUSB.o)
                0x000079bc                PluggableUSB_::getInterface(unsigned char*)
 .text._ZN13PluggableUSB_13getDescriptorER8USBSetup
                0x000079e6       0x20 C:/Users/vikra/DOCUME~1/MATLAB/R2022b/ARDUIN~1/ARDUIN~1/FASTER~1\libcore.a(PluggableUSB.o)
                0x000079e6                PluggableUSB_::getDescriptor(USBSetup&)
 .text._ZN13PluggableUSB_12getShortNameEPc
                0x00007a06       0x26 C:/Users/vikra/DOCUME~1/MATLAB/R2022b/ARDUIN~1/ARDUIN~1/FASTER~1\libcore.a(PluggableUSB.o)
                0x00007a06                PluggableUSB_::getShortName(char*)
 .text._ZN13PluggableUSB_5setupER8USBSetup
                0x00007a2c       0x24 C:/Users/vikra/DOCUME~1/MATLAB/R2022b/ARDUIN~1/ARDUIN~1/FASTER~1\libcore.a(PluggableUSB.o)
                0x00007a2c                PluggableUSB_::setup(USBSetup&)
 .text._ZN13PluggableUSB_14handleEndpointEi
                0x00007a50       0x1a C:/Users/vikra/DOCUME~1/MATLAB/R2022b/ARDUIN~1/ARDUIN~1/FASTER~1\libcore.a(PluggableUSB.o)
                0x00007a50                PluggableUSB_::handleEndpoint(int)
 *fill*         0x00007a6a        0x2 
 .text._ZN13PluggableUSB_4plugEP18PluggableUSBModule
                0x00007a6c       0x60 C:/Users/vikra/DOCUME~1/MATLAB/R2022b/ARDUIN~1/ARDUIN~1/FASTER~1\libcore.a(PluggableUSB.o)
                0x00007a6c                PluggableUSB_::plug(PluggableUSBModule*)
 .text._Z12PluggableUSBv
                0x00007acc       0x20 C:/Users/vikra/DOCUME~1/MATLAB/R2022b/ARDUIN~1/ARDUIN~1/FASTER~1\libcore.a(PluggableUSB.o)
                0x00007acc                PluggableUSB()
 .text._ZN26DoubleBufferedEPOutHandlerD2Ev
                0x00007aec        0xc C:/Users/vikra/DOCUME~1/MATLAB/R2022b/ARDUIN~1/ARDUIN~1/FASTER~1\libcore.a(USBCore.o)
                0x00007aec                DoubleBufferedEPOutHandler::~DoubleBufferedEPOutHandler()
                0x00007aec                DoubleBufferedEPOutHandler::~DoubleBufferedEPOutHandler()
 .text._ZN26DoubleBufferedEPOutHandlerD0Ev
                0x00007af8       0x14 C:/Users/vikra/DOCUME~1/MATLAB/R2022b/ARDUIN~1/ARDUIN~1/FASTER~1\libcore.a(USBCore.o)
                0x00007af8                DoubleBufferedEPOutHandler::~DoubleBufferedEPOutHandler()
 .text._ZN14USBDeviceClass6initEPEmm.part.7
                0x00007b0c       0xbc C:/Users/vikra/DOCUME~1/MATLAB/R2022b/ARDUIN~1/ARDUIN~1/FASTER~1\libcore.a(USBCore.o)
 .text._ZN7__GuardC2Ev
                0x00007bc8        0xe C:/Users/vikra/DOCUME~1/MATLAB/R2022b/ARDUIN~1/ARDUIN~1/FASTER~1\libcore.a(USBCore.o)
                0x00007bc8                __Guard::__Guard()
                0x00007bc8                __Guard::__Guard()
 .text._ZN7__GuardD2Ev
                0x00007bd6        0xe C:/Users/vikra/DOCUME~1/MATLAB/R2022b/ARDUIN~1/ARDUIN~1/FASTER~1\libcore.a(USBCore.o)
                0x00007bd6                __Guard::~__Guard()
                0x00007bd6                __Guard::~__Guard()
 .text._ZNK26DoubleBufferedEPOutHandler10_availableEv
                0x00007be4       0x72 C:/Users/vikra/DOCUME~1/MATLAB/R2022b/ARDUIN~1/ARDUIN~1/FASTER~1\libcore.a(USBCore.o)
                0x00007be4                DoubleBufferedEPOutHandler::_available() const
 *fill*         0x00007c56        0x2 
 .text._ZN26DoubleBufferedEPOutHandler7releaseEv
                0x00007c58       0x38 C:/Users/vikra/DOCUME~1/MATLAB/R2022b/ARDUIN~1/ARDUIN~1/FASTER~1\libcore.a(USBCore.o)
                0x00007c58                DoubleBufferedEPOutHandler::release()
 .text._ZN26DoubleBufferedEPOutHandler14handleEndpointEv
                0x00007c90       0xe4 C:/Users/vikra/DOCUME~1/MATLAB/R2022b/ARDUIN~1/ARDUIN~1/FASTER~1\libcore.a(USBCore.o)
                0x00007c90                DoubleBufferedEPOutHandler::handleEndpoint()
 .text._ZN26DoubleBufferedEPOutHandler5_recvEv
                0x00007d74      0x18e C:/Users/vikra/DOCUME~1/MATLAB/R2022b/ARDUIN~1/ARDUIN~1/FASTER~1\libcore.a(USBCore.o)
                0x00007d74                DoubleBufferedEPOutHandler::_recv()
 .text._ZN26DoubleBufferedEPOutHandler9availableEv
                0x00007f02       0x18 C:/Users/vikra/DOCUME~1/MATLAB/R2022b/ARDUIN~1/ARDUIN~1/FASTER~1\libcore.a(USBCore.o)
                0x00007f02                DoubleBufferedEPOutHandler::available()
 .text._ZN26DoubleBufferedEPOutHandler4peekEv
                0x00007f1a       0x22 C:/Users/vikra/DOCUME~1/MATLAB/R2022b/ARDUIN~1/ARDUIN~1/FASTER~1\libcore.a(USBCore.o)
                0x00007f1a                DoubleBufferedEPOutHandler::peek()
 .text._ZN26DoubleBufferedEPOutHandler4recvEPvm
                0x00007f3c       0x66 C:/Users/vikra/DOCUME~1/MATLAB/R2022b/ARDUIN~1/ARDUIN~1/FASTER~1\libcore.a(USBCore.o)
                0x00007f3c                DoubleBufferedEPOutHandler::recv(void*, unsigned long)
 .text._ZN14USBDeviceClass14SendInterfacesEPm
                0x00007fa2       0x20 C:/Users/vikra/DOCUME~1/MATLAB/R2022b/ARDUIN~1/ARDUIN~1/FASTER~1\libcore.a(USBCore.o)
                0x00007fa2                USBDeviceClass::SendInterfaces(unsigned long*)
 *fill*         0x00007fc2        0x2 
 .text._ZN14USBDeviceClass4initEv
                0x00007fc4      0x144 C:/Users/vikra/DOCUME~1/MATLAB/R2022b/ARDUIN~1/ARDUIN~1/FASTER~1\libcore.a(USBCore.o)
                0x00007fc4                USBDeviceClass::init()
 .text._ZN14USBDeviceClass6attachEv
                0x00008108       0x34 C:/Users/vikra/DOCUME~1/MATLAB/R2022b/ARDUIN~1/ARDUIN~1/FASTER~1\libcore.a(USBCore.o)
                0x00008108                USBDeviceClass::attach()
 .text._ZN14USBDeviceClass10setAddressEm
                0x0000813c       0x48 C:/Users/vikra/DOCUME~1/MATLAB/R2022b/ARDUIN~1/ARDUIN~1/FASTER~1\libcore.a(USBCore.o)
                0x0000813c                USBDeviceClass::setAddress(unsigned long)
 .text._ZN14USBDeviceClass25handleClassInterfaceSetupER8USBSetup
                0x00008184       0x24 C:/Users/vikra/DOCUME~1/MATLAB/R2022b/ARDUIN~1/ARDUIN~1/FASTER~1\libcore.a(USBCore.o)
                0x00008184                USBDeviceClass::handleClassInterfaceSetup(USBSetup&)
 .text._ZN14USBDeviceClass6initEPEmm
                0x000081a8      0x124 C:/Users/vikra/DOCUME~1/MATLAB/R2022b/ARDUIN~1/ARDUIN~1/FASTER~1\libcore.a(USBCore.o)
                0x000081a8                USBDeviceClass::initEP(unsigned long, unsigned long)
 .text._ZN14USBDeviceClass13initEndpointsEv
                0x000082cc       0x24 C:/Users/vikra/DOCUME~1/MATLAB/R2022b/ARDUIN~1/ARDUIN~1/FASTER~1\libcore.a(USBCore.o)
                0x000082cc                USBDeviceClass::initEndpoints()
 .text._ZN14USBDeviceClass5clearEm
                0x000082f0       0x38 C:/Users/vikra/DOCUME~1/MATLAB/R2022b/ARDUIN~1/ARDUIN~1/FASTER~1\libcore.a(USBCore.o)
                0x000082f0                USBDeviceClass::clear(unsigned long)
 .text._ZN14USBDeviceClass9availableEm
                0x00008328       0x2c C:/Users/vikra/DOCUME~1/MATLAB/R2022b/ARDUIN~1/ARDUIN~1/FASTER~1\libcore.a(USBCore.o)
                0x00008328                USBDeviceClass::available(unsigned long)
 .text._ZN14USBDeviceClass5flushEm
                0x00008354       0x2c C:/Users/vikra/DOCUME~1/MATLAB/R2022b/ARDUIN~1/ARDUIN~1/FASTER~1\libcore.a(USBCore.o)
                0x00008354                USBDeviceClass::flush(unsigned long)
 .text._ZN14USBDeviceClass4recvEmPvm
                0x00008380       0xc4 C:/Users/vikra/DOCUME~1/MATLAB/R2022b/ARDUIN~1/ARDUIN~1/FASTER~1\libcore.a(USBCore.o)
                0x00008380                USBDeviceClass::recv(unsigned long, void*, unsigned long)
 .text._ZN14USBDeviceClass4recvEm
                0x00008444       0x1c C:/Users/vikra/DOCUME~1/MATLAB/R2022b/ARDUIN~1/ARDUIN~1/FASTER~1\libcore.a(USBCore.o)
                0x00008444                USBDeviceClass::recv(unsigned long)
 .text._ZN14USBDeviceClass14armRecvCtrlOUTEm
                0x00008460       0x60 C:/Users/vikra/DOCUME~1/MATLAB/R2022b/ARDUIN~1/ARDUIN~1/FASTER~1\libcore.a(USBCore.o)
                0x00008460                USBDeviceClass::armRecvCtrlOUT(unsigned long)
 .text._ZN14USBDeviceClass11recvControlEPvm
                0x000084c0       0x28 C:/Users/vikra/DOCUME~1/MATLAB/R2022b/ARDUIN~1/ARDUIN~1/FASTER~1\libcore.a(USBCore.o)
                0x000084c0                USBDeviceClass::recvControl(void*, unsigned long)
 .text._ZN14USBDeviceClass4sendEmPKvm
                0x000084e8      0x11c C:/Users/vikra/DOCUME~1/MATLAB/R2022b/ARDUIN~1/ARDUIN~1/FASTER~1\libcore.a(USBCore.o)
                0x000084e8                USBDeviceClass::send(unsigned long, void const*, unsigned long)
 .text._ZN14USBDeviceClass7armSendEmPKvm
                0x00008604       0x48 C:/Users/vikra/DOCUME~1/MATLAB/R2022b/ARDUIN~1/ARDUIN~1/FASTER~1\libcore.a(USBCore.o)
                0x00008604                USBDeviceClass::armSend(unsigned long, void const*, unsigned long)
 .text._ZN14USBDeviceClass11sendControlEPKvm
                0x0000864c       0x58 C:/Users/vikra/DOCUME~1/MATLAB/R2022b/ARDUIN~1/ARDUIN~1/FASTER~1\libcore.a(USBCore.o)
                0x0000864c                USBDeviceClass::sendControl(void const*, unsigned long)
 .text._ZN14USBDeviceClass20sendStringDescriptorEPKhm
                0x000086a4       0x68 C:/Users/vikra/DOCUME~1/MATLAB/R2022b/ARDUIN~1/ARDUIN~1/FASTER~1\libcore.a(USBCore.o)
                0x000086a4                USBDeviceClass::sendStringDescriptor(unsigned char const*, unsigned long)
 .text._ZN14USBDeviceClass12packMessagesEb.part.6
                0x0000870c       0x20 C:/Users/vikra/DOCUME~1/MATLAB/R2022b/ARDUIN~1/ARDUIN~1/FASTER~1\libcore.a(USBCore.o)
 .text._ZN14USBDeviceClass17sendConfigurationEm
                0x0000872c       0x90 C:/Users/vikra/DOCUME~1/MATLAB/R2022b/ARDUIN~1/ARDUIN~1/FASTER~1\libcore.a(USBCore.o)
                0x0000872c                USBDeviceClass::sendConfiguration(unsigned long)
 .text._ZN14USBDeviceClass14sendDescriptorER8USBSetup
                0x000087bc       0xec C:/Users/vikra/DOCUME~1/MATLAB/R2022b/ARDUIN~1/ARDUIN~1/FASTER~1\libcore.a(USBCore.o)
                0x000087bc                USBDeviceClass::sendDescriptor(USBSetup&)
 .text._ZN14USBDeviceClass7sendZlpEm
                0x000088a8       0x18 C:/Users/vikra/DOCUME~1/MATLAB/R2022b/ARDUIN~1/ARDUIN~1/FASTER~1\libcore.a(USBCore.o)
                0x000088a8                USBDeviceClass::sendZlp(unsigned long)
 .text._ZN14USBDeviceClass19handleStandardSetupER8USBSetup
                0x000088c0       0xfc C:/Users/vikra/DOCUME~1/MATLAB/R2022b/ARDUIN~1/ARDUIN~1/FASTER~1\libcore.a(USBCore.o)
                0x000088c0                USBDeviceClass::handleStandardSetup(USBSetup&)
 .text._ZN14USBDeviceClass10ISRHandlerEv
                0x000089bc      0x10c C:/Users/vikra/DOCUME~1/MATLAB/R2022b/ARDUIN~1/ARDUIN~1/FASTER~1\libcore.a(USBCore.o)
                0x000089bc                USBDeviceClass::ISRHandler()
 .text.UDD_Handler
                0x00008ac8       0x10 C:/Users/vikra/DOCUME~1/MATLAB/R2022b/ARDUIN~1/ARDUIN~1/FASTER~1\libcore.a(USBCore.o)
                0x00008ac8                UDD_Handler
 .text.startup._GLOBAL__sub_I_usbd
                0x00008ad8       0x10 C:/Users/vikra/DOCUME~1/MATLAB/R2022b/ARDUIN~1/ARDUIN~1/FASTER~1\libcore.a(USBCore.o)
 .text._Znwj    0x00008ae8        0x8 C:/Users/vikra/DOCUME~1/MATLAB/R2022b/ARDUIN~1/ARDUIN~1/FASTER~1\libcore.a(new.o)
                0x00008ae8                operator new(unsigned int)
 .text._ZdlPv   0x00008af0        0x8 C:/Users/vikra/DOCUME~1/MATLAB/R2022b/ARDUIN~1/ARDUIN~1/FASTER~1\libcore.a(new.o)
                0x00008af0                operator delete(void*)
 .text          0x00008af8       0x14 c:/programdata/matlab/supportpackages/r2022b/aide/tools/arm-none-eabi-gcc/4.8.3-2014q1/bin/../lib/gcc/arm-none-eabi/4.8.3/armv6-m\libgcc.a(_thumb1_case_uqi.o)
                0x00008af8                __gnu_thumb1_case_uqi
 .text          0x00008b0c       0x14 c:/programdata/matlab/supportpackages/r2022b/aide/tools/arm-none-eabi-gcc/4.8.3-2014q1/bin/../lib/gcc/arm-none-eabi/4.8.3/armv6-m\libgcc.a(_thumb1_case_uhi.o)
                0x00008b0c                __gnu_thumb1_case_uhi
 .text          0x00008b20       0x9c c:/programdata/matlab/supportpackages/r2022b/aide/tools/arm-none-eabi-gcc/4.8.3-2014q1/bin/../lib/gcc/arm-none-eabi/4.8.3/armv6-m\libgcc.a(_udivsi3.o)
                0x00008b20                __aeabi_uidiv
                0x00008b20                __udivsi3
                0x00008ba8                __aeabi_uidivmod
 .text          0x00008bbc        0x4 c:/programdata/matlab/supportpackages/r2022b/aide/tools/arm-none-eabi-gcc/4.8.3-2014q1/bin/../lib/gcc/arm-none-eabi/4.8.3/armv6-m\libgcc.a(_dvmd_tls.o)
                0x00008bbc                __aeabi_idiv0
                0x00008bbc                __aeabi_ldiv0
 .text          0x00008bc0       0x7c c:/programdata/matlab/supportpackages/r2022b/aide/tools/arm-none-eabi-gcc/4.8.3-2014q1/bin/../lib/gcc/arm-none-eabi/4.8.3/armv6-m\libgcc.a(_arm_cmpdf2.o)
                0x00008bc0                __aeabi_cdrcmple
                0x00008bd0                __aeabi_cdcmple
                0x00008bd0                __aeabi_cdcmpeq
                0x00008be0                __aeabi_dcmpeq
                0x00008bec                __aeabi_dcmplt
                0x00008c00                __aeabi_dcmple
                0x00008c14                __aeabi_dcmpgt
                0x00008c28                __aeabi_dcmpge
 *fill*         0x00008c3c        0x4 
 .text          0x00008c40       0x40 c:/programdata/matlab/supportpackages/r2022b/aide/tools/arm-none-eabi-gcc/4.8.3-2014q1/bin/../lib/gcc/arm-none-eabi/4.8.3/armv6-m\libgcc.a(_fixunsdfsi.o)
                0x00008c40                __aeabi_d2uiz
                0x00008c40                __fixunsdfsi
 .text          0x00008c80      0x638 c:/programdata/matlab/supportpackages/r2022b/aide/tools/arm-none-eabi-gcc/4.8.3-2014q1/bin/../lib/gcc/arm-none-eabi/4.8.3/armv6-m\libgcc.a(adddf3.o)
                0x00008c80                __aeabi_dadd
 .text          0x000092b8      0x648 c:/programdata/matlab/supportpackages/r2022b/aide/tools/arm-none-eabi-gcc/4.8.3-2014q1/bin/../lib/gcc/arm-none-eabi/4.8.3/armv6-m\libgcc.a(divdf3.o)
                0x000092b8                __aeabi_ddiv
 .text          0x00009900       0x94 c:/programdata/matlab/supportpackages/r2022b/aide/tools/arm-none-eabi-gcc/4.8.3-2014q1/bin/../lib/gcc/arm-none-eabi/4.8.3/armv6-m\libgcc.a(eqdf2.o)
                0x00009900                __nedf2
                0x00009900                __eqdf2
 .text          0x00009994       0xfc c:/programdata/matlab/supportpackages/r2022b/aide/tools/arm-none-eabi-gcc/4.8.3-2014q1/bin/../lib/gcc/arm-none-eabi/4.8.3/armv6-m\libgcc.a(gedf2.o)
                0x00009994                __gedf2
                0x00009994                __gtdf2
 .text          0x00009a90       0xfc c:/programdata/matlab/supportpackages/r2022b/aide/tools/arm-none-eabi-gcc/4.8.3-2014q1/bin/../lib/gcc/arm-none-eabi/4.8.3/armv6-m\libgcc.a(ledf2.o)
                0x00009a90                __ledf2
                0x00009a90                __ltdf2
 .text          0x00009b8c      0x520 c:/programdata/matlab/supportpackages/r2022b/aide/tools/arm-none-eabi-gcc/4.8.3-2014q1/bin/../lib/gcc/arm-none-eabi/4.8.3/armv6-m\libgcc.a(muldf3.o)
                0x00009b8c                __aeabi_dmul
 .text          0x0000a0ac      0x654 c:/programdata/matlab/supportpackages/r2022b/aide/tools/arm-none-eabi-gcc/4.8.3-2014q1/bin/../lib/gcc/arm-none-eabi/4.8.3/armv6-m\libgcc.a(subdf3.o)
                0x0000a0ac                __aeabi_dsub
 .text          0x0000a700       0x68 c:/programdata/matlab/supportpackages/r2022b/aide/tools/arm-none-eabi-gcc/4.8.3-2014q1/bin/../lib/gcc/arm-none-eabi/4.8.3/armv6-m\libgcc.a(fixdfsi.o)
                0x0000a700                __aeabi_d2iz
 .text          0x0000a768       0x7c c:/programdata/matlab/supportpackages/r2022b/aide/tools/arm-none-eabi-gcc/4.8.3-2014q1/bin/../lib/gcc/arm-none-eabi/4.8.3/armv6-m\libgcc.a(floatsidf.o)
                0x0000a768                __aeabi_i2d
 .text          0x0000a7e4       0x3c c:/programdata/matlab/supportpackages/r2022b/aide/tools/arm-none-eabi-gcc/4.8.3-2014q1/bin/../lib/gcc/arm-none-eabi/4.8.3/armv6-m\libgcc.a(_clzsi2.o)
                0x0000a7e4                __clzsi2
 .text.__aeabi_atexit
                0x0000a820        0xe c:/programdata/matlab/supportpackages/r2022b/aide/tools/arm-none-eabi-gcc/4.8.3-2014q1/bin/../lib/gcc/arm-none-eabi/4.8.3/../../../../arm-none-eabi/lib/armv6-m\libg_s.a(lib_a-aeabi_atexit.o)
                0x0000a820                __aeabi_atexit
 *fill*         0x0000a82e        0x2 
 .text.__cxa_atexit
                0x0000a830       0x20 c:/programdata/matlab/supportpackages/r2022b/aide/tools/arm-none-eabi-gcc/4.8.3-2014q1/bin/../lib/gcc/arm-none-eabi/4.8.3/../../../../arm-none-eabi/lib/armv6-m\libg_s.a(lib_a-cxa_atexit.o)
                0x0000a830                __cxa_atexit
 .text.__errno  0x0000a850        0xc c:/programdata/matlab/supportpackages/r2022b/aide/tools/arm-none-eabi-gcc/4.8.3-2014q1/bin/../lib/gcc/arm-none-eabi/4.8.3/../../../../arm-none-eabi/lib/armv6-m\libg_s.a(lib_a-errno.o)
                0x0000a850                __errno
 .text.__libc_init_array
                0x0000a85c       0x4c c:/programdata/matlab/supportpackages/r2022b/aide/tools/arm-none-eabi-gcc/4.8.3-2014q1/bin/../lib/gcc/arm-none-eabi/4.8.3/../../../../arm-none-eabi/lib/armv6-m\libg_s.a(lib_a-init.o)
                0x0000a85c                __libc_init_array
 .text.malloc   0x0000a8a8       0x14 c:/programdata/matlab/supportpackages/r2022b/aide/tools/arm-none-eabi-gcc/4.8.3-2014q1/bin/../lib/gcc/arm-none-eabi/4.8.3/../../../../arm-none-eabi/lib/armv6-m\libg_s.a(lib_a-malloc.o)
                0x0000a8a8                malloc
 .text.free     0x0000a8bc       0x14 c:/programdata/matlab/supportpackages/r2022b/aide/tools/arm-none-eabi-gcc/4.8.3-2014q1/bin/../lib/gcc/arm-none-eabi/4.8.3/../../../../arm-none-eabi/lib/armv6-m\libg_s.a(lib_a-malloc.o)
                0x0000a8bc                free
 .text.memcpy   0x0000a8d0       0x12 c:/programdata/matlab/supportpackages/r2022b/aide/tools/arm-none-eabi-gcc/4.8.3-2014q1/bin/../lib/gcc/arm-none-eabi/4.8.3/../../../../arm-none-eabi/lib/armv6-m\libg_s.a(lib_a-memcpy-stub.o)
                0x0000a8d0                memcpy
 .text.memset   0x0000a8e2       0x10 c:/programdata/matlab/supportpackages/r2022b/aide/tools/arm-none-eabi-gcc/4.8.3-2014q1/bin/../lib/gcc/arm-none-eabi/4.8.3/../../../../arm-none-eabi/lib/armv6-m\libg_s.a(lib_a-memset.o)
                0x0000a8e2                memset
 *fill*         0x0000a8f2        0x2 
 .text._free_r  0x0000a8f4       0x90 c:/programdata/matlab/supportpackages/r2022b/aide/tools/arm-none-eabi-gcc/4.8.3-2014q1/bin/../lib/gcc/arm-none-eabi/4.8.3/../../../../arm-none-eabi/lib/armv6-m\libg_s.a(lib_a-nano-freer.o)
                0x0000a8f4                _free_r
 .text._malloc_r
                0x0000a984       0xa8 c:/programdata/matlab/supportpackages/r2022b/aide/tools/arm-none-eabi-gcc/4.8.3-2014q1/bin/../lib/gcc/arm-none-eabi/4.8.3/../../../../arm-none-eabi/lib/armv6-m\libg_s.a(lib_a-nano-mallocr.o)
                0x0000a984                _malloc_r
 .text._sbrk_r  0x0000aa2c       0x24 c:/programdata/matlab/supportpackages/r2022b/aide/tools/arm-none-eabi-gcc/4.8.3-2014q1/bin/../lib/gcc/arm-none-eabi/4.8.3/../../../../arm-none-eabi/lib/armv6-m\libg_s.a(lib_a-sbrkr.o)
                0x0000aa2c                _sbrk_r
 .text.strlen   0x0000aa50        0xe c:/programdata/matlab/supportpackages/r2022b/aide/tools/arm-none-eabi-gcc/4.8.3-2014q1/bin/../lib/gcc/arm-none-eabi/4.8.3/../../../../arm-none-eabi/lib/armv6-m\libg_s.a(lib_a-strlen.o)
                0x0000aa50                strlen
 *fill*         0x0000aa5e        0x2 
 .text._sbrk    0x0000aa60       0x34 c:/programdata/matlab/supportpackages/r2022b/aide/tools/arm-none-eabi-gcc/4.8.3-2014q1/bin/../lib/gcc/arm-none-eabi/4.8.3/../../../../arm-none-eabi/lib/armv6-m\libnosys.a(sbrk.o)
                0x0000aa60                _sbrk
 *(.init)
 .init          0x0000aa94        0x4 c:/programdata/matlab/supportpackages/r2022b/aide/tools/arm-none-eabi-gcc/4.8.3-2014q1/bin/../lib/gcc/arm-none-eabi/4.8.3/armv6-m/crti.o
                0x0000aa94                _init
 .init          0x0000aa98        0x8 c:/programdata/matlab/supportpackages/r2022b/aide/tools/arm-none-eabi-gcc/4.8.3-2014q1/bin/../lib/gcc/arm-none-eabi/4.8.3/armv6-m/crtn.o
 *(.fini)
 .fini          0x0000aaa0        0x4 c:/programdata/matlab/supportpackages/r2022b/aide/tools/arm-none-eabi-gcc/4.8.3-2014q1/bin/../lib/gcc/arm-none-eabi/4.8.3/armv6-m/crti.o
                0x0000aaa0                _fini
 .fini          0x0000aaa4        0x8 c:/programdata/matlab/supportpackages/r2022b/aide/tools/arm-none-eabi-gcc/4.8.3-2014q1/bin/../lib/gcc/arm-none-eabi/4.8.3/armv6-m/crtn.o
 *crtbegin.o(.ctors)
 *crtbegin?.o(.ctors)
 *(EXCLUDE_FILE(*crtend.o *crtend?.o) .ctors)
 *(SORT(.ctors.*))
 *(.ctors)
 *crtbegin.o(.dtors)
 *crtbegin?.o(.dtors)
 *(EXCLUDE_FILE(*crtend.o *crtend?.o) .dtors)
 *(SORT(.dtors.*))
 *(.dtors)
 *(.rodata*)
 .rodata.rover_finalEx_M
                0x0000aaac        0x4 rover_finalEx.o
                0x0000aaac                rover_finalEx_M
 .rodata.str1.1
                0x0000aab0       0x3a MW_ArduinoHWInit.o
                                 0x3f (size before relaxing)
 *fill*         0x0000aaea        0x6 
 .rodata.atanlo
                0x0000aaf0       0x20 c:/programdata/matlab/supportpackages/r2022b/aide/tools/arm-none-eabi-gcc/4.8.3-2014q1/bin/../lib/gcc/arm-none-eabi/4.8.3/../../../../arm-none-eabi/lib/armv6-m\libm.a(lib_a-s_atan.o)
 .rodata.atanhi
                0x0000ab10       0x20 c:/programdata/matlab/supportpackages/r2022b/aide/tools/arm-none-eabi-gcc/4.8.3-2014q1/bin/../lib/gcc/arm-none-eabi/4.8.3/../../../../arm-none-eabi/lib/armv6-m\libm.a(lib_a-s_atan.o)
 .rodata.str1.4
                0x0000ab30        0x8 c:/programdata/matlab/supportpackages/r2022b/aide/tools/arm-none-eabi-gcc/4.8.3-2014q1/bin/../lib/gcc/arm-none-eabi/4.8.3/../../../../arm-none-eabi/lib/armv6-m\libm.a(lib_a-w_sqrt.o)
 .rodata._ZTV10WiFiClient
                0x0000ab38       0x60 C:/Users/vikra/DOCUME~1/MATLAB/R2022b/ARDUIN~1/ARDUIN~1/FASTER~1\libipwifi.a(WiFiClient.o)
                0x0000ab38                vtable for WiFiClient
 .rodata.str1.1
                0x0000ab98       0x14 C:/Users/vikra/DOCUME~1/MATLAB/R2022b/ARDUIN~1/ARDUIN~1/FASTER~1\libipwifi.a(WiFiClient.o)
 *fill*         0x0000abac        0x4 
 .rodata._ZTV10WiFiServer
                0x0000abb0       0x20 C:/Users/vikra/DOCUME~1/MATLAB/R2022b/ARDUIN~1/ARDUIN~1/FASTER~1\libipwifi.a(WiFiServer.o)
                0x0000abb0                vtable for WiFiServer
 .rodata.g_APinDescription
                0x0000abd0      0x318 C:/Users/vikra/DOCUME~1/MATLAB/R2022b/ARDUIN~1/ARDUIN~1/FASTER~1\libipwifi.a(variant.o)
                0x0000abd0                g_APinDescription
 .rodata._ZTV7TwoWire
                0x0000aee8       0x28 C:/Users/vikra/DOCUME~1/MATLAB/R2022b/ARDUIN~1/ARDUIN~1/FASTER~1\libcomm.a(Wire.o)
                0x0000aee8                vtable for TwoWire
 .rodata._ZTV9IPAddress
                0x0000af10       0x10 C:/Users/vikra/DOCUME~1/MATLAB/R2022b/ARDUIN~1/ARDUIN~1/FASTER~1\libcore.a(IPAddress.o)
                0x0000af10                vtable for IPAddress
 .rodata.str1.1
                0x0000af20        0xf C:/Users/vikra/DOCUME~1/MATLAB/R2022b/ARDUIN~1/ARDUIN~1/FASTER~1\libcore.a(Print.o)
 *fill*         0x0000af2f        0x1 
 .rodata._ZTV4Uart
                0x0000af30       0x38 C:/Users/vikra/DOCUME~1/MATLAB/R2022b/ARDUIN~1/ARDUIN~1/FASTER~1\libcore.a(Uart.o)
                0x0000af30                vtable for Uart
 .rodata._ZTV7Serial_
                0x0000af68       0x58 C:/Users/vikra/DOCUME~1/MATLAB/R2022b/ARDUIN~1/ARDUIN~1/FASTER~1\libcore.a(CDC.o)
                0x0000af68                vtable for Serial_
 .rodata._ZTV26DoubleBufferedEPOutHandler
                0x0000afc0       0x28 C:/Users/vikra/DOCUME~1/MATLAB/R2022b/ARDUIN~1/ARDUIN~1/FASTER~1\libcore.a(USBCore.o)
                0x0000afc0                vtable for DoubleBufferedEPOutHandler
 .rodata._ZL15STRING_LANGUAGE
                0x0000afe8        0x4 C:/Users/vikra/DOCUME~1/MATLAB/R2022b/ARDUIN~1/ARDUIN~1/FASTER~1\libcore.a(USBCore.o)
 .rodata._ZL21USB_DeviceDescriptorB
                0x0000afec       0x12 C:/Users/vikra/DOCUME~1/MATLAB/R2022b/ARDUIN~1/ARDUIN~1/FASTER~1\libcore.a(USBCore.o)
 .rodata._ZL19STRING_MANUFACTURER