Archive member included because of file (symbol)

c:/programdata/matlab/supportpackages/r2022b/aide/tools/arm-none-eabi-gcc/4.8.3-2014q1/bin/../lib/gcc/arm-none-eabi/4.8.3/../../../../arm-none-eabi/lib/armv6-m\libm.a(lib_a-s_ceil.o)
                              simulink_rover_control.o (ceil)
c:/programdata/matlab/supportpackages/r2022b/aide/tools/arm-none-eabi-gcc/4.8.3-2014q1/bin/../lib/gcc/arm-none-eabi/4.8.3/../../../../arm-none-eabi/lib/armv6-m\libm.a(lib_a-s_floor.o)
                              simulink_rover_control.o (floor)
c:/programdata/matlab/supportpackages/r2022b/aide/tools/arm-none-eabi-gcc/4.8.3-2014q1/bin/../lib/gcc/arm-none-eabi/4.8.3/../../../../arm-none-eabi/lib/armv6-m\libm.a(lib_a-w_fmod.o)
                              xcp_ext_common.o (fmod)
c:/programdata/matlab/supportpackages/r2022b/aide/tools/arm-none-eabi-gcc/4.8.3-2014q1/bin/../lib/gcc/arm-none-eabi/4.8.3/../../../../arm-none-eabi/lib/armv6-m\libm.a(lib_a-e_fmod.o)
                              c:/programdata/matlab/supportpackages/r2022b/aide/tools/arm-none-eabi-gcc/4.8.3-2014q1/bin/../lib/gcc/arm-none-eabi/4.8.3/../../../../arm-none-eabi/lib/armv6-m\libm.a(lib_a-w_fmod.o) (__ieee754_fmod)
c:/programdata/matlab/supportpackages/r2022b/aide/tools/arm-none-eabi-gcc/4.8.3-2014q1/bin/../lib/gcc/arm-none-eabi/4.8.3/../../../../arm-none-eabi/lib/armv6-m\libm.a(lib_a-s_fpclassify.o)
                              c:/programdata/matlab/supportpackages/r2022b/aide/tools/arm-none-eabi-gcc/4.8.3-2014q1/bin/../lib/gcc/arm-none-eabi/4.8.3/../../../../arm-none-eabi/lib/armv6-m\libm.a(lib_a-w_fmod.o) (__fpclassifyd)
c:/programdata/matlab/supportpackages/r2022b/aide/tools/arm-none-eabi-gcc/4.8.3-2014q1/bin/../lib/gcc/arm-none-eabi/4.8.3/../../../../arm-none-eabi/lib/armv6-m\libm.a(lib_a-s_lib_ver.o)
                              c:/programdata/matlab/supportpackages/r2022b/aide/tools/arm-none-eabi-gcc/4.8.3-2014q1/bin/../lib/gcc/arm-none-eabi/4.8.3/../../../../arm-none-eabi/lib/armv6-m\libm.a(lib_a-w_fmod.o) (__fdlib_version)
c:/programdata/matlab/supportpackages/r2022b/aide/tools/arm-none-eabi-gcc/4.8.3-2014q1/bin/../lib/gcc/arm-none-eabi/4.8.3/../../../../arm-none-eabi/lib/armv6-m\libm.a(lib_a-s_matherr.o)
                              c:/programdata/matlab/supportpackages/r2022b/aide/tools/arm-none-eabi-gcc/4.8.3-2014q1/bin/../lib/gcc/arm-none-eabi/4.8.3/../../../../arm-none-eabi/lib/armv6-m\libm.a(lib_a-w_fmod.o) (matherr)
C:/Users/vikra/DOCUME~1/MATLAB/R2022b/ARDUIN~1/ARDUIN~1/FASTER~1\libcomm.a(Wire.o)
                              MW_arduinoI2C.o (TwoWire::begin())
C:/Users/vikra/DOCUME~1/MATLAB/R2022b/ARDUIN~1/ARDUIN~1/FASTER~1\libcomm.a(variant.o)
                              io_wrappers.o (Serial1)
C:/Users/vikra/DOCUME~1/MATLAB/R2022b/ARDUIN~1/ARDUIN~1/FASTER~1\libcore.a(cortex_handlers.o)
                              (Reset_Handler)
C:/Users/vikra/DOCUME~1/MATLAB/R2022b/ARDUIN~1/ARDUIN~1/FASTER~1\libcore.a(hooks.o)
                              C:/Users/vikra/DOCUME~1/MATLAB/R2022b/ARDUIN~1/ARDUIN~1/FASTER~1\libcore.a(cortex_handlers.o) (sysTickHook)
C:/Users/vikra/DOCUME~1/MATLAB/R2022b/ARDUIN~1/ARDUIN~1/FASTER~1\libcore.a(delay.o)
                              io_wrappers.o (millis)
C:/Users/vikra/DOCUME~1/MATLAB/R2022b/ARDUIN~1/ARDUIN~1/FASTER~1\libcore.a(startup.o)
                              C:/Users/vikra/DOCUME~1/MATLAB/R2022b/ARDUIN~1/ARDUIN~1/FASTER~1\libcore.a(cortex_handlers.o) (SystemInit)
C:/Users/vikra/DOCUME~1/MATLAB/R2022b/ARDUIN~1/ARDUIN~1/FASTER~1\libcore.a(wiring.o)
                              ert_main.o (init)
C:/Users/vikra/DOCUME~1/MATLAB/R2022b/ARDUIN~1/ARDUIN~1/FASTER~1\libcore.a(wiring_analog.o)
                              C:/Users/vikra/DOCUME~1/MATLAB/R2022b/ARDUIN~1/ARDUIN~1/FASTER~1\libcore.a(wiring.o) (analogReference)
C:/Users/vikra/DOCUME~1/MATLAB/R2022b/ARDUIN~1/ARDUIN~1/FASTER~1\libcore.a(wiring_digital.o)
                              MW_arduino_digitalio.o (pinMode)
C:/Users/vikra/DOCUME~1/MATLAB/R2022b/ARDUIN~1/ARDUIN~1/FASTER~1\libcore.a(wiring_private.o)
                              C:/Users/vikra/DOCUME~1/MATLAB/R2022b/ARDUIN~1/ARDUIN~1/FASTER~1\libcomm.a(Wire.o) (pinPeripheral)
C:/Users/vikra/DOCUME~1/MATLAB/R2022b/ARDUIN~1/ARDUIN~1/FASTER~1\libcore.a(abi.o)
                              C:/Users/vikra/DOCUME~1/MATLAB/R2022b/ARDUIN~1/ARDUIN~1/FASTER~1\libcomm.a(Wire.o) (__cxa_pure_virtual)
C:/Users/vikra/DOCUME~1/MATLAB/R2022b/ARDUIN~1/ARDUIN~1/FASTER~1\libcore.a(Print.o)
                              C:/Users/vikra/DOCUME~1/MATLAB/R2022b/ARDUIN~1/ARDUIN~1/FASTER~1\libcomm.a(Wire.o) (Print::write(unsigned char const*, unsigned int))
C:/Users/vikra/DOCUME~1/MATLAB/R2022b/ARDUIN~1/ARDUIN~1/FASTER~1\libcore.a(Reset.o)
                              C:/Users/vikra/DOCUME~1/MATLAB/R2022b/ARDUIN~1/ARDUIN~1/FASTER~1\libcore.a(delay.o) (tickReset)
C:/Users/vikra/DOCUME~1/MATLAB/R2022b/ARDUIN~1/ARDUIN~1/FASTER~1\libcore.a(SERCOM.o)
[...]
Memory Configuration

Name             Origin             Length             Attributes
FLASH            0x00002000         0x0003e000         xr
RAM              0x20000000         0x00008000         xrw
*default*        0x00000000         0xffffffff

Linker script and memory map

LOAD c:/programdata/matlab/supportpackages/r2022b/aide/tools/arm-none-eabi-gcc/4.8.3-2014q1/bin/../lib/gcc/arm-none-eabi/4.8.3/armv6-m/crti.o
LOAD c:/programdata/matlab/supportpackages/r2022b/aide/tools/arm-none-eabi-gcc/4.8.3-2014q1/bin/../lib/gcc/arm-none-eabi/4.8.3/armv6-m/crtbegin.o
LOAD c:/programdata/matlab/supportpackages/r2022b/aide/tools/arm-none-eabi-gcc/4.8.3-2014q1/bin/../lib/gcc/arm-none-eabi/4.8.3/../../../../arm-none-eabi/lib/armv6-m/crt0.o
START GROUP
LOAD C:/ProgramData/MATLAB/SupportPackages/R2022b/aIDE/portable/packages/arduino/tools/CMSIS/4.5.0/CMSIS/Lib/GCC\libarm_cortexM0l_math.a
LOAD MW_arduinoI2C.o
LOAD MW_arduino_digitalio.o
LOAD xcp_ext_mode.o
LOAD simulink_rover_control.o
LOAD simulink_rover_control_data.o
LOAD xcp_ext_common.o
LOAD xcp_ext_classic_trigger.o
LOAD xcp.o
LOAD xcp_standard.o
LOAD xcp_daq.o
LOAD xcp_calibration.o
LOAD xcp_fifo.o
LOAD xcp_transport.o
LOAD xcp_mem_default.o
LOAD xcp_drv_rtiostream.o
LOAD xcp_utils.o
LOAD xcp_frame_serial.o
LOAD xcp_ext_param_default_serial.o
LOAD MW_ArduinoHWInit.o
LOAD io_wrappers.o
LOAD arduinoARM_M0plusScheduler.o
LOAD m0m1m0plus_multitasking.o
LOAD rtiostream_serial_daemon.o
LOAD sys_arch.o
LOAD ert_main.o
LOAD C:/Users/vikra/DOCUME~1/MATLAB/R2022b/ARDUIN~1/ARDUIN~1/FASTER~1/MW_RebuildSrc_Comm.o
LOAD C:/Users/vikra/DOCUME~1/MATLAB/R2022b/ARDUIN~1/ARDUIN~1/FASTER~1/MW_RebuildSrc_Core.o
END GROUP
LOAD c:/programdata/matlab/supportpackages/r2022b/aide/tools/arm-none-eabi-gcc/4.8.3-2014q1/bin/../lib/gcc/arm-none-eabi/4.8.3/../../../../arm-none-eabi/lib/armv6-m\libm.a
LOAD C:/Users/vikra/DOCUME~1/MATLAB/R2022b/ARDUIN~1/ARDUIN~1/FASTER~1\libcomm.a
LOAD C:/Users/vikra/DOCUME~1/MATLAB/R2022b/ARDUIN~1/ARDUIN~1/FASTER~1\libcore.a
START GROUP
LOAD c:/programdata/matlab/supportpackages/r2022b/aide/tools/arm-none-eabi-gcc/4.8.3-2014q1/bin/../lib/gcc/arm-none-eabi/4.8.3/armv6-m\libgcc.a
LOAD c:/programdata/matlab/supportpackages/r2022b/aide/tools/arm-none-eabi-gcc/4.8.3-2014q1/bin/../lib/gcc/arm-none-eabi/4.8.3/../../../../arm-none-eabi/lib/armv6-m\libg_s.a
LOAD c:/programdata/matlab/supportpackages/r2022b/aide/tools/arm-none-eabi-gcc/4.8.3-2014q1/bin/../lib/gcc/arm-none-eabi/4.8.3/../../../../arm-none-eabi/lib/armv6-m\libc_s.a
END GROUP
START GROUP
LOAD c:/programdata/matlab/supportpackages/r2022b/aide/tools/arm-none-eabi-gcc/4.8.3-2014q1/bin/../lib/gcc/arm-none-eabi/4.8.3/armv6-m\libgcc.a
LOAD c:/programdata/matlab/supportpackages/r2022b/aide/tools/arm-none-eabi-gcc/4.8.3-2014q1/bin/../lib/gcc/arm-none-eabi/4.8.3/../../../../arm-none-eabi/lib/armv6-m\libc_s.a
LOAD c:/programdata/matlab/supportpackages/r2022b/aide/tools/arm-none-eabi-gcc/4.8.3-2014q1/bin/../lib/gcc/arm-none-eabi/4.8.3/../../../../arm-none-eabi/lib/armv6-m\libnosys.a
END GROUP
START GROUP
LOAD c:/programdata/matlab/supportpackages/r2022b/aide/tools/arm-none-eabi-gcc/4.8.3-2014q1/bin/../lib/gcc/arm-none-eabi/4.8.3/armv6-m\libgcc.a
LOAD c:/programdata/matlab/supportpackages/r2022b/aide/tools/arm-none-eabi-gcc/4.8.3-2014q1/bin/../lib/gcc/arm-none-eabi/4.8.3/../../../../arm-none-eabi/lib/armv6-m\libc_s.a
LOAD c:/programdata/matlab/supportpackages/r2022b/aide/tools/arm-none-eabi-gcc/4.8.3-2014q1/bin/../lib/gcc/arm-none-eabi/4.8.3/../../../../arm-none-eabi/lib/armv6-m\libnosys.a
END GROUP
LOAD c:/programdata/matlab/supportpackages/r2022b/aide/tools/arm-none-eabi-gcc/4.8.3-2014q1/bin/../lib/gcc/arm-none-eabi/4.8.3/armv6-m/crtend.o
LOAD c:/programdata/matlab/supportpackages/r2022b/aide/tools/arm-none-eabi-gcc/4.8.3-2014q1/bin/../lib/gcc/arm-none-eabi/4.8.3/armv6-m/crtn.o

.text           0x00002000     0x9260
                0x00002000                __text_start__ = .
 *(.sketch_boot)
                0x00002000                . = ALIGN (0x2000)
 *(.isr_vector)
 .isr_vector    0x00002000       0xb4 C:/Users/vikra/DOCUME~1/MATLAB/R2022b/ARDUIN~1/ARDUIN~1/FASTER~1\libcore.a(cortex_handlers.o)
                0x00002000                exception_table
 *(.text*)
 .text          0x000020b4       0x60 c:/programdata/matlab/supportpackages/r2022b/aide/tools/arm-none-eabi-gcc/4.8.3-2014q1/bin/../lib/gcc/arm-none-eabi/4.8.3/armv6-m/crtbegin.o
 .text.MW_I2C_Open
                0x00002114       0x24 MW_arduinoI2C.o
                0x00002114                MW_I2C_Open
 .text.MW_I2C_SetBusSpeed
                0x00002138       0x20 MW_arduinoI2C.o
                0x00002138                MW_I2C_SetBusSpeed
 .text.MW_I2C_MasterRead
                0x00002158       0x5c MW_arduinoI2C.o
                0x00002158                MW_I2C_MasterRead
 .text.MW_I2C_MasterWrite
                0x000021b4       0x4a MW_arduinoI2C.o
                0x000021b4                MW_I2C_MasterWrite
 .text.MW_I2C_Close
                0x000021fe        0x2 MW_arduinoI2C.o
                0x000021fe                MW_I2C_Close
 .text.digitalIOSetup
                0x00002200       0x12 MW_arduino_digitalio.o
                0x00002200                digitalIOSetup
 .text.writeDigitalPin
                0x00002212        0xe MW_arduino_digitalio.o
                0x00002212                writeDigitalPin
 .text.extmodeParseArgs
                0x00002220        0x4 xcp_ext_mode.o
                0x00002220                extmodeParseArgs
 *fill*         0x00002224        0x4 
 .text.extmodeInit
                0x00002228       0xa8 xcp_ext_mode.o
                0x00002228                extmodeInit
 .text.extmodeWaitForHostRequest
                0x000022d0       0x88 xcp_ext_mode.o
                0x000022d0                extmodeWaitForHostRequest
 .text.extmodeEvent
                0x00002358       0x90 xcp_ext_mode.o
                0x00002358                extmodeEvent
 .text.extmodeBackgroundRun
                0x000023e8        0xa xcp_ext_mode.o
                0x000023e8                extmodeBackgroundRun
 *fill*         0x000023f2        0x2 
 .text.extmodeReset
                0x000023f4       0x28 xcp_ext_mode.o
                0x000023f4                extmodeReset
 .text.extmodeStopRequested
                0x0000241c        0xc xcp_ext_mode.o
                0x0000241c                extmodeStopRequested
 .text.extmodeSimulationComplete
                0x00002428        0xc xcp_ext_mode.o
                0x00002428                extmodeSimulationComplete
 .text.mul_wide_s32
                0x00002434       0x72 simulink_rover_control.o
                0x00002434                mul_wide_s32
 *fill*         0x000024a6        0x2 
 .text.mul_s32_sat
                0x000024a8       0x38 simulink_rover_control.o
                0x000024a8                mul_s32_sat
 .text.mkrmotorcarrier_ServoMotor_Serv.isra.0.constprop.7
                0x000024e0       0x98 simulink_rover_control.o
 .text.rt_roundd_snf
                0x00002578       0x90 simulink_rover_control.o
                0x00002578                rt_roundd_snf
 .text.simulink_rover_control_step
                0x00002608      0x3f0 simulink_rover_control.o
                0x00002608                simulink_rover_control_step
 .text.simulink_rover_control_initialize
                0x000029f8      0x378 simulink_rover_control.o
                0x000029f8                simulink_rover_control_initialize
 .text.simulink_rover_control_terminate
                0x00002d70      0x1e4 simulink_rover_control.o
                0x00002d70                simulink_rover_control_terminate
 *fill*         0x00002f54        0x4 
 .text.xcpExtModeUpdateTime
                0x00002f58       0xf0 xcp_ext_common.o
                0x00002f58                xcpExtModeUpdateTime
 .text.xcpExtModeGetUpdatedTimestamp
                0x00003048       0x48 xcp_ext_common.o
                0x00003048                xcpExtModeGetUpdatedTimestamp
 .text.xcpExtModeInit
                0x00003090       0x50 xcp_ext_common.o
                0x00003090                xcpExtModeInit
 .text.xcpExtModeRunBackground
                0x000030e0       0x74 xcp_ext_common.o
                0x000030e0                xcpExtModeRunBackground
 *fill*         0x00003154        0x4 
 .text.xcpExtModeReset
                0x00003158       0xb8 xcp_ext_common.o
                0x00003158                xcpExtModeReset
 .text.xcpExtModeClassicTriggerInit
                0x00003210       0x58 xcp_ext_classic_trigger.o
                0x00003210                xcpExtModeClassicTriggerInit
 .text.xcpExtModeClassicTriggerEnabled
                0x00003268      0x34c xcp_ext_classic_trigger.o
                0x00003268                xcpExtModeClassicTriggerEnabled
 *fill*         0x000035b4        0x4 
 .text.xcpExtModeClassicTriggerReset
                0x000035b8       0xc8 xcp_ext_classic_trigger.o
                0x000035b8                xcpExtModeClassicTriggerReset
 .text.xcpExtModeClassicTriggerForceEnableStatusUpdate
                0x00003680       0x50 xcp_ext_classic_trigger.o
                0x00003680                xcpExtModeClassicTriggerForceEnableStatusUpdate
 .text.unknownInputPacketHandler
                0x000036d0        0xa xcp.o
 .text.discardInputPacketHandler
                0x000036da       0x12 xcp.o
 .text.genericOutputPacketHandler
                0x000036ec       0x68 xcp.o
                0x000036ec                genericOutputPacketHandler
 .text.xcpStatusSet
                0x00003754        0xc xcp.o
                0x00003754                xcpStatusSet
 .text.xcpSessionStatusGet
                0x00003760        0xc xcp.o
                0x00003760                xcpSessionStatusGet
 .text.xcpSessionStatusSetMask
                0x0000376c       0x10 xcp.o
                0x0000376c                xcpSessionStatusSetMask
 .text.xcpSessionStatusClearMask
                0x0000377c       0x10 xcp.o
                0x0000377c                xcpSessionStatusClearMask
 .text.xcpResourceProtectionStatusGet
                0x0000378c        0xc xcp.o
                0x0000378c                xcpResourceProtectionStatusGet
 .text.xcpSessionConfigurationIdGet
                0x00003798        0xc xcp.o
                0x00003798                xcpSessionConfigurationIdGet
 .text.xcpFindPacket
                0x000037a4       0x2a xcp.o
                0x000037a4                xcpFindPacket
 *fill*         0x000037ce        0x2 
 .text.xcpInit  0x000037d0       0x40 xcp.o
                0x000037d0                xcpInit
 .text.xcpRun   0x00003810      0x1a0 xcp.o
                0x00003810                xcpRun
 .text.xcpEventExternalTimestamp
                0x000039b0       0x1c xcp.o
                0x000039b0                xcpEventExternalTimestamp
 .text.xcpGetStatus
                0x000039cc        0xc xcp.o
                0x000039cc                xcpGetStatus
 .text.xcpReset
                0x000039d8       0x28 xcp.o
                0x000039d8                xcpReset
 .text.xcpPackedModeEventsFlush
                0x00003a00        0x8 xcp.o
                0x00003a00                xcpPackedModeEventsFlush
 .text.xcpPackedModeEventReset
                0x00003a08        0xc xcp.o
                0x00003a08                xcpPackedModeEventReset
 .text.getStatusInputPacketHandler
                0x00003a14        0x8 xcp_standard.o
 .text.getPacket
                0x00003a1c       0x10 xcp_standard.o
 .text.uploadInputPacketHandler
                0x00003a2c       0x40 xcp_standard.o
 .text.synchInputPacketHandler
                0x00003a6c       0x1e xcp_standard.o
 .text.getStatusOutputPacketHandler
                0x00003a8a       0x2a xcp_standard.o
 .text.disconnectInputPacketHandler
                0x00003ab4       0x24 xcp_standard.o
 .text.connectInputPacketHandler
                0x00003ad8       0x34 xcp_standard.o
 .text.connectOutputPacketHandler
                0x00003b0c       0x3e xcp_standard.o
 *fill*         0x00003b4a        0x2 
 .text.xcpStandardInit
                0x00003b4c       0x10 xcp_standard.o
                0x00003b4c                xcpStandardInit
 .text.xcpStandardGetPacketLookup
                0x00003b5c        0xc xcp_standard.o
                0x00003b5c                xcpStandardGetPacketLookup
 .text.xcpStandardReset
                0x00003b68        0xc xcp_standard.o
                0x00003b68                xcpStandardReset
 .text.xcpStandardGetAddressFromMta
                0x00003b74        0xc xcp_standard.o
                0x00003b74                xcpStandardGetAddressFromMta
 .text.xcpStandardSetMta
                0x00003b80       0x1c xcp_standard.o
                0x00003b80                xcpStandardSetMta
 .text.shortUploadInputPacketHandler
                0x00003b9c       0x54 xcp_standard.o
 .text.setMTAInputPacketHandler
                0x00003bf0       0x36 xcp_standard.o
 *fill*         0x00003c26        0x2 
 .text.xcpStandardIncrementMta
                0x00003c28       0x10 xcp_standard.o
                0x00003c28                xcpStandardIncrementMta
 .text.shortUploadOutputPacketHandler
                0x00003c38       0x40 xcp_standard.o
 .text.uploadOutputPacketHandler
                0x00003c78       0x40 xcp_standard.o
 .text.isActiveDaqList
                0x00003cb8       0x20 xcp_daq.o
 .text.noActiveDaqLists
                0x00003cd8       0x2c xcp_daq.o
 .text.isValidDaqPtr
                0x00003d04       0x44 xcp_daq.o
 .text.isDaqPackedModeEnabled
                0x00003d48       0x30 xcp_daq.o
 .text.setDaqPtrInputPacketHandler
                0x00003d78       0x50 xcp_daq.o
 .text.writeDaqInputPacketHandler
                0x00003dc8       0x98 xcp_daq.o
 .text.setDaqListModeInputPacketHandler
                0x00003e60       0x88 xcp_daq.o
 .text.getDaqProcessorInfoInputPacketHandler
                0x00003ee8        0x8 xcp_daq.o
 .text.getDaqResolutionInfoInputPacketHandler
                0x00003ef0        0x8 xcp_daq.o
 .text.level1CommandInputPacketHandler
                0x00003ef8       0x98 xcp_daq.o
 .text.getDaqResolutionInfoOutputPacketHandler
                0x00003f90       0x28 xcp_daq.o
 .text.getDaqProcessorInfoOutputPacketHandler
                0x00003fb8       0x2a xcp_daq.o
 *fill*         0x00003fe2        0x2 
 .text.getPacket
                0x00003fe4       0x10 xcp_daq.o
 .text.allocOdtEntryInputPacketHandler
                0x00003ff4       0xa0 xcp_daq.o
 .text.allocOdtInputPacketHandler
                0x00004094       0x88 xcp_daq.o
 .text.allocDaqInputPacketHandler
                0x0000411c       0x8c xcp_daq.o
 .text.createDaqReservedPool
                0x000041a8       0x54 xcp_daq.o
 .text.startStopDaqListOutputPacketHandler
                0x000041fc       0x2c xcp_daq.o
 .text.xcpDaqWriteLock.isra.2
                0x00004228       0x28 xcp_daq.o
 .text.xcpDaqWriteUnlock.isra.3
                0x00004250       0x10 xcp_daq.o
 .text.startStopDaqListInputPacketHandler
                0x00004260      0x1d8 xcp_daq.o
 .text.startStopSynchInputPacketHandler
                0x00004438      0x13c xcp_daq.o
 .text.xcpDaqInit
                0x00004574       0x2c xcp_daq.o
                0x00004574                xcpDaqInit
 .text.xcpDaqGetPacketLookup
                0x000045a0        0xc xcp_daq.o
                0x000045a0                xcpDaqGetPacketLookup
 .text.xcpDaqEvent
                0x000045ac      0x2a4 xcp_daq.o
                0x000045ac                xcpDaqEvent
 .text.xcpDaqEventsFlush
                0x00004850       0xe0 xcp_daq.o
                0x00004850                xcpDaqEventsFlush
 .text.xcpDaqLock
                0x00004930        0x8 xcp_daq.o
                0x00004930                xcpDaqLock
 .text.xcpDaqUnlock
                0x00004938        0x8 xcp_daq.o
                0x00004938                xcpDaqUnlock
 .text.xcpResetDaqListStatus
                0x00004940       0xb0 xcp_daq.o
                0x00004940                xcpResetDaqListStatus
 .text.freeDaqInputPacketHandler
                0x000049f0       0x24 xcp_daq.o
 .text.xcpDaqReset
                0x00004a14       0x1c xcp_daq.o
                0x00004a14                xcpDaqReset
 .text.getPacket
                0x00004a30       0x10 xcp_calibration.o
 .text.shortDownloadInputPacketHandler
                0x00004a40       0x60 xcp_calibration.o
 .text.downloadInputPacketHandler
                0x00004aa0       0x4e xcp_calibration.o
 *fill*         0x00004aee        0x2 
 .text.xcpCalibrationInit
                0x00004af0       0x10 xcp_calibration.o
                0x00004af0                xcpCalibrationInit
 .text.xcpCalibrationGetPacketLookup
                0x00004b00        0xc xcp_calibration.o
                0x00004b00                xcpCalibrationGetPacketLookup
 .text.xcpCalibrationReset
                0x00004b0c        0x2 xcp_calibration.o
                0x00004b0c                xcpCalibrationReset
 .text.xcpFifoInit
                0x00004b0e        0x8 xcp_fifo.o
                0x00004b0e                xcpFifoInit
 .text.xcpFifoEnqueue
                0x00004b16        0xc xcp_fifo.o
                0x00004b16                xcpFifoEnqueue
 .text.xcpFifoDequeue
                0x00004b22       0x16 xcp_fifo.o
                0x00004b22                xcpFifoDequeue
 .text.xcpFifoEnqueueHead
                0x00004b38        0xe xcp_fifo.o
                0x00004b38                xcpFifoEnqueueHead
 .text.xcpFifoReset
                0x00004b46        0x8 xcp_fifo.o
                0x00004b46                xcpFifoReset
 *fill*         0x00004b4e        0x2 
 .text.xcpTransportEmptyTxFifo
                0x00004b50       0x44 xcp_transport.o
 .text.xcpTransportEmptyRxFifo
                0x00004b94       0x38 xcp_transport.o
 .text.xcpTransportTxReady
                0x00004bcc        0x4 xcp_transport.o
                0x00004bcc                xcpTransportTxReady
 .text.xcpTransportTxTrigger
                0x00004bd0        0x4 xcp_transport.o
                0x00004bd0                xcpTransportTxTrigger
 .text.xcpTransportTx
                0x00004bd4       0x8c xcp_transport.o
                0x00004bd4                xcpTransportTx
 .text.xcpTransportRx
                0x00004c60       0x50 xcp_transport.o
                0x00004c60                xcpTransportRx
 .text.xcpTransportPacketOffset
                0x00004cb0        0xa xcp_transport.o
                0x00004cb0                xcpTransportPacketOffset
 *fill*         0x00004cba        0x2 
 .text.xcpTransportTxPacketSet
                0x00004cbc       0x80 xcp_transport.o
                0x00004cbc                xcpTransportTxPacketSet
 .text.xcpTransportRxPacketGet
                0x00004d3c       0x84 xcp_transport.o
                0x00004d3c                xcpTransportRxPacketGet
 .text.xcpTransportMsgBufferSize
                0x00004dc0       0x2a xcp_transport.o
                0x00004dc0                xcpTransportMsgBufferSize
 *fill*         0x00004dea        0x2 
 .text.xcpTransportInit
                0x00004dec       0x84 xcp_transport.o
                0x00004dec                xcpTransportInit
 .text.xcpTransportMaxDtoSize
                0x00004e70        0x8 xcp_transport.o
                0x00004e70                xcpTransportMaxDtoSize
 .text.xcpTransportMaxCtoSize
                0x00004e78        0x8 xcp_transport.o
                0x00004e78                xcpTransportMaxCtoSize
 .text.xcpTransportRestart
                0x00004e80       0x16 xcp_transport.o
                0x00004e80                xcpTransportRestart
 .text.xcpTransportResynch
                0x00004e96       0x12 xcp_transport.o
                0x00004e96                xcpTransportResynch
 .text.xcpTransportCtoReservedMemPoolId
                0x00004ea8        0xc xcp_transport.o
                0x00004ea8                xcpTransportCtoReservedMemPoolId
 .text.xcpTransportReset
                0x00004eb4       0x58 xcp_transport.o
                0x00004eb4                xcpTransportReset
 .text.xcpInitializePoolMemoryArea
                0x00004f0c       0x34 xcp_mem_default.o
 .text.xcpMemInit
                0x00004f40       0xac xcp_mem_default.o
                0x00004f40                xcpMemInit
 .text.xcpMemAlloc
                0x00004fec       0x64 xcp_mem_default.o
                0x00004fec                xcpMemAlloc
 .text.xcpMemFree
                0x00005050       0x78 xcp_mem_default.o
                0x00005050                xcpMemFree
 .text.xcpMemReservedPoolCreate
                0x000050c8       0xf0 xcp_mem_default.o
                0x000050c8                xcpMemReservedPoolCreate
 .text.xcpMemReservedPoolDestroy
                0x000051b8       0x90 xcp_mem_default.o
                0x000051b8                xcpMemReservedPoolDestroy
 .text.xcpMemCustomPoolCreate
                0x00005248       0x54 xcp_mem_default.o
                0x00005248                xcpMemCustomPoolCreate
 .text.xcpMemCustomPoolDestroy
                0x0000529c       0x2c xcp_mem_default.o
                0x0000529c                xcpMemCustomPoolDestroy
 .text.xcpMemAllocFromPool
                0x000052c8       0x7c xcp_mem_default.o
                0x000052c8                xcpMemAllocFromPool
 .text.xcpMemReset
                0x00005344       0x48 xcp_mem_default.o
                0x00005344                xcpMemReset
 .text.xcpDrvOpen
                0x0000538c       0x24 xcp_drv_rtiostream.o
                0x0000538c                xcpDrvOpen
 .text.xcpDrvIoctl
                0x000053b0       0x18 xcp_drv_rtiostream.o
                0x000053b0                xcpDrvIoctl
 .text.xcpDrvSend
                0x000053c8       0x94 xcp_drv_rtiostream.o
                0x000053c8                xcpDrvSend
 .text.xcpDrvRecv
                0x0000545c       0x94 xcp_drv_rtiostream.o
                0x0000545c                xcpDrvRecv
 .text.xcpDrvClose
                0x000054f0       0x28 xcp_drv_rtiostream.o
                0x000054f0                xcpDrvClose
 .text.xcpSortArray
                0x00005518       0x3e xcp_utils.o
                0x00005518                xcpSortArray
 *fill*         0x00005556        0x2 
 .text.xcpSxiChecksum
                0x00005558       0x20 xcp_frame_serial.o
                0x00005558                xcpSxiChecksum
 .text.xcpFrameInit
                0x00005578       0x3c xcp_frame_serial.o
                0x00005578                xcpFrameInit
 .text.xcpFrameMsgSend
                0x000055b4       0xa4 xcp_frame_serial.o
                0x000055b4                xcpFrameMsgSend
 .text.xcpFrameMsgRecv
                0x00005658       0xbc xcp_frame_serial.o
                0x00005658                xcpFrameMsgRecv
 .text.xcpFrameCreateMsg
                0x00005714       0x28 xcp_frame_serial.o
                0x00005714                xcpFrameCreateMsg
 .text.xcpFrameExtractPacket
                0x0000573c       0xa8 xcp_frame_serial.o
                0x0000573c                xcpFrameExtractPacket
 .text.xcpFrameHeaderSize
                0x000057e4        0x4 xcp_frame_serial.o
                0x000057e4                xcpFrameHeaderSize
 .text.xcpFrameTailSize
                0x000057e8        0x4 xcp_frame_serial.o
                0x000057e8                xcpFrameTailSize
 .text.xcpFrameMaxDtoSize
                0x000057ec        0x8 xcp_frame_serial.o
                0x000057ec                xcpFrameMaxDtoSize
 .text.xcpFrameMaxCtoSize
                0x000057f4        0x4 xcp_frame_serial.o
                0x000057f4                xcpFrameMaxCtoSize
 .text.xcpFrameRestart
                0x000057f8       0x1c xcp_frame_serial.o
                0x000057f8                xcpFrameRestart
 .text.xcpFrameSetCtoReservedMemPoolId
                0x00005814        0xc xcp_frame_serial.o
                0x00005814                xcpFrameSetCtoReservedMemPoolId
 .text.xcpFrameReset
                0x00005820       0x38 xcp_frame_serial.o
                0x00005820                xcpFrameReset
 .text.xcpTransportGetInitParameters
                0x00005858       0x10 xcp_ext_param_default_serial.o
                0x00005858                xcpTransportGetInitParameters
 .text.xcpGetInitParameters
                0x00005868       0x10 xcp_ext_param_default_serial.o
                0x00005868                xcpGetInitParameters
 .text._ZN7TwoWire5writeEi
                0x00005878        0xc MW_ArduinoHWInit.o
                0x00005878                TwoWire::write(int)
 .text.MW_Arduino_Terminate
                0x00005884        0x8 MW_ArduinoHWInit.o
                0x00005884                MW_Arduino_Terminate
 .text._Z35MW_EnableNanoCarrierBatteryChargingv
                0x0000588c       0xa8 MW_ArduinoHWInit.o
                0x0000588c                MW_EnableNanoCarrierBatteryCharging()
 .text.MW_Arduino_Init
                0x00005934       0x18 MW_ArduinoHWInit.o
                0x00005934                MW_Arduino_Init
 .text.MW_usbattach
                0x0000594c       0x1c io_wrappers.o
                0x0000594c                MW_usbattach
 .text.Serial_begin
                0x00005968       0x48 io_wrappers.o
                0x00005968                Serial_begin
 .text._ZL13Scheduler_Isrv
                0x000059b0        0xc arduinoARM_M0plusScheduler.o
 .text.resetExternalChip
                0x000059bc        0x2 arduinoARM_M0plusScheduler.o
                0x000059bc                resetExternalChip
 *fill*         0x000059be        0x2 
 .text.RTC_Handler
                0x000059c0       0x20 arduinoARM_M0plusScheduler.o
                0x000059c0                RTC_Handler
 .text.Setup_SchedulerRTC
                0x000059e0       0xac arduinoARM_M0plusScheduler.o
                0x000059e0                Setup_SchedulerRTC
 .text.configureArduinoARM_M0plusTimer
                0x00005a8c       0x14 arduinoARM_M0plusScheduler.o
                0x00005a8c                configureArduinoARM_M0plusTimer
 .text.disable_rt_OneStep
                0x00005aa0       0x14 arduinoARM_M0plusScheduler.o
                0x00005aa0                disable_rt_OneStep
 .text.MW_Arduino_Loop
                0x00005ab4        0x4 arduinoARM_M0plusScheduler.o
                0x00005ab4                MW_Arduino_Loop
 .text.arm_cortex_m_call_thread_with_context_switch
                0x00005ab8       0x24 m0m1m0plus_multitasking.o
                0x00005ab8                arm_cortex_m_call_thread_with_context_switch
 .text.SVC_Handler
                0x00005adc       0x2c m0m1m0plus_multitasking.o
                0x00005adc                SVC_Handler
 .text.rtIOStreamOpen
                0x00005b08       0x2c rtiostream_serial_daemon.o
                0x00005b08                rtIOStreamOpen
 .text.rtIOStreamRecv
                0x00005b34       0x64 rtiostream_serial_daemon.o
                0x00005b34                rtIOStreamRecv
 .text.rtIOStreamClose
                0x00005b98       0x24 rtiostream_serial_daemon.o
                0x00005b98                rtIOStreamClose
 .text.rtIOStreamSend
                0x00005bbc       0x18 rtiostream_serial_daemon.o
                0x00005bbc                rtIOStreamSend
 .text.sys_arch_protect
                0x00005bd4        0x8 sys_arch.o
                0x00005bd4                sys_arch_protect
 .text.sys_arch_unprotect
                0x00005bdc        0x6 sys_arch.o
                0x00005bdc                sys_arch_unprotect
 *fill*         0x00005be2        0x2 
 .text.rt_OneStep
                0x00005be4       0x48 ert_main.o
                0x00005be4                rt_OneStep
 .text.startup.main
                0x00005c2c       0xf0 ert_main.o
                0x00005c2c                main
 *fill*         0x00005d1c        0x4 
 .text.ceil     0x00005d20      0x168 c:/programdata/matlab/supportpackages/r2022b/aide/tools/arm-none-eabi-gcc/4.8.3-2014q1/bin/../lib/gcc/arm-none-eabi/4.8.3/../../../../arm-none-eabi/lib/armv6-m\libm.a(lib_a-s_ceil.o)
                0x00005d20                ceil
 .text.floor    0x00005e88      0x170 c:/programdata/matlab/supportpackages/r2022b/aide/tools/arm-none-eabi-gcc/4.8.3-2014q1/bin/../lib/gcc/arm-none-eabi/4.8.3/../../../../arm-none-eabi/lib/armv6-m\libm.a(lib_a-s_floor.o)
                0x00005e88                floor
 .text.fmod     0x00005ff8       0xd0 c:/programdata/matlab/supportpackages/r2022b/aide/tools/arm-none-eabi-gcc/4.8.3-2014q1/bin/../lib/gcc/arm-none-eabi/4.8.3/../../../../arm-none-eabi/lib/armv6-m\libm.a(lib_a-w_fmod.o)
                0x00005ff8                fmod
 .text.__ieee754_fmod
                0x000060c8      0x29c c:/programdata/matlab/supportpackages/r2022b/aide/tools/arm-none-eabi-gcc/4.8.3-2014q1/bin/../lib/gcc/arm-none-eabi/4.8.3/../../../../arm-none-eabi/lib/armv6-m\libm.a(lib_a-e_fmod.o)
                0x000060c8                __ieee754_fmod
 .text.__fpclassifyd
                0x00006364       0x60 c:/programdata/matlab/supportpackages/r2022b/aide/tools/arm-none-eabi-gcc/4.8.3-2014q1/bin/../lib/gcc/arm-none-eabi/4.8.3/../../../../arm-none-eabi/lib/armv6-m\libm.a(lib_a-s_fpclassify.o)
                0x00006364                __fpclassifyd
 .text.matherr  0x000063c4        0x4 c:/programdata/matlab/supportpackages/r2022b/aide/tools/arm-none-eabi-gcc/4.8.3-2014q1/bin/../lib/gcc/arm-none-eabi/4.8.3/../../../../arm-none-eabi/lib/armv6-m\libm.a(lib_a-s_matherr.o)
                0x000063c4                matherr
 .text._ZN5Print17availableForWriteEv
                0x000063c8        0x4 C:/Users/vikra/DOCUME~1/MATLAB/R2022b/ARDUIN~1/ARDUIN~1/FASTER~1\libcomm.a(Wire.o)
                0x000063c8                Print::availableForWrite()
 .text._ZN7TwoWire5writeEPKhj
                0x000063cc       0x24 C:/Users/vikra/DOCUME~1/MATLAB/R2022b/ARDUIN~1/ARDUIN~1/FASTER~1\libcomm.a(Wire.o)
                0x000063cc                TwoWire::write(unsigned char const*, unsigned int)
 .text._ZN7TwoWire5flushEv
                0x000063f0        0x2 C:/Users/vikra/DOCUME~1/MATLAB/R2022b/ARDUIN~1/ARDUIN~1/FASTER~1\libcomm.a(Wire.o)
                0x000063f0                TwoWire::flush()
 .text._ZN7TwoWire4peekEv
                0x000063f2       0x1a C:/Users/vikra/DOCUME~1/MATLAB/R2022b/ARDUIN~1/ARDUIN~1/FASTER~1\libcomm.a(Wire.o)
                0x000063f2                TwoWire::peek()
 .text._ZN7TwoWire9availableEv
                0x0000640c       0x12 C:/Users/vikra/DOCUME~1/MATLAB/R2022b/ARDUIN~1/ARDUIN~1/FASTER~1\libcomm.a(Wire.o)
                0x0000640c                TwoWire::available()
 *fill*         0x0000641e        0x2 
 .text._ZN7TwoWireC2EP6SERCOMhh
                0x00006420       0x5c C:/Users/vikra/DOCUME~1/MATLAB/R2022b/ARDUIN~1/ARDUIN~1/FASTER~1\libcomm.a(Wire.o)
                0x00006420                TwoWire::TwoWire(SERCOM*, unsigned char, unsigned char)
                0x00006420                TwoWire::TwoWire(SERCOM*, unsigned char, unsigned char)
 .text._ZN7TwoWire5beginEv
                0x0000647c       0x40 C:/Users/vikra/DOCUME~1/MATLAB/R2022b/ARDUIN~1/ARDUIN~1/FASTER~1\libcomm.a(Wire.o)
                0x0000647c                TwoWire::begin()
 .text._ZN7TwoWire8setClockEm
                0x000064bc       0x1c C:/Users/vikra/DOCUME~1/MATLAB/R2022b/ARDUIN~1/ARDUIN~1/FASTER~1\libcomm.a(Wire.o)
                0x000064bc                TwoWire::setClock(unsigned long)
 .text._ZN7TwoWire17beginTransmissionEh
                0x000064d8       0x18 C:/Users/vikra/DOCUME~1/MATLAB/R2022b/ARDUIN~1/ARDUIN~1/FASTER~1\libcomm.a(Wire.o)
                0x000064d8                TwoWire::beginTransmission(unsigned char)
 .text._ZN11RingBufferNILi256EE10store_charEh
                0x000064f0       0x1a C:/Users/vikra/DOCUME~1/MATLAB/R2022b/ARDUIN~1/ARDUIN~1/FASTER~1\libcomm.a(Wire.o)
                0x000064f0                RingBufferN<256>::store_char(unsigned char)
 .text._ZN7TwoWire11requestFromEhjb
                0x0000650a       0x92 C:/Users/vikra/DOCUME~1/MATLAB/R2022b/ARDUIN~1/ARDUIN~1/FASTER~1\libcomm.a(Wire.o)
                0x0000650a                TwoWire::requestFrom(unsigned char, unsigned int, bool)
 .text._ZN7TwoWire11requestFromEhj
                0x0000659c        0xa C:/Users/vikra/DOCUME~1/MATLAB/R2022b/ARDUIN~1/ARDUIN~1/FASTER~1\libcomm.a(Wire.o)
                0x0000659c                TwoWire::requestFrom(unsigned char, unsigned int)
 .text._ZN7TwoWire5writeEh
                0x000065a6       0x2a C:/Users/vikra/DOCUME~1/MATLAB/R2022b/ARDUIN~1/ARDUIN~1/FASTER~1\libcomm.a(Wire.o)
                0x000065a6                TwoWire::write(unsigned char)
 .text._ZN11RingBufferNILi256EE9read_charEv
                0x000065d0       0x20 C:/Users/vikra/DOCUME~1/MATLAB/R2022b/ARDUIN~1/ARDUIN~1/FASTER~1\libcomm.a(Wire.o)
                0x000065d0                RingBufferN<256>::read_char()
 .text._ZN7TwoWire15endTransmissionEb
                0x000065f0       0x72 C:/Users/vikra/DOCUME~1/MATLAB/R2022b/ARDUIN~1/ARDUIN~1/FASTER~1\libcomm.a(Wire.o)
                0x000065f0                TwoWire::endTransmission(bool)
 .text._ZN7TwoWire15endTransmissionEv
                0x00006662        0xa C:/Users/vikra/DOCUME~1/MATLAB/R2022b/ARDUIN~1/ARDUIN~1/FASTER~1\libcomm.a(Wire.o)
                0x00006662                TwoWire::endTransmission()
 .text._ZN7TwoWire4readEv
                0x0000666c        0xa C:/Users/vikra/DOCUME~1/MATLAB/R2022b/ARDUIN~1/ARDUIN~1/FASTER~1\libcomm.a(Wire.o)
                0x0000666c                TwoWire::read()
 .text._ZN7TwoWire9onServiceEv
                0x00006676      0x11c C:/Users/vikra/DOCUME~1/MATLAB/R2022b/ARDUIN~1/ARDUIN~1/FASTER~1\libcomm.a(Wire.o)
                0x00006676                TwoWire::onService()
 *fill*         0x00006792        0x2 
 .text.SERCOM4_Handler
                0x00006794       0x10 C:/Users/vikra/DOCUME~1/MATLAB/R2022b/ARDUIN~1/ARDUIN~1/FASTER~1\libcomm.a(Wire.o)
                0x00006794                SERCOM4_Handler
 .text.startup._GLOBAL__sub_I__ZN7TwoWireC2EP6SERCOMhh
                0x000067a4       0x18 C:/Users/vikra/DOCUME~1/MATLAB/R2022b/ARDUIN~1/ARDUIN~1/FASTER~1\libcomm.a(Wire.o)
 .text.SERCOM5_Handler
                0x000067bc       0x10 C:/Users/vikra/DOCUME~1/MATLAB/R2022b/ARDUIN~1/ARDUIN~1/FASTER~1\libcomm.a(variant.o)
                0x000067bc                SERCOM5_Handler
 .text.SERCOM3_Handler
                0x000067cc       0x10 C:/Users/vikra/DOCUME~1/MATLAB/R2022b/ARDUIN~1/ARDUIN~1/FASTER~1\libcomm.a(variant.o)
                0x000067cc                SERCOM3_Handler
 .text.SERCOM2_Handler
                0x000067dc       0x10 C:/Users/vikra/DOCUME~1/MATLAB/R2022b/ARDUIN~1/ARDUIN~1/FASTER~1\libcomm.a(variant.o)
                0x000067dc                SERCOM2_Handler
 .text.startup._GLOBAL__sub_I_g_APinDescription
                0x000067ec       0xbc C:/Users/vikra/DOCUME~1/MATLAB/R2022b/ARDUIN~1/ARDUIN~1/FASTER~1\libcomm.a(variant.o)
 .text.Dummy_Handler
                0x000068a8        0x2 C:/Users/vikra/DOCUME~1/MATLAB/R2022b/ARDUIN~1/ARDUIN~1/FASTER~1\libcore.a(cortex_handlers.o)
                0x000068a8                DMAC_Handler
                0x000068a8                HardFault_Handler
                0x000068a8                AC_Handler
                0x000068a8                PendSV_Handler
                0x000068a8                NMI_Handler
                0x000068a8                TC7_Handler
                0x000068a8                SERCOM1_Handler
                0x000068a8                ADC_Handler
                0x000068a8                TCC1_Handler
                0x000068a8                TCC0_Handler
                0x000068a8                EIC_Handler
                0x000068a8                TC6_Handler
                0x000068a8                WDT_Handler
                0x000068a8                TC4_Handler
                0x000068a8                TC3_Handler
                0x000068a8                Dummy_Handler
                0x000068a8                PM_Handler
                0x000068a8                TCC2_Handler
                0x000068a8                EVSYS_Handler
                0x000068a8                I2S_Handler
                0x000068a8                NVMCTRL_Handler
                0x000068a8                SERCOM0_Handler
                0x000068a8                DAC_Handler
                0x000068a8                PTC_Handler
                0x000068a8                SYSCTRL_Handler
 *fill*         0x000068aa        0x2 
 .text.USB_Handler
                0x000068ac       0x14 C:/Users/vikra/DOCUME~1/MATLAB/R2022b/ARDUIN~1/ARDUIN~1/FASTER~1\libcore.a(cortex_handlers.o)
                0x000068ac                USB_Handler
 .text.Reset_Handler
                0x000068c0       0x54 C:/Users/vikra/DOCUME~1/MATLAB/R2022b/ARDUIN~1/ARDUIN~1/FASTER~1\libcore.a(cortex_handlers.o)
                0x000068c0                Reset_Handler
 .text.SysTick_Handler
                0x00006914       0x10 C:/Users/vikra/DOCUME~1/MATLAB/R2022b/ARDUIN~1/ARDUIN~1/FASTER~1\libcore.a(cortex_handlers.o)
                0x00006914                SysTick_Handler
 .text.USB_SetHandler
                0x00006924        0xc C:/Users/vikra/DOCUME~1/MATLAB/R2022b/ARDUIN~1/ARDUIN~1/FASTER~1\libcore.a(cortex_handlers.o)
                0x00006924                USB_SetHandler
 .text.__empty  0x00006930        0x2 C:/Users/vikra/DOCUME~1/MATLAB/R2022b/ARDUIN~1/ARDUIN~1/FASTER~1\libcore.a(hooks.o)
                0x00006930                yield
 .text.__false  0x00006932        0x4 C:/Users/vikra/DOCUME~1/MATLAB/R2022b/ARDUIN~1/ARDUIN~1/FASTER~1\libcore.a(hooks.o)
                0x00006932                sysTickHook
 *fill*         0x00006936        0x2 
 .text.micros   0x00006938       0x64 C:/Users/vikra/DOCUME~1/MATLAB/R2022b/ARDUIN~1/ARDUIN~1/FASTER~1\libcore.a(delay.o)
                0x00006938                micros
 .text.delay    0x0000699c       0x34 C:/Users/vikra/DOCUME~1/MATLAB/R2022b/ARDUIN~1/ARDUIN~1/FASTER~1\libcore.a(delay.o)
                0x0000699c                delay
 .text.SysTick_DefaultHandler
                0x000069d0       0x14 C:/Users/vikra/DOCUME~1/MATLAB/R2022b/ARDUIN~1/ARDUIN~1/FASTER~1\libcore.a(delay.o)
                0x000069d0                SysTick_DefaultHandler
 .text.SystemInit
                0x000069e4      0x198 C:/Users/vikra/DOCUME~1/MATLAB/R2022b/ARDUIN~1/ARDUIN~1/FASTER~1\libcore.a(startup.o)
                0x000069e4                SystemInit
 .text.init     0x00006b7c       0xf0 C:/Users/vikra/DOCUME~1/MATLAB/R2022b/ARDUIN~1/ARDUIN~1/FASTER~1\libcore.a(wiring.o)
                0x00006b7c                init
 .text.analogReference
                0x00006c6c       0x5c C:/Users/vikra/DOCUME~1/MATLAB/R2022b/ARDUIN~1/ARDUIN~1/FASTER~1\libcore.a(wiring_analog.o)
                0x00006c6c                analogReference
 .text.pinMode  0x00006cc8       0xb4 C:/Users/vikra/DOCUME~1/MATLAB/R2022b/ARDUIN~1/ARDUIN~1/FASTER~1\libcore.a(wiring_digital.o)
                0x00006cc8                pinMode
 .text.digitalWrite
                0x00006d7c       0x60 C:/Users/vikra/DOCUME~1/MATLAB/R2022b/ARDUIN~1/ARDUIN~1/FASTER~1\libcore.a(wiring_digital.o)
                0x00006d7c                digitalWrite
 .text.pinPeripheral
                0x00006ddc       0xc4 C:/Users/vikra/DOCUME~1/MATLAB/R2022b/ARDUIN~1/ARDUIN~1/FASTER~1\libcore.a(wiring_private.o)
                0x00006ddc                pinPeripheral
 .text._ZN5Print5writeEPKhj
                0x00006ea0       0x28 C:/Users/vikra/DOCUME~1/MATLAB/R2022b/ARDUIN~1/ARDUIN~1/FASTER~1\libcore.a(Print.o)
                0x00006ea0                Print::write(unsigned char const*, unsigned int)
 .text.initiateReset
                0x00006ec8       0x14 C:/Users/vikra/DOCUME~1/MATLAB/R2022b/ARDUIN~1/ARDUIN~1/FASTER~1\libcore.a(Reset.o)
                0x00006ec8                initiateReset
 .text.cancelReset
                0x00006edc       0x10 C:/Users/vikra/DOCUME~1/MATLAB/R2022b/ARDUIN~1/ARDUIN~1/FASTER~1\libcore.a(Reset.o)
                0x00006edc                cancelReset
 .text.tickReset
                0x00006eec       0x74 C:/Users/vikra/DOCUME~1/MATLAB/R2022b/ARDUIN~1/ARDUIN~1/FASTER~1\libcore.a(Reset.o)
                0x00006eec                tickReset
 .text._ZN6SERCOMC2EP6Sercom
                0x00006f60        0x4 C:/Users/vikra/DOCUME~1/MATLAB/R2022b/ARDUIN~1/ARDUIN~1/FASTER~1\libcore.a(SERCOM.o)
                0x00006f60                SERCOM::SERCOM(Sercom*)
                0x00006f60                SERCOM::SERCOM(Sercom*)
 .text._ZN6SERCOM9initFrameE18SercomUartCharSize15SercomDataOrder16SercomParityMode19SercomNumberStopBit
                0x00006f64       0x38 C:/Users/vikra/DOCUME~1/MATLAB/R2022b/ARDUIN~1/ARDUIN~1/FASTER~1\libcore.a(SERCOM.o)
                0x00006f64                SERCOM::initFrame(SercomUartCharSize, SercomDataOrder, SercomParityMode, SercomNumberStopBit)
 .text._ZN6SERCOM8initPadsE15SercomUartTXPad11SercomRXPad
                0x00006f9c       0x26 C:/Users/vikra/DOCUME~1/MATLAB/R2022b/ARDUIN~1/ARDUIN~1/FASTER~1\libcore.a(SERCOM.o)
                0x00006f9c                SERCOM::initPads(SercomUartTXPad, SercomRXPad)
 .text._ZN6SERCOM9resetUARTEv
                0x00006fc2       0x1c C:/Users/vikra/DOCUME~1/MATLAB/R2022b/ARDUIN~1/ARDUIN~1/FASTER~1\libcore.a(SERCOM.o)
                0x00006fc2                SERCOM::resetUART()
 .text._ZN6SERCOM10enableUARTEv
                0x00006fde       0x14 C:/Users/vikra/DOCUME~1/MATLAB/R2022b/ARDUIN~1/ARDUIN~1/FASTER~1\libcore.a(SERCOM.o)
                0x00006fde                SERCOM::enableUART()
 .text._ZN6SERCOM9flushUARTEv
                0x00006ff2       0x10 C:/Users/vikra/DOCUME~1/MATLAB/R2022b/ARDUIN~1/ARDUIN~1/FASTER~1\libcore.a(SERCOM.o)
                0x00006ff2                SERCOM::flushUART()
 .text._ZN6SERCOM15clearStatusUARTEv
                0x00007002        0x8 C:/Users/vikra/DOCUME~1/MATLAB/R2022b/ARDUIN~1/ARDUIN~1/FASTER~1\libcore.a(SERCOM.o)
                0x00007002                SERCOM::clearStatusUART()
 .text._ZN6SERCOM17availableDataUARTEv
                0x0000700a        0xa C:/Users/vikra/DOCUME~1/MATLAB/R2022b/ARDUIN~1/ARDUIN~1/FASTER~1\libcore.a(SERCOM.o)
                0x0000700a                SERCOM::availableDataUART()
 .text._ZN6SERCOM11isUARTErrorEv
                0x00007014        0x8 C:/Users/vikra/DOCUME~1/MATLAB/R2022b/ARDUIN~1/ARDUIN~1/FASTER~1\libcore.a(SERCOM.o)
                0x00007014                SERCOM::isUARTError()
 .text._ZN6SERCOM20acknowledgeUARTErrorEv
                0x0000701c        0xe C:/Users/vikra/DOCUME~1/MATLAB/R2022b/ARDUIN~1/ARDUIN~1/FASTER~1\libcore.a(SERCOM.o)
                0x0000701c                SERCOM::acknowledgeUARTError()
 .text._ZN6SERCOM16isFrameErrorUARTEv
                0x0000702a        0xa C:/Users/vikra/DOCUME~1/MATLAB/R2022b/ARDUIN~1/ARDUIN~1/FASTER~1\libcore.a(SERCOM.o)
                0x0000702a                SERCOM::isFrameErrorUART()
 .text._ZN6SERCOM19clearFrameErrorUARTEv
                0x00007034        0xc C:/Users/vikra/DOCUME~1/MATLAB/R2022b/ARDUIN~1/ARDUIN~1/FASTER~1\libcore.a(SERCOM.o)
                0x00007034                SERCOM::clearFrameErrorUART()
 .text._ZN6SERCOM23isDataRegisterEmptyUARTEv
                0x00007040        0xa C:/Users/vikra/DOCUME~1/MATLAB/R2022b/ARDUIN~1/ARDUIN~1/FASTER~1\libcore.a(SERCOM.o)
                0x00007040                SERCOM::isDataRegisterEmptyUART()
 .text._ZN6SERCOM12readDataUARTEv
                0x0000704a        0x8 C:/Users/vikra/DOCUME~1/MATLAB/R2022b/ARDUIN~1/ARDUIN~1/FASTER~1\libcore.a(SERCOM.o)
                0x0000704a                SERCOM::readDataUART()
 .text._ZN6SERCOM13writeDataUARTEh
                0x00007052        0xe C:/Users/vikra/DOCUME~1/MATLAB/R2022b/ARDUIN~1/ARDUIN~1/FASTER~1\libcore.a(SERCOM.o)
                0x00007052                SERCOM::writeDataUART(unsigned char)
 .text._ZN6SERCOM36enableDataRegisterEmptyInterruptUARTEv
                0x00007060        0x8 C:/Users/vikra/DOCUME~1/MATLAB/R2022b/ARDUIN~1/ARDUIN~1/FASTER~1\libcore.a(SERCOM.o)
                0x00007060                SERCOM::enableDataRegisterEmptyInterruptUART()
 .text._ZN6SERCOM37disableDataRegisterEmptyInterruptUARTEv
                0x00007068        0x8 C:/Users/vikra/DOCUME~1/MATLAB/R2022b/ARDUIN~1/ARDUIN~1/FASTER~1\libcore.a(SERCOM.o)
                0x00007068                SERCOM::disableDataRegisterEmptyInterruptUART()
 .text._ZN6SERCOM9resetWIREEv
                0x00007070       0x1c C:/Users/vikra/DOCUME~1/MATLAB/R2022b/ARDUIN~1/ARDUIN~1/FASTER~1\libcore.a(SERCOM.o)
                0x00007070                SERCOM::resetWIRE()
 .text._ZN6SERCOM10enableWIREEv
                0x0000708c       0x28 C:/Users/vikra/DOCUME~1/MATLAB/R2022b/ARDUIN~1/ARDUIN~1/FASTER~1\libcore.a(SERCOM.o)
                0x0000708c                SERCOM::enableWIRE()
 .text._ZN6SERCOM11disableWIREEv
                0x000070b4       0x14 C:/Users/vikra/DOCUME~1/MATLAB/R2022b/ARDUIN~1/ARDUIN~1/FASTER~1\libcore.a(SERCOM.o)
                0x000070b4                SERCOM::disableWIRE()
 .text._ZN6SERCOM18prepareNackBitWIREEv
                0x000070c8       0x10 C:/Users/vikra/DOCUME~1/MATLAB/R2022b/ARDUIN~1/ARDUIN~1/FASTER~1\libcore.a(SERCOM.o)
                0x000070c8                SERCOM::prepareNackBitWIRE()
 .text._ZN6SERCOM17prepareAckBitWIREEv
                0x000070d8       0x14 C:/Users/vikra/DOCUME~1/MATLAB/R2022b/ARDUIN~1/ARDUIN~1/FASTER~1\libcore.a(SERCOM.o)
                0x000070d8                SERCOM::prepareAckBitWIRE()
 .text._ZN6SERCOM22prepareCommandBitsWireEh
                0x000070ec       0x2c C:/Users/vikra/DOCUME~1/MATLAB/R2022b/ARDUIN~1/ARDUIN~1/FASTER~1\libcore.a(SERCOM.o)
                0x000070ec                SERCOM::prepareCommandBitsWire(unsigned char)
 .text._ZN6SERCOM21startTransmissionWIREEh23SercomWireReadWriteFlag
                0x00007118       0x8c C:/Users/vikra/DOCUME~1/MATLAB/R2022b/ARDUIN~1/ARDUIN~1/FASTER~1\libcore.a(SERCOM.o)
                0x00007118                SERCOM::startTransmissionWIRE(unsigned char, SercomWireReadWriteFlag)
 .text._ZN6SERCOM18sendDataMasterWIREEh
                0x000071a4       0x22 C:/Users/vikra/DOCUME~1/MATLAB/R2022b/ARDUIN~1/ARDUIN~1/FASTER~1\libcore.a(SERCOM.o)
                0x000071a4                SERCOM::sendDataMasterWIRE(unsigned char)
 .text._ZN6SERCOM17sendDataSlaveWIREEh
                0x000071c6       0x1a C:/Users/vikra/DOCUME~1/MATLAB/R2022b/ARDUIN~1/ARDUIN~1/FASTER~1\libcore.a(SERCOM.o)
                0x000071c6                SERCOM::sendDataSlaveWIRE(unsigned char)
 .text._ZN6SERCOM11isSlaveWIREEv
                0x000071e0       0x12 C:/Users/vikra/DOCUME~1/MATLAB/R2022b/ARDUIN~1/ARDUIN~1/FASTER~1\libcore.a(SERCOM.o)
                0x000071e0                SERCOM::isSlaveWIRE()
 .text._ZN6SERCOM14isBusOwnerWIREEv
                0x000071f2       0x12 C:/Users/vikra/DOCUME~1/MATLAB/R2022b/ARDUIN~1/ARDUIN~1/FASTER~1\libcore.a(SERCOM.o)
                0x000071f2                SERCOM::isBusOwnerWIRE()
 .text._ZN6SERCOM15isDataReadyWIREEv
                0x00007204        0xa C:/Users/vikra/DOCUME~1/MATLAB/R2022b/ARDUIN~1/ARDUIN~1/FASTER~1\libcore.a(SERCOM.o)
                0x00007204                SERCOM::isDataReadyWIRE()
 .text._ZN6SERCOM18isStopDetectedWIREEv
                0x0000720e        0xa C:/Users/vikra/DOCUME~1/MATLAB/R2022b/ARDUIN~1/ARDUIN~1/FASTER~1\libcore.a(SERCOM.o)
                0x0000720e                SERCOM::isStopDetectedWIRE()
 .text._ZN6SERCOM21isRestartDetectedWIREEv
                0x00007218        0xa C:/Users/vikra/DOCUME~1/MATLAB/R2022b/ARDUIN~1/ARDUIN~1/FASTER~1\libcore.a(SERCOM.o)
                0x00007218                SERCOM::isRestartDetectedWIRE()
 .text._ZN6SERCOM14isAddressMatchEv
                0x00007222        0xa C:/Users/vikra/DOCUME~1/MATLAB/R2022b/ARDUIN~1/ARDUIN~1/FASTER~1\libcore.a(SERCOM.o)
                0x00007222                SERCOM::isAddressMatch()
 .text._ZN6SERCOM25isMasterReadOperationWIREEv
                0x0000722c        0xa C:/Users/vikra/DOCUME~1/MATLAB/R2022b/ARDUIN~1/ARDUIN~1/FASTER~1\libcore.a(SERCOM.o)
                0x0000722c                SERCOM::isMasterReadOperationWIRE()
 .text._ZN6SERCOM12readDataWIREEv
                0x00007236       0x22 C:/Users/vikra/DOCUME~1/MATLAB/R2022b/ARDUIN~1/ARDUIN~1/FASTER~1\libcore.a(SERCOM.o)
                0x00007236                SERCOM::readDataWIRE()
 .text._ZN6SERCOM13initClockNVICEv
                0x00007258       0xac C:/Users/vikra/DOCUME~1/MATLAB/R2022b/ARDUIN~1/ARDUIN~1/FASTER~1\libcore.a(SERCOM.o)
                0x00007258                SERCOM::initClockNVIC()
 .text._ZN6SERCOM8initUARTE14SercomUartMode20SercomUartSampleRatem
                0x00007304       0x6c C:/Users/vikra/DOCUME~1/MATLAB/R2022b/ARDUIN~1/ARDUIN~1/FASTER~1\libcore.a(SERCOM.o)
                0x00007304                SERCOM::initUART(SercomUartMode, SercomUartSampleRate, unsigned long)
 .text._ZN6SERCOM14initMasterWIREEm
                0x00007370       0x54 C:/Users/vikra/DOCUME~1/MATLAB/R2022b/ARDUIN~1/ARDUIN~1/FASTER~1\libcore.a(SERCOM.o)
                0x00007370                SERCOM::initMasterWIRE(unsigned long)
 .text._ZN4UartcvbEv
                0x000073c4        0x4 C:/Users/vikra/DOCUME~1/MATLAB/R2022b/ARDUIN~1/ARDUIN~1/FASTER~1\libcore.a(Uart.o)
                0x000073c4                Uart::operator bool()
 .text._ZN4Uart5beginEm
                0x000073c8       0x10 C:/Users/vikra/DOCUME~1/MATLAB/R2022b/ARDUIN~1/ARDUIN~1/FASTER~1\libcore.a(Uart.o)
                0x000073c8                Uart::begin(unsigned long)
 .text._ZN4Uart4peekEv
                0x000073d8       0x1a C:/Users/vikra/DOCUME~1/MATLAB/R2022b/ARDUIN~1/ARDUIN~1/FASTER~1\libcore.a(Uart.o)
                0x000073d8                Uart::peek()
 .text._ZN4Uart3endEv
                0x000073f2       0x20 C:/Users/vikra/DOCUME~1/MATLAB/R2022b/ARDUIN~1/ARDUIN~1/FASTER~1\libcore.a(Uart.o)
                0x000073f2                Uart::end()
 *fill*         0x00007412        0x2 
 .text._ZN4UartC2EP6SERCOMhh11SercomRXPad15SercomUartTXPadhh
                0x00007414       0xa4 C:/Users/vikra/DOCUME~1/MATLAB/R2022b/ARDUIN~1/ARDUIN~1/FASTER~1\libcore.a(Uart.o)
                0x00007414                Uart::Uart(SERCOM*, unsigned char, unsigned char, SercomRXPad, SercomUartTXPad, unsigned char, unsigned char)
                0x00007414                Uart::Uart(SERCOM*, unsigned char, unsigned char, SercomRXPad, SercomUartTXPad, unsigned char, unsigned char)
 .text._ZN4UartC2EP6SERCOMhh11SercomRXPad15SercomUartTXPad
                0x000074b8       0x24 C:/Users/vikra/DOCUME~1/MATLAB/R2022b/ARDUIN~1/ARDUIN~1/FASTER~1\libcore.a(Uart.o)
                0x000074b8                Uart::Uart(SERCOM*, unsigned char, unsigned char, SercomRXPad, SercomUartTXPad)
                0x000074b8                Uart::Uart(SERCOM*, unsigned char, unsigned char, SercomRXPad, SercomUartTXPad)
 .text._ZN4Uart16extractNbStopBitEt
                0x000074dc        0xe C:/Users/vikra/DOCUME~1/MATLAB/R2022b/ARDUIN~1/ARDUIN~1/FASTER~1\libcore.a(Uart.o)
                0x000074dc                Uart::extractNbStopBit(unsigned short)
 .text._ZN4Uart15extractCharSizeEt
                0x000074ea       0x2c C:/Users/vikra/DOCUME~1/MATLAB/R2022b/ARDUIN~1/ARDUIN~1/FASTER~1\libcore.a(Uart.o)
                0x000074ea                Uart::extractCharSize(unsigned short)
 .text._ZN4Uart13extractParityEt
                0x00007516       0x18 C:/Users/vikra/DOCUME~1/MATLAB/R2022b/ARDUIN~1/ARDUIN~1/FASTER~1\libcore.a(Uart.o)
                0x00007516                Uart::extractParity(unsigned short)
 *fill*         0x0000752e        0x2 
 .text._ZN4Uart5beginEmt
                0x00007530       0xf8 C:/Users/vikra/DOCUME~1/MATLAB/R2022b/ARDUIN~1/ARDUIN~1/FASTER~1\libcore.a(Uart.o)
                0x00007530                Uart::begin(unsigned long, unsigned short)
 .text._ZN11RingBufferNILi256EE9availableEv
                0x00007628       0x12 C:/Users/vikra/DOCUME~1/MATLAB/R2022b/ARDUIN~1/ARDUIN~1/FASTER~1\libcore.a(Uart.o)
                0x00007628                RingBufferN<256>::available()
 .text._ZN4Uart5flushEv
                0x0000763a       0x1a C:/Users/vikra/DOCUME~1/MATLAB/R2022b/ARDUIN~1/ARDUIN~1/FASTER~1\libcore.a(Uart.o)
                0x0000763a                Uart::flush()
 .text._ZN4Uart9availableEv
                0x00007654        0xa C:/Users/vikra/DOCUME~1/MATLAB/R2022b/ARDUIN~1/ARDUIN~1/FASTER~1\libcore.a(Uart.o)
                0x00007654                Uart::available()
 .text._ZN11RingBufferNILi256EE17availableForStoreEv
                0x0000765e       0x1e C:/Users/vikra/DOCUME~1/MATLAB/R2022b/ARDUIN~1/ARDUIN~1/FASTER~1\libcore.a(Uart.o)
                0x0000765e                RingBufferN<256>::availableForStore()
 .text._ZN4Uart17availableForWriteEv
                0x0000767c        0xc C:/Users/vikra/DOCUME~1/MATLAB/R2022b/ARDUIN~1/ARDUIN~1/FASTER~1\libcore.a(Uart.o)
                0x0000767c                Uart::availableForWrite()
 .text._ZN4Uart10IrqHandlerEv
                0x00007688       0xc8 C:/Users/vikra/DOCUME~1/MATLAB/R2022b/ARDUIN~1/ARDUIN~1/FASTER~1\libcore.a(Uart.o)
                0x00007688                Uart::IrqHandler()
 .text._ZN4Uart5writeEh
                0x00007750       0xb4 C:/Users/vikra/DOCUME~1/MATLAB/R2022b/ARDUIN~1/ARDUIN~1/FASTER~1\libcore.a(Uart.o)
                0x00007750                Uart::write(unsigned char)
 .text._ZN4Uart4readEv
                0x00007804       0x4c C:/Users/vikra/DOCUME~1/MATLAB/R2022b/ARDUIN~1/ARDUIN~1/FASTER~1\libcore.a(Uart.o)
                0x00007804                Uart::read()
 .text._ZN7Serial_13getDescriptorER8USBSetup
                0x00007850        0x4 C:/Users/vikra/DOCUME~1/MATLAB/R2022b/ARDUIN~1/ARDUIN~1/FASTER~1\libcore.a(CDC.o)
                0x00007850                Serial_::getDescriptor(USBSetup&)
 .text._ZThn16_N7Serial_13getDescriptorER8USBSetup
                0x00007854       0x10 C:/Users/vikra/DOCUME~1/MATLAB/R2022b/ARDUIN~1/ARDUIN~1/FASTER~1\libcore.a(CDC.o)
                0x00007854                non-virtual thunk to Serial_::getDescriptor(USBSetup&)
 .text._ZL5utox8mPc
                0x00007864       0x1c C:/Users/vikra/DOCUME~1/MATLAB/R2022b/ARDUIN~1/ARDUIN~1/FASTER~1\libcore.a(CDC.o)
 .text._ZN7Serial_12getShortNameEPc
                0x00007880       0x44 C:/Users/vikra/DOCUME~1/MATLAB/R2022b/ARDUIN~1/ARDUIN~1/FASTER~1\libcore.a(CDC.o)
                0x00007880                Serial_::getShortName(char*)
 .text._ZThn16_N7Serial_12getShortNameEPc
                0x000078c4       0x10 C:/Users/vikra/DOCUME~1/MATLAB/R2022b/ARDUIN~1/ARDUIN~1/FASTER~1\libcore.a(CDC.o)
                0x000078c4                non-virtual thunk to Serial_::getShortName(char*)
 .text._ZN7Serial_14handleEndpointEi
                0x000078d4        0x2 C:/Users/vikra/DOCUME~1/MATLAB/R2022b/ARDUIN~1/ARDUIN~1/FASTER~1\libcore.a(CDC.o)
                0x000078d4                Serial_::handleEndpoint(int)
 *fill*         0x000078d6        0x2 
 .text._ZThn16_N7Serial_14handleEndpointEi
                0x000078d8       0x10 C:/Users/vikra/DOCUME~1/MATLAB/R2022b/ARDUIN~1/ARDUIN~1/FASTER~1\libcore.a(CDC.o)
                0x000078d8                non-virtual thunk to Serial_::handleEndpoint(int)
 .text._ZN7Serial_17availableForWriteEv
                0x000078e8        0x4 C:/Users/vikra/DOCUME~1/MATLAB/R2022b/ARDUIN~1/ARDUIN~1/FASTER~1\libcore.a(CDC.o)
                0x000078e8                Serial_::availableForWrite()
 .text._ZN7Serial_5writeEh
                0x000078ec       0x14 C:/Users/vikra/DOCUME~1/MATLAB/R2022b/ARDUIN~1/ARDUIN~1/FASTER~1\libcore.a(CDC.o)
                0x000078ec                Serial_::write(unsigned char)
 .text._ZN7Serial_12getInterfaceEPh
                0x00007900      0x104 C:/Users/vikra/DOCUME~1/MATLAB/R2022b/ARDUIN~1/ARDUIN~1/FASTER~1\libcore.a(CDC.o)
                0x00007900                Serial_::getInterface(unsigned char*)
 .text._ZThn16_N7Serial_12getInterfaceEPh
                0x00007a04       0x10 C:/Users/vikra/DOCUME~1/MATLAB/R2022b/ARDUIN~1/ARDUIN~1/FASTER~1\libcore.a(CDC.o)
                0x00007a04                non-virtual thunk to Serial_::getInterface(unsigned char*)
 .text._ZN7Serial_5setupER8USBSetup
                0x00007a14       0x98 C:/Users/vikra/DOCUME~1/MATLAB/R2022b/ARDUIN~1/ARDUIN~1/FASTER~1\libcore.a(CDC.o)
                0x00007a14                Serial_::setup(USBSetup&)
 .text._ZThn16_N7Serial_5setupER8USBSetup
                0x00007aac       0x10 C:/Users/vikra/DOCUME~1/MATLAB/R2022b/ARDUIN~1/ARDUIN~1/FASTER~1\libcore.a(CDC.o)
                0x00007aac                non-virtual thunk to Serial_::setup(USBSetup&)
 .text._ZN7Serial_9availableEv
                0x00007abc       0x20 C:/Users/vikra/DOCUME~1/MATLAB/R2022b/ARDUIN~1/ARDUIN~1/FASTER~1\libcore.a(CDC.o)
                0x00007abc                Serial_::available()
 .text._ZN7Serial_5flushEv
                0x00007adc       0x10 C:/Users/vikra/DOCUME~1/MATLAB/R2022b/ARDUIN~1/ARDUIN~1/FASTER~1\libcore.a(CDC.o)
                0x00007adc                Serial_::flush()
 .text._ZN7Serial_5clearEv
                0x00007aec       0x10 C:/Users/vikra/DOCUME~1/MATLAB/R2022b/ARDUIN~1/ARDUIN~1/FASTER~1\libcore.a(CDC.o)
                0x00007aec                Serial_::clear()
 .text._ZN7Serial_5writeEPKhj
                0x00007afc       0x1e C:/Users/vikra/DOCUME~1/MATLAB/R2022b/ARDUIN~1/ARDUIN~1/FASTER~1\libcore.a(CDC.o)
                0x00007afc                Serial_::write(unsigned char const*, unsigned int)
 *fill*         0x00007b1a        0x2 
 .text._ZN7Serial_4peekEv
                0x00007b1c       0x1c C:/Users/vikra/DOCUME~1/MATLAB/R2022b/ARDUIN~1/ARDUIN~1/FASTER~1\libcore.a(CDC.o)
                0x00007b1c                Serial_::peek()
 .text._ZN7Serial_4readEv
                0x00007b38       0x24 C:/Users/vikra/DOCUME~1/MATLAB/R2022b/ARDUIN~1/ARDUIN~1/FASTER~1\libcore.a(CDC.o)
                0x00007b38                Serial_::read()
 .text._ZN7Serial_C2ER14USBDeviceClass
                0x00007b5c       0x4c C:/Users/vikra/DOCUME~1/MATLAB/R2022b/ARDUIN~1/ARDUIN~1/FASTER~1\libcore.a(CDC.o)
                0x00007b5c                Serial_::Serial_(USBDeviceClass&)
                0x00007b5c                Serial_::Serial_(USBDeviceClass&)
 .text._ZN7Serial_15enableInterruptEv
                0x00007ba8       0x30 C:/Users/vikra/DOCUME~1/MATLAB/R2022b/ARDUIN~1/ARDUIN~1/FASTER~1\libcore.a(CDC.o)
                0x00007ba8                Serial_::enableInterrupt()
 .text._ZN7Serial_5beginEm
                0x00007bd8        0x2 C:/Users/vikra/DOCUME~1/MATLAB/R2022b/ARDUIN~1/ARDUIN~1/FASTER~1\libcore.a(CDC.o)
                0x00007bd8                Serial_::begin(unsigned long)
 .text._ZN7Serial_5beginEmh
                0x00007bda        0x2 C:/Users/vikra/DOCUME~1/MATLAB/R2022b/ARDUIN~1/ARDUIN~1/FASTER~1\libcore.a(CDC.o)
                0x00007bda                Serial_::begin(unsigned long, unsigned char)
 .text.startup._GLOBAL__sub_I__ZN7Serial_12getInterfaceEPh
                0x00007bdc       0x14 C:/Users/vikra/DOCUME~1/MATLAB/R2022b/ARDUIN~1/ARDUIN~1/FASTER~1\libcore.a(CDC.o)
 .text._ZN13PluggableUSB_12getInterfaceEPh
                0x00007bf0       0x2a C:/Users/vikra/DOCUME~1/MATLAB/R2022b/ARDUIN~1/ARDUIN~1/FASTER~1\libcore.a(PluggableUSB.o)
                0x00007bf0                PluggableUSB_::getInterface(unsigned char*)
 .text._ZN13PluggableUSB_13getDescriptorER8USBSetup
                0x00007c1a       0x20 C:/Users/vikra/DOCUME~1/MATLAB/R2022b/ARDUIN~1/ARDUIN~1/FASTER~1\libcore.a(PluggableUSB.o)
                0x00007c1a                PluggableUSB_::getDescriptor(USBSetup&)
 .text._ZN13PluggableUSB_12getShortNameEPc
                0x00007c3a       0x26 C:/Users/vikra/DOCUME~1/MATLAB/R2022b/ARDUIN~1/ARDUIN~1/FASTER~1\libcore.a(PluggableUSB.o)
                0x00007c3a                PluggableUSB_::getShortName(char*)
 .text._ZN13PluggableUSB_5setupER8USBSetup
                0x00007c60       0x24 C:/Users/vikra/DOCUME~1/MATLAB/R2022b/ARDUIN~1/ARDUIN~1/FASTER~1\libcore.a(PluggableUSB.o)
                0x00007c60                PluggableUSB_::setup(USBSetup&)
 .text._ZN13PluggableUSB_14handleEndpointEi
                0x00007c84       0x1a C:/Users/vikra/DOCUME~1/MATLAB/R2022b/ARDUIN~1/ARDUIN~1/FASTER~1\libcore.a(PluggableUSB.o)
                0x00007c84                PluggableUSB_::handleEndpoint(int)
 *fill*         0x00007c9e        0x2 
 .text._ZN13PluggableUSB_4plugEP18PluggableUSBModule
                0x00007ca0       0x60 C:/Users/vikra/DOCUME~1/MATLAB/R2022b/ARDUIN~1/ARDUIN~1/FASTER~1\libcore.a(PluggableUSB.o)
                0x00007ca0                PluggableUSB_::plug(PluggableUSBModule*)
 .text._Z12PluggableUSBv
                0x00007d00       0x20 C:/Users/vikra/DOCUME~1/MATLAB/R2022b/ARDUIN~1/ARDUIN~1/FASTER~1\libcore.a(PluggableUSB.o)
                0x00007d00                PluggableUSB()
 .text._ZN26DoubleBufferedEPOutHandlerD2Ev
                0x00007d20        0xc C:/Users/vikra/DOCUME~1/MATLAB/R2022b/ARDUIN~1/ARDUIN~1/FASTER~1\libcore.a(USBCore.o)
                0x00007d20                DoubleBufferedEPOutHandler::~DoubleBufferedEPOutHandler()
                0x00007d20                DoubleBufferedEPOutHandler::~DoubleBufferedEPOutHandler()
 .text._ZN26DoubleBufferedEPOutHandlerD0Ev
                0x00007d2c       0x14 C:/Users/vikra/DOCUME~1/MATLAB/R2022b/ARDUIN~1/ARDUIN~1/FASTER~1\libcore.a(USBCore.o)
                0x00007d2c                DoubleBufferedEPOutHandler::~DoubleBufferedEPOutHandler()
 .text._ZN14USBDeviceClass6initEPEmm.part.7
                0x00007d40       0xbc C:/Users/vikra/DOCUME~1/MATLAB/R2022b/ARDUIN~1/ARDUIN~1/FASTER~1\libcore.a(USBCore.o)
 .text._ZN7__GuardC2Ev
                0x00007dfc        0xe C:/Users/vikra/DOCUME~1/MATLAB/R2022b/ARDUIN~1/ARDUIN~1/FASTER~1\libcore.a(USBCore.o)
                0x00007dfc                __Guard::__Guard()
                0x00007dfc                __Guard::__Guard()
 .text._ZN7__GuardD2Ev
                0x00007e0a        0xe C:/Users/vikra/DOCUME~1/MATLAB/R2022b/ARDUIN~1/ARDUIN~1/FASTER~1\libcore.a(USBCore.o)
                0x00007e0a                __Guard::~__Guard()
                0x00007e0a                __Guard::~__Guard()
 .text._ZNK26DoubleBufferedEPOutHandler10_availableEv
                0x00007e18       0x72 C:/Users/vikra/DOCUME~1/MATLAB/R2022b/ARDUIN~1/ARDUIN~1/FASTER~1\libcore.a(USBCore.o)
                0x00007e18                DoubleBufferedEPOutHandler::_available() const
 *fill*         0x00007e8a        0x2 
 .text._ZN26DoubleBufferedEPOutHandler7releaseEv
                0x00007e8c       0x38 C:/Users/vikra/DOCUME~1/MATLAB/R2022b/ARDUIN~1/ARDUIN~1/FASTER~1\libcore.a(USBCore.o)
                0x00007e8c                DoubleBufferedEPOutHandler::release()
 .text._ZN26DoubleBufferedEPOutHandler14handleEndpointEv
                0x00007ec4       0xe4 C:/Users/vikra/DOCUME~1/MATLAB/R2022b/ARDUIN~1/ARDUIN~1/FASTER~1\libcore.a(USBCore.o)
                0x00007ec4                DoubleBufferedEPOutHandler::handleEndpoint()
 .text._ZN26DoubleBufferedEPOutHandler5_recvEv
                0x00007fa8      0x18e C:/Users/vikra/DOCUME~1/MATLAB/R2022b/ARDUIN~1/ARDUIN~1/FASTER~1\libcore.a(USBCore.o)
                0x00007fa8                DoubleBufferedEPOutHandler::_recv()
 .text._ZN26DoubleBufferedEPOutHandler9availableEv
                0x00008136       0x18 C:/Users/vikra/DOCUME~1/MATLAB/R2022b/ARDUIN~1/ARDUIN~1/FASTER~1\libcore.a(USBCore.o)
                0x00008136                DoubleBufferedEPOutHandler::available()
 .text._ZN26DoubleBufferedEPOutHandler4peekEv
                0x0000814e       0x22 C:/Users/vikra/DOCUME~1/MATLAB/R2022b/ARDUIN~1/ARDUIN~1/FASTER~1\libcore.a(USBCore.o)
                0x0000814e                DoubleBufferedEPOutHandler::peek()
 .text._ZN26DoubleBufferedEPOutHandler4recvEPvm
                0x00008170       0x66 C:/Users/vikra/DOCUME~1/MATLAB/R2022b/ARDUIN~1/ARDUIN~1/FASTER~1\libcore.a(USBCore.o)
                0x00008170                DoubleBufferedEPOutHandler::recv(void*, unsigned long)
 .text._ZN14USBDeviceClass14SendInterfacesEPm
                0x000081d6       0x20 C:/Users/vikra/DOCUME~1/MATLAB/R2022b/ARDUIN~1/ARDUIN~1/FASTER~1\libcore.a(USBCore.o)
                0x000081d6                USBDeviceClass::SendInterfaces(unsigned long*)
 *fill*         0x000081f6        0x2 
 .text._ZN14USBDeviceClass4initEv
                0x000081f8      0x144 C:/Users/vikra/DOCUME~1/MATLAB/R2022b/ARDUIN~1/ARDUIN~1/FASTER~1\libcore.a(USBCore.o)
                0x000081f8                USBDeviceClass::init()
 .text._ZN14USBDeviceClass6attachEv
                0x0000833c       0x34 C:/Users/vikra/DOCUME~1/MATLAB/R2022b/ARDUIN~1/ARDUIN~1/FASTER~1\libcore.a(USBCore.o)
                0x0000833c                USBDeviceClass::attach()
 .text._ZN14USBDeviceClass10setAddressEm
                0x00008370       0x48 C:/Users/vikra/DOCUME~1/MATLAB/R2022b/ARDUIN~1/ARDUIN~1/FASTER~1\libcore.a(USBCore.o)
                0x00008370                USBDeviceClass::setAddress(unsigned long)
 .text._ZN14USBDeviceClass25handleClassInterfaceSetupER8USBSetup
                0x000083b8       0x24 C:/Users/vikra/DOCUME~1/MATLAB/R2022b/ARDUIN~1/ARDUIN~1/FASTER~1\libcore.a(USBCore.o)
                0x000083b8                USBDeviceClass::handleClassInterfaceSetup(USBSetup&)
 .text._ZN14USBDeviceClass6initEPEmm
                0x000083dc      0x124 C:/Users/vikra/DOCUME~1/MATLAB/R2022b/ARDUIN~1/ARDUIN~1/FASTER~1\libcore.a(USBCore.o)
                0x000083dc                USBDeviceClass::initEP(unsigned long, unsigned long)
 .text._ZN14USBDeviceClass13initEndpointsEv
                0x00008500       0x24 C:/Users/vikra/DOCUME~1/MATLAB/R2022b/ARDUIN~1/ARDUIN~1/FASTER~1\libcore.a(USBCore.o)
                0x00008500                USBDeviceClass::initEndpoints()
 .text._ZN14USBDeviceClass5clearEm
                0x00008524       0x38 C:/Users/vikra/DOCUME~1/MATLAB/R2022b/ARDUIN~1/ARDUIN~1/FASTER~1\libcore.a(USBCore.o)
                0x00008524                USBDeviceClass::clear(unsigned long)
 .text._ZN14USBDeviceClass9availableEm
                0x0000855c       0x2c C:/Users/vikra/DOCUME~1/MATLAB/R2022b/ARDUIN~1/ARDUIN~1/FASTER~1\libcore.a(USBCore.o)
                0x0000855c                USBDeviceClass::available(unsigned long)
 .text._ZN14USBDeviceClass5flushEm
                0x00008588       0x2c C:/Users/vikra/DOCUME~1/MATLAB/R2022b/ARDUIN~1/ARDUIN~1/FASTER~1\libcore.a(USBCore.o)
                0x00008588                USBDeviceClass::flush(unsigned long)
 .text._ZN14USBDeviceClass4recvEmPvm
                0x000085b4       0xc4 C:/Users/vikra/DOCUME~1/MATLAB/R2022b/ARDUIN~1/ARDUIN~1/FASTER~1\libcore.a(USBCore.o)
                0x000085b4                USBDeviceClass::recv(unsigned long, void*, unsigned long)
 .text._ZN14USBDeviceClass4recvEm
                0x00008678       0x1c C:/Users/vikra/DOCUME~1/MATLAB/R2022b/ARDUIN~1/ARDUIN~1/FASTER~1\libcore.a(USBCore.o)
                0x00008678                USBDeviceClass::recv(unsigned long)
 .text._ZN14USBDeviceClass14armRecvCtrlOUTEm
                0x00008694       0x60 C:/Users/vikra/DOCUME~1/MATLAB/R2022b/ARDUIN~1/ARDUIN~1/FASTER~1\libcore.a(USBCore.o)
                0x00008694                USBDeviceClass::armRecvCtrlOUT(unsigned long)
 .text._ZN14USBDeviceClass11recvControlEPvm
                0x000086f4       0x28 C:/Users/vikra/DOCUME~1/MATLAB/R2022b/ARDUIN~1/ARDUIN~1/FASTER~1\libcore.a(USBCore.o)
                0x000086f4                USBDeviceClass::recvControl(void*, unsigned long)
 .text._ZN14USBDeviceClass4sendEmPKvm
                0x0000871c      0x11c C:/Users/vikra/DOCUME~1/MATLAB/R2022b/ARDUIN~1/ARDUIN~1/FASTER~1\libcore.a(USBCore.o)
                0x0000871c                USBDeviceClass::send(unsigned long, void const*, unsigned long)
 .text._ZN14USBDeviceClass7armSendEmPKvm
                0x00008838       0x48 C:/Users/vikra/DOCUME~1/MATLAB/R2022b/ARDUIN~1/ARDUIN~1/FASTER~1\libcore.a(USBCore.o)
                0x00008838                USBDeviceClass::armSend(unsigned long, void const*, unsigned long)
 .text._ZN14USBDeviceClass11sendControlEPKvm
                0x00008880       0x58 C:/Users/vikra/DOCUME~1/MATLAB/R2022b/ARDUIN~1/ARDUIN~1/FASTER~1\libcore.a(USBCore.o)
                0x00008880                USBDeviceClass::sendControl(void const*, unsigned long)
 .text._ZN14USBDeviceClass20sendStringDescriptorEPKhm
                0x000088d8       0x68 C:/Users/vikra/DOCUME~1/MATLAB/R2022b/ARDUIN~1/ARDUIN~1/FASTER~1\libcore.a(USBCore.o)
                0x000088d8                USBDeviceClass::sendStringDescriptor(unsigned char const*, unsigned long)
 .text._ZN14USBDeviceClass12packMessagesEb.part.6
                0x00008940       0x20 C:/Users/vikra/DOCUME~1/MATLAB/R2022b/ARDUIN~1/ARDUIN~1/FASTER~1\libcore.a(USBCore.o)
 .text._ZN14USBDeviceClass17sendConfigurationEm
                0x00008960       0x90 C:/Users/vikra/DOCUME~1/MATLAB/R2022b/ARDUIN~1/ARDUIN~1/FASTER~1\libcore.a(USBCore.o)
                0x00008960                USBDeviceClass::sendConfiguration(unsigned long)
 .text._ZN14USBDeviceClass14sendDescriptorER8USBSetup
                0x000089f0       0xec C:/Users/vikra/DOCUME~1/MATLAB/R2022b/ARDUIN~1/ARDUIN~1/FASTER~1\libcore.a(USBCore.o)
                0x000089f0                USBDeviceClass::sendDescriptor(USBSetup&)
 .text._ZN14USBDeviceClass7sendZlpEm
                0x00008adc       0x18 C:/Users/vikra/DOCUME~1/MATLAB/R2022b/ARDUIN~1/ARDUIN~1/FASTER~1\libcore.a(USBCore.o)
                0x00008adc                USBDeviceClass::sendZlp(unsigned long)
 .text._ZN14USBDeviceClass19handleStandardSetupER8USBSetup
                0x00008af4       0xfc C:/Users/vikra/DOCUME~1/MATLAB/R2022b/ARDUIN~1/ARDUIN~1/FASTER~1\libcore.a(USBCore.o)
                0x00008af4                USBDeviceClass::handleStandardSetup(USBSetup&)
 .text._ZN14USBDeviceClass10ISRHandlerEv
                0x00008bf0      0x10c C:/Users/vikra/DOCUME~1/MATLAB/R2022b/ARDUIN~1/ARDUIN~1/FASTER~1\libcore.a(USBCore.o)
                0x00008bf0                USBDeviceClass::ISRHandler()
 .text.UDD_Handler
                0x00008cfc       0x10 C:/Users/vikra/DOCUME~1/MATLAB/R2022b/ARDUIN~1/ARDUIN~1/FASTER~1\libcore.a(USBCore.o)
                0x00008cfc                UDD_Handler
 .text.startup._GLOBAL__sub_I_usbd
                0x00008d0c       0x10 C:/Users/vikra/DOCUME~1/MATLAB/R2022b/ARDUIN~1/ARDUIN~1/FASTER~1\libcore.a(USBCore.o)
 .text._Znwj    0x00008d1c        0x8 C:/Users/vikra/DOCUME~1/MATLAB/R2022b/ARDUIN~1/ARDUIN~1/FASTER~1\libcore.a(new.o)
                0x00008d1c                operator new(unsigned int)
 .text._ZdlPv   0x00008d24        0x8 C:/Users/vikra/DOCUME~1/MATLAB/R2022b/ARDUIN~1/ARDUIN~1/FASTER~1\libcore.a(new.o)
                0x00008d24                operator delete(void*)
 .text          0x00008d2c       0x14 c:/programdata/matlab/supportpackages/r2022b/aide/tools/arm-none-eabi-gcc/4.8.3-2014q1/bin/../lib/gcc/arm-none-eabi/4.8.3/armv6-m\libgcc.a(_thumb1_case_uqi.o)
                0x00008d2c                __gnu_thumb1_case_uqi
 .text          0x00008d40       0x9c c:/programdata/matlab/supportpackages/r2022b/aide/tools/arm-none-eabi-gcc/4.8.3-2014q1/bin/../lib/gcc/arm-none-eabi/4.8.3/armv6-m\libgcc.a(_udivsi3.o)
                0x00008d40                __aeabi_uidiv
                0x00008d40                __udivsi3
                0x00008dc8                __aeabi_uidivmod
 .text          0x00008ddc        0x4 c:/programdata/matlab/supportpackages/r2022b/aide/tools/arm-none-eabi-gcc/4.8.3-2014q1/bin/../lib/gcc/arm-none-eabi/4.8.3/armv6-m\libgcc.a(_dvmd_tls.o)
                0x00008ddc                __aeabi_idiv0
                0x00008ddc                __aeabi_ldiv0
 .text          0x00008de0       0x7c c:/programdata/matlab/supportpackages/r2022b/aide/tools/arm-none-eabi-gcc/4.8.3-2014q1/bin/../lib/gcc/arm-none-eabi/4.8.3/armv6-m\libgcc.a(_arm_cmpdf2.o)
                0x00008de0                __aeabi_cdrcmple
                0x00008df0                __aeabi_cdcmple
                0x00008df0                __aeabi_cdcmpeq
                0x00008e00                __aeabi_dcmpeq
                0x00008e0c                __aeabi_dcmplt
                0x00008e20                __aeabi_dcmple
                0x00008e34                __aeabi_dcmpgt
                0x00008e48                __aeabi_dcmpge
 *fill*         0x00008e5c        0x4 
 .text          0x00008e60       0x40 c:/programdata/matlab/supportpackages/r2022b/aide/tools/arm-none-eabi-gcc/4.8.3-2014q1/bin/../lib/gcc/arm-none-eabi/4.8.3/armv6-m\libgcc.a(_fixunsdfsi.o)
                0x00008e60                __aeabi_d2uiz
                0x00008e60                __fixunsdfsi
 .text          0x00008ea0      0x638 c:/programdata/matlab/supportpackages/r2022b/aide/tools/arm-none-eabi-gcc/4.8.3-2014q1/bin/../lib/gcc/arm-none-eabi/4.8.3/armv6-m\libgcc.a(adddf3.o)
                0x00008ea0                __aeabi_dadd
 .text          0x000094d8      0x648 c:/programdata/matlab/supportpackages/r2022b/aide/tools/arm-none-eabi-gcc/4.8.3-2014q1/bin/../lib/gcc/arm-none-eabi/4.8.3/armv6-m\libgcc.a(divdf3.o)
                0x000094d8                __aeabi_ddiv
 .text          0x00009b20       0x94 c:/programdata/matlab/supportpackages/r2022b/aide/tools/arm-none-eabi-gcc/4.8.3-2014q1/bin/../lib/gcc/arm-none-eabi/4.8.3/armv6-m\libgcc.a(eqdf2.o)
                0x00009b20                __nedf2
                0x00009b20                __eqdf2
 .text          0x00009bb4       0xfc c:/programdata/matlab/supportpackages/r2022b/aide/tools/arm-none-eabi-gcc/4.8.3-2014q1/bin/../lib/gcc/arm-none-eabi/4.8.3/armv6-m\libgcc.a(gedf2.o)
                0x00009bb4                __gedf2
                0x00009bb4                __gtdf2
 .text          0x00009cb0       0xfc c:/programdata/matlab/supportpackages/r2022b/aide/tools/arm-none-eabi-gcc/4.8.3-2014q1/bin/../lib/gcc/arm-none-eabi/4.8.3/armv6-m\libgcc.a(ledf2.o)
                0x00009cb0                __ledf2
                0x00009cb0                __ltdf2
 .text          0x00009dac      0x520 c:/programdata/matlab/supportpackages/r2022b/aide/tools/arm-none-eabi-gcc/4.8.3-2014q1/bin/../lib/gcc/arm-none-eabi/4.8.3/armv6-m\libgcc.a(muldf3.o)
                0x00009dac                __aeabi_dmul
 .text          0x0000a2cc      0x654 c:/programdata/matlab/supportpackages/r2022b/aide/tools/arm-none-eabi-gcc/4.8.3-2014q1/bin/../lib/gcc/arm-none-eabi/4.8.3/armv6-m\libgcc.a(subdf3.o)
                0x0000a2cc                __aeabi_dsub
 .text          0x0000a920       0x68 c:/programdata/matlab/supportpackages/r2022b/aide/tools/arm-none-eabi-gcc/4.8.3-2014q1/bin/../lib/gcc/arm-none-eabi/4.8.3/armv6-m\libgcc.a(fixdfsi.o)
                0x0000a920                __aeabi_d2iz
 .text          0x0000a988       0x68 c:/programdata/matlab/supportpackages/r2022b/aide/tools/arm-none-eabi-gcc/4.8.3-2014q1/bin/../lib/gcc/arm-none-eabi/4.8.3/armv6-m\libgcc.a(floatunsidf.o)
                0x0000a988                __aeabi_ui2d
 .text          0x0000a9f0       0x3c c:/programdata/matlab/supportpackages/r2022b/aide/tools/arm-none-eabi-gcc/4.8.3-2014q1/bin/../lib/gcc/arm-none-eabi/4.8.3/armv6-m\libgcc.a(_clzsi2.o)
                0x0000a9f0                __clzsi2
 .text.__errno  0x0000aa2c        0xc c:/programdata/matlab/supportpackages/r2022b/aide/tools/arm-none-eabi-gcc/4.8.3-2014q1/bin/../lib/gcc/arm-none-eabi/4.8.3/../../../../arm-none-eabi/lib/armv6-m\libg_s.a(lib_a-errno.o)
                0x0000aa2c                __errno
 .text.__libc_init_array
                0x0000aa38       0x4c c:/programdata/matlab/supportpackages/r2022b/aide/tools/arm-none-eabi-gcc/4.8.3-2014q1/bin/../lib/gcc/arm-none-eabi/4.8.3/../../../../arm-none-eabi/lib/armv6-m\libg_s.a(lib_a-init.o)
                0x0000aa38                __libc_init_array
 .text.malloc   0x0000aa84       0x14 c:/programdata/matlab/supportpackages/r2022b/aide/tools/arm-none-eabi-gcc/4.8.3-2014q1/bin/../lib/gcc/arm-none-eabi/4.8.3/../../../../arm-none-eabi/lib/armv6-m\libg_s.a(lib_a-malloc.o)
                0x0000aa84                malloc
 .text.free     0x0000aa98       0x14 c:/programdata/matlab/supportpackages/r2022b/aide/tools/arm-none-eabi-gcc/4.8.3-2014q1/bin/../lib/gcc/arm-none-eabi/4.8.3/../../../../arm-none-eabi/lib/armv6-m\libg_s.a(lib_a-malloc.o)
                0x0000aa98                free
 .text.memcpy   0x0000aaac       0x12 c:/programdata/matlab/supportpackages/r2022b/aide/tools/arm-none-eabi-gcc/4.8.3-2014q1/bin/../lib/gcc/arm-none-eabi/4.8.3/../../../../arm-none-eabi/lib/armv6-m\libg_s.a(lib_a-memcpy-stub.o)
                0x0000aaac                memcpy
 .text.memset   0x0000aabe       0x10 c:/programdata/matlab/supportpackages/r2022b/aide/tools/arm-none-eabi-gcc/4.8.3-2014q1/bin/../lib/gcc/arm-none-eabi/4.8.3/../../../../arm-none-eabi/lib/armv6-m\libg_s.a(lib_a-memset.o)
                0x0000aabe                memset
 *fill*         0x0000aace        0x2 
 .text._free_r  0x0000aad0       0x90 c:/programdata/matlab/supportpackages/r2022b/aide/tools/arm-none-eabi-gcc/4.8.3-2014q1/bin/../lib/gcc/arm-none-eabi/4.8.3/../../../../arm-none-eabi/lib/armv6-m\libg_s.a(lib_a-nano-freer.o)
                0x0000aad0                _free_r
 .text._malloc_r
                0x0000ab60       0xa8 c:/programdata/matlab/supportpackages/r2022b/aide/tools/arm-none-eabi-gcc/4.8.3-2014q1/bin/../lib/gcc/arm-none-eabi/4.8.3/../../../../arm-none-eabi/lib/armv6-m\libg_s.a(lib_a-nano-mallocr.o)
                0x0000ab60                _malloc_r
 .text._sbrk_r  0x0000ac08       0x24 c:/programdata/matlab/supportpackages/r2022b/aide/tools/arm-none-eabi-gcc/4.8.3-2014q1/bin/../lib/gcc/arm-none-eabi/4.8.3/../../../../arm-none-eabi/lib/armv6-m\libg_s.a(lib_a-sbrkr.o)
                0x0000ac08                _sbrk_r
 .text.strlen   0x0000ac2c        0xe c:/programdata/matlab/supportpackages/r2022b/aide/tools/arm-none-eabi-gcc/4.8.3-2014q1/bin/../lib/gcc/arm-none-eabi/4.8.3/../../../../arm-none-eabi/lib/armv6-m\libg_s.a(lib_a-strlen.o)
                0x0000ac2c                strlen
 *fill*         0x0000ac3a        0x2 
 .text._sbrk    0x0000ac3c       0x34 c:/programdata/matlab/supportpackages/r2022b/aide/tools/arm-none-eabi-gcc/4.8.3-2014q1/bin/../lib/gcc/arm-none-eabi/4.8.3/../../../../arm-none-eabi/lib/armv6-m\libnosys.a(sbrk.o)
                0x0000ac3c                _sbrk
 *(.init)
 .init          0x0000ac70        0x4 c:/programdata/matlab/supportpackages/r2022b/aide/tools/arm-none-eabi-gcc/4.8.3-2014q1/bin/../lib/gcc/arm-none-eabi/4.8.3/armv6-m/crti.o
                0x0000ac70                _init
 .init          0x0000ac74        0x8 c:/programdata/matlab/supportpackages/r2022b/aide/tools/arm-none-eabi-gcc/4.8.3-2014q1/bin/../lib/gcc/arm-none-eabi/4.8.3/armv6-m/crtn.o
 *(.fini)
 .fini          0x0000ac7c        0x4 c:/programdata/matlab/supportpackages/r2022b/aide/tools/arm-none-eabi-gcc/4.8.3-2014q1/bin/../lib/gcc/arm-none-eabi/4.8.3/armv6-m/crti.o
                0x0000ac7c                _fini
 .fini          0x0000ac80        0x8 c:/programdata/matlab/supportpackages/r2022b/aide/tools/arm-none-eabi-gcc/4.8.3-2014q1/bin/../lib/gcc/arm-none-eabi/4.8.3/armv6-m/crtn.o
 *crtbegin.o(.ctors)
 *crtbegin?.o(.ctors)
 *(EXCLUDE_FILE(*crtend.o *crtend?.o) .ctors)
 *(SORT(.ctors.*))
 *(.ctors)
 *crtbegin.o(.dtors)
 *crtbegin?.o(.dtors)
 *(EXCLUDE_FILE(*crtend.o *crtend?.o) .dtors)
 *(SORT(.dtors.*))
 *(.dtors)
 *(.rodata*)
 .rodata.simulink_rover_control_M
                0x0000ac88        0x4 simulink_rover_control.o
                0x0000ac88                simulink_rover_control_M
 .rodata.rtAlwaysEnabled.12118
                0x0000ac8c        0x1 simulink_rover_control.o
 *fill*         0x0000ac8d        0x3 
 .rodata.standardSupportedRxPacket
                0x0000ac90       0x54 xcp_standard.o
 .rodata.daqSupportedRxPacket
                0x0000ace4       0x90 xcp_daq.o
 .rodata.calibrationSupportedRxPacket
                0x0000ad74       0x18 xcp_calibration.o
 .rodata.str1.4
                0x0000ad8c        0x8 c:/programdata/matlab/supportpackages/r2022b/aide/tools/arm-none-eabi-gcc/4.8.3-2014q1/bin/../lib/gcc/arm-none-eabi/4.8.3/../../../../arm-none-eabi/lib/armv6-m\libm.a(lib_a-w_fmod.o)
 *fill*         0x0000ad94        0x4 
 .rodata.Zero   0x0000ad98       0x10 c:/programdata/matlab/supportpackages/r2022b/aide/tools/arm-none-eabi-gcc/4.8.3-2014q1/bin/../lib/gcc/arm-none-eabi/4.8.3/../../../../arm-none-eabi/lib/armv6-m\libm.a(lib_a-e_fmod.o)
 .rodata._ZTV7TwoWire
                0x0000ada8       0x28 C:/Users/vikra/DOCUME~1/MATLAB/R2022b/ARDUIN~1/ARDUIN~1/FASTER~1\libcomm.a(Wire.o)
                0x0000ada8                vtable for TwoWire
 .rodata.g_APinDescription
                0x0000add0      0x318 C:/Users/vikra/DOCUME~1/MATLAB/R2022b/ARDUIN~1/ARDUIN~1/FASTER~1\libcomm.a(variant.o)
                0x0000add0                g_APinDescription
 .rodata._ZTV4Uart
                0x0000b0e8       0x38 C:/Users/vikra/DOCUME~1/MATLAB/R2022b/ARDUIN~1/ARDUIN~1/FASTER~1\libcore.a(Uart.o)
                0x0000b0e8                vtable for Uart
 .rodata._ZTV7Serial_
                0x0000b120       0x58 C:/Users/vikra/DOCUME~1/MATLAB/R2022b/ARDUIN~1/ARDUIN~1/FASTER~1\libcore.a(CDC.o)
                0x0000b120                vtable for Serial_
 .rodata._ZTV26DoubleBufferedEPOutHandler
                0x0000b178       0x28 C:/Users/vikra/DOCUME~1/MATLAB/R2022b/ARDUIN~1/ARDUIN~1/FASTER~1\libcore.a(USBCore.o)
                0x0000b178                vtable for DoubleBufferedEPOutHandler
 .rodata._ZL15STRING_LANGUAGE
                0x0000b1a0        0x4 C:/Users/vikra/DOCUME~1/MATLAB/R2022b/ARDUIN~1/ARDUIN~1/FASTER~1\libcore.a(USBCore.o)
 .rodata._ZL21USB_DeviceDescriptorB
                0x0000b1a4       0x12 C:/Users/vikra/DOCUME~1/MATLAB/R2022b/ARDUIN~1/ARDUIN~1/FASTER~1\libcore.a(USBCore.o)
 .rodata._ZL19STRING_MANUFACTURER
                0x0000b1b6        0xc C:/Users/vikra/DOCUME~1/MATLAB/R2022b/ARDUIN~1/ARDUIN~1/FASTER~1\libcore.a(USBCore.o)
 .rodata._ZL14STRING_PRODUCT
                0x0000b1c2       0x14 C:/Users/vikra/DOCUME~1/MATLAB/R2022b/ARDUIN~1/ARDUIN~1/FASTER~1\libcore.a(USBCore.o)
 *fill*         0x0000b1d6        0x2 
 .rodata        0x0000b1d8       0x40 c:/programdata/matlab/supportpackages/r2022b/aide/tools/arm-none-eabi-gcc/4.8.3-2014q1/bin/../lib/gcc/arm-none-eabi/4.8.3/armv6-m\libgcc.a(divdf3.o)
 .rodata        0x0000b218       0x40 c:/programdata/matlab/supportpackages/r2022b/aide/tools/arm-none-eabi-gcc/4.8.3-2014q1/bin/../lib/gcc/arm-none-eabi/4.8.3/armv6-m\libgcc.a(muldf3.o)
 .rodata.str1.1
                0x0000b258        0x2 c:/programdata/matlab/supportpackages/r2022b/aide/tools/arm-none-eabi-gcc/4.8.3-2014q1/bin/../lib/gcc/arm-none-eabi/4.8.3/../../../../arm-none-eabi/lib/armv6-m\libg_s.a(lib_a-impure.o)
 *(.eh_frame*)
 *fill*         0x0000b25a        0x2 
 .eh_frame      0x0000b25c        0x0 c:/programdata/matlab/supportpackages/r2022b/aide/tools/arm-none-eabi-gcc/4.8.3-2014q1/bin/../lib/gcc/arm-none-eabi/4.8.3/armv6-m/crtbegin.o
 .eh_frame      0x0000b25c        0x4 c:/programdata/matlab/supportpackages/r2022b/aide/tools/arm-none-eabi-gcc/4.8.3-2014q1/bin/../lib/gcc/arm-none-eabi/4.8.3/armv6-m/crtend.o

.glue_7         0x0000b260        0x0
 .glue_7        0x00000000        0x0 linker stubs

.glue_7t        0x0000b260        0x0
 .glue_7t       0x00000000        0x0 linker stubs

.vfp11_veneer   0x0000b260        0x0
 .vfp11_veneer  0x00000000        0x0 linker stubs

.v4_bx          0x0000b260        0x0
 .v4_bx         0x00000000        0x0 linker stubs

.iplt           0x0000b260        0x0
 .iplt          0x00000000        0x0 c:/programdata/matlab/supportpackages/r2022b/aide/tools/arm-none-eabi-gcc/4.8.3-2014q1/bin/../lib/gcc/arm-none-eabi/4.8.3/armv6-m/crtbegin.o

.rel.dyn        0x0000b260        0x0
 .rel.iplt      0x00000000        0x0 c:/programdata/matlab/supportpackages/r2022b/aide/tools/arm-none-eabi-gcc/4.8.3-2014q1/bin/../lib/gcc/arm-none-eabi/4.8.3/armv6-m/crtbegin.o

.ARM.extab
 *(.ARM.extab* .gnu.linkonce.armextab.*)
                0x0000b260                __exidx_start = .

.ARM.exidx
 *(.ARM.exidx* .gnu.linkonce.armexidx.*)
                0x0000b260                __exidx_end = .
                0x0000b260                __etext = .

.data           0x20000000      0x144 load address 0x0000b260
                0x20000000                __data_start__ = .
 *(vtable)
 *(.data*)
 .data._ZL10mw_I2C_dev
                0x20000000        0x8 MW_arduinoI2C.o
 .data.simulink_rover_control_P
                0x20000008       0x58 simulink_rover_control_data.o
                0x20000008                simulink_rover_control_P
 .data.xcpExtmodeFinalSimulationTime
                0x20000060        0x8 xcp_ext_common.o
                0x20000060                xcpExtmodeFinalSimulationTime
 .data.xcpClassicTriggerDuration
                0x20000068        0x4 xcp_ext_classic_trigger.o
                0x20000068                xcpClassicTriggerDuration
 .data.xcpClassicTriggerArmRequest
                0x2000006c        0x1 xcp_ext_classic_trigger.o
                0x2000006c                xcpClassicTriggerArmRequest
 *fill*         0x2000006d        0x3 
 .data.startStopDaqListId
                0x20000070        0x4 xcp_daq.o
 .data.xcpEventCustomMemoryManager
                0x20000074        0xc xcp_daq.o
 .data.xcpCurrentDaq
                0x20000080        0x4 xcp_daq.o
 .data.xcpCtoReservedMemPoolId
                0x20000084        0x4 xcp_transport.o
 .data.xcpMemMainBlockSizes
                0x20000088        0xc xcp_mem_default.o
 .data.xcpMemMainBlocksNumber
                0x20000094        0xc xcp_mem_default.o
 .data.drvID    0x200000a0        0x4 xcp_drv_rtiostream.o
 .data.xcpCtoReservedMemPoolId
                0x200000a4        0x4 xcp_frame_serial.o
 .data.__fdlib_version
                0x200000a8        0x1 c:/programdata/matlab/supportpackages/r2022b/aide/tools/arm-none-eabi-gcc/4.8.3-2014q1/bin/../lib/gcc/arm-none-eabi/4.8.3/../../../../arm-none-eabi/lib/armv6-m\libm.a(lib_a-s_lib_ver.o)
                0x200000a8                __fdlib_version
 *fill*         0x200000a9        0x3 
 .data.SystemCoreClock
                0x200000ac        0x4 C:/Users/vikra/DOCUME~1/MATLAB/R2022b/ARDUIN~1/ARDUIN~1/FASTER~1\libcore.a(wiring.o)
                0x200000ac                SystemCoreClock
 .data._ZL5ticks
                0x200000b0        0x4 C:/Users/vikra/DOCUME~1/MATLAB/R2022b/ARDUIN~1/ARDUIN~1/FASTER~1\libcore.a(Reset.o)
 .data._serialPeek
                0x200000b4        0x4 C:/Users/vikra/DOCUME~1/MATLAB/R2022b/ARDUIN~1/ARDUIN~1/FASTER~1\libcore.a(CDC.o)
                0x200000b4                _serialPeek
 .data._ZL10breakValue
                0x200000b8        0x4 C:/Users/vikra/DOCUME~1/MATLAB/R2022b/ARDUIN~1/ARDUIN~1/FASTER~1\libcore.a(CDC.o)
 .data._ZL12_usbLineInfo
                0x200000bc        0x8 C:/Users/vikra/DOCUME~1/MATLAB/R2022b/ARDUIN~1/ARDUIN~1/FASTER~1\libcore.a(CDC.o)
 .data.impure_data
                0x200000c4       0x60 c:/programdata/matlab/supportpackages/r2022b/aide/tools/arm-none-eabi-gcc/4.8.3-2014q1/bin/../lib/gcc/arm-none-eabi/4.8.3/../../../../arm-none-eabi/lib/armv6-m\libg_s.a(lib_a-impure.o)
 .data._impure_ptr
                0x20000124        0x4 c:/programdata/matlab/supportpackages/r2022b/aide/tools/arm-none-eabi-gcc/4.8.3-2014q1/bin/../lib/gcc/arm-none-eabi/4.8.3/../../../../arm-none-eabi/lib/armv6-m\libg_s.a(lib_a-impure.o)
                0x20000124                _impure_ptr
                0x20000128                . = ALIGN (0x4)
                0x20000128                PROVIDE (__preinit_array_start, .)
 *(.preinit_array)
                0x20000128                PROVIDE (__preinit_array_end, .)
                0x20000128                . = ALIGN (0x4)
                0x20000128                PROVIDE (__init_array_start, .)
 *(SORT(.init_array.*))
 *(.init_array)
 .init_array    0x20000128        0x4 c:/programdata/matlab/supportpackages/r2022b/aide/tools/arm-none-eabi-gcc/4.8.3-2014q1/bin/../lib/gcc/arm-none-eabi/4.8.3/armv6-m/crtbegin.o
 .init_array    0x2000012c        0x4 C:/Users/vikra/DOCUME~1/MATLAB/R2022b/ARDUIN~1/ARDUIN~1/FASTER~1\libcomm.a(Wire.o)
 .init_array    0x20000130        0x4 C:/Users/vikra/DOCUME~1/MATLAB/R2022b/ARDUIN~1/ARDUIN~1/FASTER~1\libcomm.a(variant.o)
 .init_array    0x20000134        0x4 C:/Users/vikra/DOCUME~1/MATLAB/R2022b/ARDUIN~1/ARDUIN~1/FASTER~1\libcore.a(CDC.o)
 .init_array    0x20000138        0x4 C:/Users/vikra/DOCUME~1/MATLAB/R2022b/ARDUIN~1/ARDUIN~1/FASTER~1\libcore.a(USBCore.o)
                0x2000013c                PROVIDE (__init_array_end, .)
                0x2000013c                . = ALIGN (0x4)
                0x2000013c                PROVIDE (__fini_array_start, .)
 *(SORT(.fini_array.*))
 *(.fini_array)
 .fini_array    0x2000013c        0x4 c:/programdata/matlab/supportpackages/r2022b/aide/tools/arm-none-eabi-gcc/4.8.3-2014q1/bin/../lib/gcc/arm-none-eabi/4.8.3/armv6-m/crtbegin.o
                0x20000140                PROVIDE (__fini_array_end, .)
 *(.jcr*)
 .jcr           0x20000140        0x0 c:/programdata/matlab/supportpackages/r2022b/aide/tools/arm-none-eabi-gcc/4.8.3-2014q1/bin/../lib/gcc/arm-none-eabi/4.8.3/armv6-m/crtbegin.o
 .jcr           0x20000140        0x4 c:/programdata/matlab/supportpackages/r2022b/aide/tools/arm-none-eabi-gcc/4.8.3-2014q1/bin/../lib/gcc/arm-none-eabi/4.8.3/armv6-m/crtend.o
                0x20000144                . = ALIGN (0x4)
                0x20000144                __data_end__ = .

.igot.plt       0x20000144        0x0 load address 0x0000b3a4
 .igot.plt      0x00000000        0x0 c:/programdata/matlab/supportpackages/r2022b/aide/tools/arm-none-eabi-gcc/4.8.3-2014q1/bin/../lib/gcc/arm-none-eabi/4.8.3/armv6-m/crtbegin.o

.bss            0x20000148     0x1688 load address 0x0000b3a8
                0x20000148                . = ALIGN (0x4)
                0x20000148                __bss_start__ = .
 *(.bss*)
 .bss           0x20000148       0x1c c:/programdata/matlab/supportpackages/r2022b/aide/tools/arm-none-eabi-gcc/4.8.3-2014q1/bin/../lib/gcc/arm-none-eabi/4.8.3/armv6-m/crtbegin.o
 .bss.xcpCustomTriggerFunction
                0x20000164        0x8 xcp_ext_mode.o
 .bss.systemRan.12120
                0x2000016c       0x30 simulink_rover_control.o
 *fill*         0x2000019c        0x4 
 .bss.simulink_rover_control_M_
                0x200001a0       0x48 simulink_rover_control.o
 .bss.rt_ExtModeInfo.12119
                0x200001e8       0x14 simulink_rover_control.o
 .bss.xcpModelChecksum0
                0x200001fc        0x4 xcp_ext_common.o
                0x200001fc                xcpModelChecksum0
 .bss.xcpModelStartRequest
                0x20000200        0x1 xcp_ext_common.o
                0x20000200                xcpModelStartRequest
 *fill*         0x20000201        0x3 
 .bss.xcpModelChecksum1
                0x20000204        0x4 xcp_ext_common.o
                0x20000204                xcpModelChecksum1
 .bss.xcpModelChecksum3
                0x20000208        0x4 xcp_ext_common.o
                0x20000208                xcpModelChecksum3
 .bss.xcpModelChecksum2
                0x2000020c        0x4 xcp_ext_common.o
                0x2000020c                xcpModelChecksum2
 .bss.xcpModelIntegerCode
                0x20000210        0x4 xcp_ext_common.o
                0x20000210                xcpModelIntegerCode
 *fill*         0x20000214        0x4 
 .bss.xcpDummyDoubleVariable
                0x20000218        0x8 xcp_ext_common.o
                0x20000218                xcpDummyDoubleVariable
 .bss.xcpModelStopRequest
                0x20000220        0x1 xcp_ext_common.o
                0x20000220                xcpModelStopRequest
 *fill*         0x20000221        0x7 
 .bss.xcpBaseRateSimulationTime
                0x20000228        0x8 xcp_ext_common.o
 .bss.xcpCurrentSimulationTimeInMs
                0x20000230        0x8 xcp_ext_common.o
                0x20000230                xcpCurrentSimulationTimeInMs
 .bss.xcpExtmodeSimulationComplete
                0x20000238        0x1 xcp_ext_common.o
                0x20000238                xcpExtmodeSimulationComplete
 .bss.xcpModelStatus
                0x20000239        0x1 xcp_ext_common.o
                0x20000239                xcpModelStatus
 .bss.xcpClassicTriggerDirection
                0x2000023a        0x1 xcp_ext_classic_trigger.o
                0x2000023a                xcpClassicTriggerDirection
 *fill*         0x2000023b        0x5 
 .bss.xcpOldSignalValue
                0x20000240        0x8 xcp_ext_classic_trigger.o
 .bss.xcpClassicTriggerSignalAddressExtension
                0x20000248        0x1 xcp_ext_classic_trigger.o
                0x20000248                xcpClassicTriggerSignalAddressExtension
 *fill*         0x20000249        0x3 
 .bss.xcpTriggerCount
                0x2000024c        0x4 xcp_ext_classic_trigger.o
 .bss.xcpOldSignalValueAvailable
                0x20000250        0x1 xcp_ext_classic_trigger.o
 *fill*         0x20000251        0x3 
 .bss.xcpClassicTriggerDelay
                0x20000254        0x4 xcp_ext_classic_trigger.o
                0x20000254                xcpClassicTriggerDelay
 .bss.xcpClassicTriggerSignalAddress
                0x20000258        0x4 xcp_ext_classic_trigger.o
                0x20000258                xcpClassicTriggerSignalAddress
 .bss.xcpClassicTriggerEventId
                0x2000025c        0x2 xcp_ext_classic_trigger.o
                0x2000025c                xcpClassicTriggerEventId
 .bss.xcpClassicTriggerCancelRequest
                0x2000025e        0x1 xcp_ext_classic_trigger.o
                0x2000025e                xcpClassicTriggerCancelRequest
 .bss.xcpOldClassicTriggerSource
                0x2000025f        0x1 xcp_ext_classic_trigger.o
 .bss.xcpClassicTriggerSource
                0x20000260        0x1 xcp_ext_classic_trigger.o
                0x20000260                xcpClassicTriggerSource
 .bss.xcpForceTriggerEnableRequest
                0x20000261        0x1 xcp_ext_classic_trigger.o
 .bss.xcpSignalTriggerFired
                0x20000262        0x1 xcp_ext_classic_trigger.o
 .bss.xcpClassicTriggerStatus
                0x20000263        0x1 xcp_ext_classic_trigger.o
                0x20000263                xcpClassicTriggerStatus